D/dalvikvm( 1369): GC_CONCURRENT freed 78K, 44% free 3361K/5959K, external 853K/1043K, paused 2ms+2ms
D/dalvikvm( 1369): GC_EXTERNAL_ALLOC freed 5K, 44% free 3355K/5959K, external 853K/1043K, paused 36ms
E/dalvikvm(  922): Could not find class 'android.app.Notification$Builder', referenced from method com.google.android.music.MusicPlaybackService.alertFailureIfNecessary
W/dalvikvm(  922): VFY: unable to resolve new-instance 20 (Landroid/app/Notification$Builder;) in Lcom/google/android/music/MusicPlaybackService;
D/dalvikvm(  922): VFY: replacing opcode 0x22 at 0x003b
D/dalvikvm(  922): VFY: dead code 0x003d-0073 in Lcom/google/android/music/MusicPlaybackService;.alertFailureIfNecessary (I)V
D/TopLevelActivity( 1369): Using 3D on phone in landscape...
D/TopLevelActivity( 1369): action android.intent.action.MAIN
W/MusicState( 1369): Unknown intent: Intent {  }
I/dalvikvm( 1369): Could not find method android.widget.ListView.setVerticalScrollbarPosition, referenced from method com.google.android.music.RecentBrowserActivity.onCreate
W/dalvikvm( 1369): VFY: unable to resolve virtual method 1290: Landroid/widget/ListView;.setVerticalScrollbarPosition (I)V
D/dalvikvm( 1369): VFY: replacing opcode 0x6e at 0x006d
D/dalvikvm( 1369): VFY: dead code 0x0070-007b in Lcom/google/android/music/RecentBrowserActivity;.onCreate ()V
I/dalvikvm( 1369): Could not find method android.widget.ListView.isFastScrollAlwaysVisible, referenced from method com.google.android.music.RecentBrowserActivity$RecentListAdapter.newView
W/dalvikvm( 1369): VFY: unable to resolve virtual method 1268: Landroid/widget/ListView;.isFastScrollAlwaysVisible ()Z
D/dalvikvm( 1369): VFY: replacing opcode 0x6e at 0x0057
D/dalvikvm( 1369): VFY: dead code 0x005a-005d in Lcom/google/android/music/RecentBrowserActivity$RecentListAdapter;.newView (Landroid/content/Context;Landroid/database/Cursor;Landroid/view/ViewGroup;)Landroid/view/View;
D/dalvikvm(  922): GC_CONCURRENT freed 253K, 44% free 3535K/6279K, external 0K/0K, paused 3ms+11ms
D/dalvikvm(  922): GC_EXTERNAL_ALLOC freed 57K, 45% free 3477K/6279K, external 0K/0K, paused 35ms
D/SyncManager(  180): setSyncAutomatically: , provider com.google.android.music.MusicContent -> false
D/SyncManager(  180): setSyncAutomatically: already set to false, doing nothing
D/SyncManager(  180): setIsSyncable: Account {name=metalmaster193@gmail.com, type=com.google}, provider com.google.android.music.MusicContent -> 0
D/SyncManager(  180): setIsSyncable: already set to 0, doing nothing
D/SyncManager(  180): setSyncAutomatically: , provider com.google.android.music.MusicContent -> false
D/SyncManager(  180): setSyncAutomatically: already set to false, doing nothing
D/SyncManager(  180): setIsSyncable: Account {name=rpathare@terpmail.umd.edu, type=com.google}, provider com.google.android.music.MusicContent -> 0
D/SyncManager(  180): setIsSyncable: already set to 0, doing nothing
I/AsyncCursor2:1( 1369): Initialized for content://com.google.android.music.MusicContent/Recent, proj:_id#RecentAlbumId#album_name#album_artist_id#album_artist#RecentListId#list_name#ListType#hasLocal#hasRemote#KeepOnId, sel: 'null', args: null, order: null
I/dalvikvm( 1369): Could not find method com.google.android.music.MusicExpandableListView.setVerticalScrollbarPosition, referenced from method com.google.android.music.ArtistAlbumBrowserActivity.onCreate
W/dalvikvm( 1369): VFY: unable to resolve virtual method 3518: Lcom/google/android/music/MusicExpandableListView;.setVerticalScrollbarPosition (I)V
D/dalvikvm( 1369): VFY: replacing opcode 0x6e at 0x0073
D/dalvikvm( 1369): VFY: dead code 0x0076-0081 in Lcom/google/android/music/ArtistAlbumBrowserActivity;.onCreate ()V
I/dalvikvm( 1369): Could not find method com.google.android.music.MusicExpandableListView.isFastScrollAlwaysVisible, referenced from method com.google.android.music.ArtistAlbumBrowserActivity$ArtistAlbumListAdapter.newChildView
W/dalvikvm( 1369): VFY: unable to resolve virtual method 3501: Lcom/google/android/music/MusicExpandableListView;.isFastScrollAlwaysVisible ()Z
D/dalvikvm( 1369): VFY: replacing opcode 0x6e at 0x004c
D/dalvikvm( 1369): VFY: dead code 0x004f-0052 in Lcom/google/android/music/ArtistAlbumBrowserActivity$ArtistAlbumListAdapter;.newChildView (Landroid/content/Context;Landroid/database/Cursor;ZLandroid/view/ViewGroup;)Landroid/view/View;
I/dalvikvm( 1369): Could not find method com.google.android.music.MusicExpandableListView.isFastScrollAlwaysVisible, referenced from method com.google.android.music.ArtistAlbumBrowserActivity$ArtistAlbumListAdapter.newGroupView
W/dalvikvm( 1369): VFY: unable to resolve virtual method 3501: Lcom/google/android/music/MusicExpandableListView;.isFastScrollAlwaysVisible ()Z
D/dalvikvm( 1369): VFY: replacing opcode 0x6e at 0x0066
D/dalvikvm( 1369): VFY: dead code 0x0069-006c in Lcom/google/android/music/ArtistAlbumBrowserActivity$ArtistAlbumListAdapter;.newGroupView (Landroid/content/Context;Landroid/database/Cursor;ZLandroid/view/ViewGroup;)Landroid/view/View;
I/AsyncCursor3:1( 1369): Initialized for content://com.google.android.music.MusicContent/artists, proj:_id#artist#KeepOnId#hasLocal#hasRemote, sel: 'null', args: null, order: null
I/dalvikvm( 1369): Could not find method android.widget.ListView.setVerticalScrollbarPosition, referenced from method com.google.android.music.AlbumBrowserActivity.initializeState
W/dalvikvm( 1369): VFY: unable to resolve virtual method 1290: Landroid/widget/ListView;.setVerticalScrollbarPosition (I)V
D/dalvikvm( 1369): VFY: replacing opcode 0x6e at 0x010b
D/dalvikvm( 1369): VFY: dead code 0x010e-0119 in Lcom/google/android/music/AlbumBrowserActivity;.initializeState (Lcom/google/android/music/activitymanagement/MusicState;)V
I/dalvikvm( 1369): Could not find method android.widget.ListView.isFastScrollAlwaysVisible, referenced from method com.google.android.music.AlbumBrowserActivity$AlbumListAdapter.newView
W/dalvikvm( 1369): VFY: unable to resolve virtual method 1268: Landroid/widget/ListView;.isFastScrollAlwaysVisible ()Z
D/dalvikvm( 1369): VFY: replacing opcode 0x6e at 0x0059
D/dalvikvm( 1369): VFY: dead code 0x005c-005f in Lcom/google/android/music/AlbumBrowserActivity$AlbumListAdapter;.newView (Landroid/content/Context;Landroid/database/Cursor;Landroid/view/ViewGroup;)Landroid/view/View;
I/AsyncCursor4:1( 1369): Initialized for content://com.google.android.music.MusicContent/album, proj:_id#album#artist#artist_id#KeepOnId#hasLocal#hasRemote, sel: 'null', args: null, order: null
I/dalvikvm( 1369): Could not find method android.widget.ListView.isFastScrollAlwaysVisible, referenced from method com.google.android.music.TrackBrowserActivity$TrackListAdapter.bindView
W/dalvikvm( 1369): VFY: unable to resolve virtual method 1268: Landroid/widget/ListView;.isFastScrollAlwaysVisible ()Z
D/dalvikvm( 1369): VFY: replacing opcode 0x74 at 0x02bc
D/dalvikvm( 1369): VFY: dead code 0x02bf-02d2 in Lcom/google/android/music/TrackBrowserActivity$TrackListAdapter;.bindView (Landroid/view/View;Landroid/content/Context;Landroid/database/Cursor;)V
I/dalvikvm( 1369): Could not find method android.widget.ListView.setVerticalScrollbarPosition, referenced from method com.google.android.music.TrackBrowserActivity$TrackListAdapter.onContentChanged
W/dalvikvm( 1369): VFY: unable to resolve virtual method 1290: Landroid/widget/ListView;.setVerticalScrollbarPosition (I)V
D/dalvikvm( 1369): VFY: replacing opcode 0x6e at 0x0091
I/dalvikvm( 1369): Could not find method android.widget.ListView.setFastScrollAlwaysVisible, referenced from method com.google.android.music.TrackBrowserActivity$TrackListAdapter.onContentChanged
W/dalvikvm( 1369): VFY: unable to resolve virtual method 1277: Landroid/widget/ListView;.setFastScrollAlwaysVisible (Z)V
D/dalvikvm( 1369): VFY: replacing opcode 0x6e at 0x010c
D/dalvikvm( 1369): VFY: dead code 0x0094-00dd in Lcom/google/android/music/TrackBrowserActivity$TrackListAdapter;.onContentChanged ()V
D/dalvikvm( 1369): VFY: dead code 0x010f-0144 in Lcom/google/android/music/TrackBrowserActivity$TrackListAdapter;.onContentChanged ()V
I/AsyncCursor5:1( 1369): Initialized for content://com.google.android.music.MusicContent/audio, proj:_id#title#album#artist#AlbumArtistId#duration#album_id#hasRemote#hasLocal#year#Genre#StoreId, sel: 'null', args: null, order: null
I/dalvikvm( 1369): Could not find method android.widget.ListView.setVerticalScrollbarPosition, referenced from method com.google.android.music.PlaylistBrowserActivity.onCreate
W/dalvikvm( 1369): VFY: unable to resolve virtual method 1290: Landroid/widget/ListView;.setVerticalScrollbarPosition (I)V
D/dalvikvm( 1369): VFY: replacing opcode 0x6e at 0x0068
D/dalvikvm( 1369): VFY: dead code 0x006b-0076 in Lcom/google/android/music/PlaylistBrowserActivity;.onCreate ()V
I/dalvikvm( 1369): Could not find method android.widget.ListView.isFastScrollAlwaysVisible, referenced from method com.google.android.music.PlaylistBrowserActivity$PlaylistListAdapter.newView
W/dalvikvm( 1369): VFY: unable to resolve virtual method 1268: Landroid/widget/ListView;.isFastScrollAlwaysVisible ()Z
D/dalvikvm( 1369): VFY: replacing opcode 0x6e at 0x003d
D/dalvikvm( 1369): VFY: dead code 0x0040-0043 in Lcom/google/android/music/PlaylistBrowserActivity$PlaylistListAdapter;.newView (Landroid/content/Context;Landroid/database/Cursor;Landroid/view/ViewGroup;)Landroid/view/View;
I/dalvikvm( 1369): Could not find method com.google.android.music.MusicExpandableListView.setVerticalScrollbarPosition, referenced from method com.google.android.music.GenreAlbumBrowserActivity.onCreate
W/dalvikvm( 1369): VFY: unable to resolve virtual method 3518: Lcom/google/android/music/MusicExpandableListView;.setVerticalScrollbarPosition (I)V
D/dalvikvm( 1369): VFY: replacing opcode 0x6e at 0x0072
D/dalvikvm( 1369): VFY: dead code 0x0075-0080 in Lcom/google/android/music/GenreAlbumBrowserActivity;.onCreate ()V
I/dalvikvm( 1369): Could not find method com.google.android.music.MusicExpandableListView.isFastScrollAlwaysVisible, referenced from method com.google.android.music.GenreAlbumBrowserActivity$GenreAlbumListAdapter.newChildView
W/dalvikvm( 1369): VFY: unable to resolve virtual method 3501: Lcom/google/android/music/MusicExpandableListView;.isFastScrollAlwaysVisible ()Z
D/dalvikvm( 1369): VFY: replacing opcode 0x6e at 0x004f
D/dalvikvm( 1369): VFY: dead code 0x0052-0055 in Lcom/google/android/music/GenreAlbumBrowserActivity$GenreAlbumListAdapter;.newChildView (Landroid/content/Context;Landroid/database/Cursor;ZLandroid/view/ViewGroup;)Landroid/view/View;
I/dalvikvm( 1369): Could not find method com.google.android.music.MusicExpandableListView.isFastScrollAlwaysVisible, referenced from method com.google.android.music.GenreAlbumBrowserActivity$GenreAlbumListAdapter.newGroupView
W/dalvikvm( 1369): VFY: unable to resolve virtual method 3501: Lcom/google/android/music/MusicExpandableListView;.isFastScrollAlwaysVisible ()Z
D/dalvikvm( 1369): VFY: replacing opcode 0x6e at 0x0069
D/dalvikvm( 1369): VFY: dead code 0x006c-006f in Lcom/google/android/music/GenreAlbumBrowserActivity$GenreAlbumListAdapter;.newGroupView (Landroid/content/Context;Landroid/database/Cursor;ZLandroid/view/ViewGroup;)Landroid/view/View;
I/AsyncCursor7:1( 1369): Initialized for content://com.google.android.music.MusicContent/genres, proj:_id#name#hasLocal#hasRemote, sel: 'null', args: null, order: null
I/AsyncCursor6:10( 1369): Initialized for content://com.google.android.music.MusicContent/playlists, proj:_id#name#ListType#KeepOnId#hasRemote#hasLocal, sel: '', args: null, order: null
D/SyncManager(  180): setSyncAutomatically: , provider com.google.android.music.MusicContent -> false
D/SyncManager(  180): setSyncAutomatically: already set to false, doing nothing
D/SyncManager(  180): setIsSyncable: Account {name=metalmaster193@gmail.com, type=com.google}, provider com.google.android.music.MusicContent -> 0
D/SyncManager(  180): setIsSyncable: already set to 0, doing nothing
D/SyncManager(  180): setSyncAutomatically: , provider com.google.android.music.MusicContent -> false
D/SyncManager(  180): setSyncAutomatically: already set to false, doing nothing
D/SyncManager(  180): setIsSyncable: Account {name=rpathare@terpmail.umd.edu, type=com.google}, provider com.google.android.music.MusicContent -> 0
D/SyncManager(  180): setIsSyncable: already set to 0, doing nothing
I/CheckMusicStoreAvail( 1369): Starting account signup check
D/dalvikvm( 1369): GC_CONCURRENT freed 175K, 43% free 3674K/6343K, external 1411K/1678K, paused 2ms+3ms
I/AsyncCursor2:11(  922): Initialized for content://com.google.android.music.MusicContent/album/487074623/audio, proj:_id#duration, sel: 'null', args: null, order: null
I/AudioService(  180):   Remote Control   registerMediaButtonEventReceiver() for ComponentInfo{com.google.android.music/com.google.android.music.MediaButtonIntentReceiver}
D/dalvikvm( 1369): GC_EXTERNAL_ALLOC freed 62K, 43% free 3678K/6343K, external 1675K/1678K, paused 40ms
D/dalvikvm( 1369): GC_EXTERNAL_ALLOC freed <1K, 43% free 3678K/6343K, external 1810K/2322K, paused 36ms
I/ActivityManager(  180): Displayed com.google.android.music/com.android.music.activitymanagement.TopLevelActivity: +1s910ms
I/MediaStoreImporter(  922): Update: incremental Added music: 0 Updated music: 0 Deleted music: 0 Created playlists: 0 Updated playlists: 0 Deleted playlists: 0 Inserted playlist items: 0 Deleted playlist items: 0 Removed orphaned playlist items: 0
D/dalvikvm(  922): GC_CONCURRENT freed 299K, 44% free 3660K/6471K, external 3K/515K, paused 3ms+2ms
D/dalvikvm(  180): GC_EXPLICIT freed 453K, 36% free 7330K/11335K, external 4423K/5514K, paused 87ms
D/BluetoothA2dpService(  180): Meta data info is trackname: The Frames That Used To Greet Me artist: Into It. Over It.
D/BluetoothA2dpService(  180): mMediaNumber: 4614 mediaCount 0
D/BluetoothA2dpService(  180): mPostion 0 album: Properduration 0
I/ActivityManager(  180): Start proc fm.last.android for broadcast fm.last.android/.RadioWidgetProvider: pid=1399 uid=10102 gids={3003, 1007, 1015}
D/dalvikvm( 1399): Debugger has detached; object registry had 1 entries
I/ActivityThread( 1399): Pub lastfm: fm.last.android.SearchProvider
I/ActivityManager(  180): Start proc fm.last.android:scrobbler for service fm.last.android/.scrobbler.ScrobblerService: pid=1409 uid=10102 gids={3003, 1007, 1015}
D/lastfm.db.t_scrobblerqueue( 1409): SELECT * FROM t_scrobblerqueue WHERE CurrentTrack=1
D/lastfm.db.t_scrobblerqueue( 1409): SELECT count(*) FROM t_scrobblerqueue WHERE CurrentTrack=0
D/lastfm.db.t_scrobblerqueue( 1409): Found 0 entries
D/lastfm.db.t_scrobblerqueue( 1409): DELETE FROM t_scrobblerqueue WHERE CurrentTrack=1
I/ActivityManager(  180): No longer want com.bigtincan.android.adfree (pid 1043): hidden #16
D/lastfm.db.t_scrobblerqueue( 1409): SELECT count(*) FROM t_scrobblerqueue WHERE CurrentTrack=0
D/lastfm.db.t_scrobblerqueue( 1409): Found 0 entries
I/ActivityManager(  180): Start proc fm.last.android:player for service fm.last.android/.player.RadioPlayerService: pid=1421 uid=10102 gids={3003, 1007, 1015}
I/fm.last.android.player( 1421): Player service started
I/ActivityManager(  180): No longer want com.google.android.apps.docs (pid 1029): hidden #16
I/fm.last.android.player( 1421): Player service shutting down
I/fm.last.android.player( 1421): Player service started
D/lastfm.db.t_recentstations( 1399): SELECT * FROM t_recentstations ORDER BY Timestamp DESC LIMIT 4
I/fm.last.android.player( 1421): Player service shutting down
D/lastfm.db.t_recentstations( 1399): SELECT * FROM t_recentstations ORDER BY Timestamp DESC LIMIT 4
D/dalvikvm( 1421): GC_CONCURRENT freed 239K, 49% free 2881K/5639K, external 0K/0K, paused 2ms+2ms
D/BluetoothA2dpService(  180): Meta data info is trackname: The Frames That Used To Greet Me artist: Into It. Over It.
D/BluetoothA2dpService(  180): mMediaNumber: 4614 mediaCount 0
D/BluetoothA2dpService(  180): mPostion 0 album: Properduration 0
D/lastfm.db.t_scrobblerqueue( 1409): SELECT * FROM t_scrobblerqueue WHERE CurrentTrack=1
D/lastfm.db.t_scrobblerqueue( 1409): SELECT count(*) FROM t_scrobblerqueue WHERE CurrentTrack=0
D/lastfm.db.t_scrobblerqueue( 1409): Found 0 entries
D/lastfm.db.t_scrobblerqueue( 1409): SELECT count(*) FROM t_scrobblerqueue WHERE CurrentTrack=0
D/lastfm.db.t_scrobblerqueue( 1409): Found 0 entries
D/lastfm.db.t_scrobblerqueue( 1409): DELETE FROM t_scrobblerqueue WHERE CurrentTrack=1
I/fm.last.android.player( 1421): Player service started
I/fm.last.android.player( 1421): Player service shutting down
D/lastfm.db.t_recentstations( 1399): SELECT * FROM t_recentstations ORDER BY Timestamp DESC LIMIT 4
D/BluetoothA2dpService(  180): Meta data info is trackname: The Frames That Used To Greet Me artist: Into It. Over It.
D/BluetoothA2dpService(  180): mMediaNumber: 4614 mediaCount 0
D/BluetoothA2dpService(  180): mPostion 0 album: Properduration 0
D/lastfm.db.t_scrobblerqueue( 1409): SELECT * FROM t_scrobblerqueue WHERE CurrentTrack=1
D/lastfm.db.t_scrobblerqueue( 1409): SELECT count(*) FROM t_scrobblerqueue WHERE CurrentTrack=0
D/lastfm.db.t_scrobblerqueue( 1409): Found 0 entries
D/lastfm.db.t_scrobblerqueue( 1409): SELECT count(*) FROM t_scrobblerqueue WHERE CurrentTrack=0
D/lastfm.db.t_scrobblerqueue( 1409): Found 0 entries
D/lastfm.db.t_scrobblerqueue( 1409): DELETE FROM t_scrobblerqueue WHERE CurrentTrack=1
I/fm.last.android.player( 1421): Player service started
I/fm.last.android.player( 1421): Player service shutting down
D/lastfm.db.t_recentstations( 1399): SELECT * FROM t_recentstations ORDER BY Timestamp DESC LIMIT 4
D/BluetoothA2dpService(  180): Meta data info is trackname: The Frames That Used To Greet Me artist: Into It. Over It.
D/BluetoothA2dpService(  180): mMediaNumber: 4614 mediaCount 0
D/BluetoothA2dpService(  180): mPostion 0 album: Properduration 0
D/lastfm.db.t_scrobblerqueue( 1409): SELECT * FROM t_scrobblerqueue WHERE CurrentTrack=1
D/dalvikvm( 1369): GC_CONCURRENT freed 336K, 42% free 4053K/6919K, external 2226K/3104K, paused 2ms+3ms
D/lastfm.db.t_scrobblerqueue( 1409): SELECT count(*) FROM t_scrobblerqueue WHERE CurrentTrack=0
D/lastfm.db.t_scrobblerqueue( 1409): Found 0 entries
D/lastfm.db.t_scrobblerqueue( 1409): SELECT count(*) FROM t_scrobblerqueue WHERE CurrentTrack=0
D/lastfm.db.t_scrobblerqueue( 1409): Found 0 entries
D/lastfm.db.t_scrobblerqueue( 1409): DELETE FROM t_scrobblerqueue WHERE CurrentTrack=1
I/fm.last.android.player( 1421): Player service started
I/fm.last.android.player( 1421): Player service shutting down
D/lastfm.db.t_recentstations( 1399): SELECT * FROM t_recentstations ORDER BY Timestamp DESC LIMIT 4
I/AsyncCursor8:1( 1369): Initialized for content://com.google.android.music.MusicContent/album/487074623/audio, proj:_id#title#album#artist#AlbumArtistId#duration#album_id#hasRemote#hasLocal#year#Genre#StoreId, sel: 'null', args: null, order: null
D/dalvikvm( 1146): GC_EXPLICIT freed 36K, 49% free 2822K/5511K, external 0K/0K, paused 44ms
D/dalvikvm( 1369): GC_EXTERNAL_ALLOC freed 306K, 40% free 4317K/7111K, external 2595K/2621K, paused 46ms
E/NetworkMonitorServiceConn( 1369): NetworkMonitorServiceConnection not unbinded cleanly
E/NetworkMonitorServiceConn( 1369): java.lang.Throwable
E/NetworkMonitorServiceConn( 1369): 	at com.google.android.music.NetworkMonitorServiceConnection.finalize(NetworkMonitorServiceConnection.java:142)
E/NetworkMonitorServiceConn( 1369): 	at dalvik.system.NativeStart.run(Native Method)
D/dalvikvm( 1369): GC_EXTERNAL_ALLOC freed 18K, 40% free 4304K/7111K, external 2339K/2921K, paused 42ms
D/dalvikvm( 1369): GC_EXTERNAL_ALLOC freed <1K, 40% free 4304K/7111K, external 3633K/4536K, paused 41ms
D/dalvikvm(  922): GC_CONCURRENT freed 385K, 45% free 3681K/6599K, external 0K/512K, paused 2ms+11ms
I/AudioService(  180):   Remote Control   registerMediaButtonEventReceiver() for ComponentInfo{com.google.android.music/com.google.android.music.MediaButtonIntentReceiver}
I/AsyncCursor3:11(  922): Initialized for content://com.google.android.music.MusicContent/album/487074623/audio, proj:_id#duration, sel: 'null', args: null, order: null
D/dalvikvm(  314): GC_CONCURRENT freed 323K, 46% free 3359K/6215K, external 0K/512K, paused 2ms+10ms
D/dalvikvm( 1369): GC_EXTERNAL_ALLOC freed 145K, 38% free 4512K/7175K, external 2979K/3237K, paused 42ms
D/dalvikvm( 1369): GC_EXTERNAL_ALLOC freed 30K, 38% free 4482K/7175K, external 4333K/5299K, paused 42ms
D/dalvikvm( 1369): GC_EXTERNAL_ALLOC freed <1K, 38% free 4483K/7175K, external 6545K/6610K, paused 46ms
D/dalvikvm( 1369): GC_EXTERNAL_ALLOC freed <1K, 38% free 4483K/7175K, external 6651K/6667K, paused 44ms
D/dalvikvm( 1369): GC_EXTERNAL_ALLOC freed <1K, 38% free 4483K/7175K, external 4205K/5362K, paused 42ms
D/dalvikvm( 1369): GC_EXTERNAL_ALLOC freed <1K, 38% free 4483K/7175K, external 4546K/5564K, paused 41ms
D/dalvikvm( 1369): GC_EXTERNAL_ALLOC freed <1K, 38% free 4483K/7175K, external 6734K/6752K, paused 43ms
D/BluetoothA2dpService(  180): Meta data info is trackname: Embracing Facts artist: Into It. Over It.
D/BluetoothA2dpService(  180): mMediaNumber: 4602 mediaCount 0
D/BluetoothA2dpService(  180): mPostion 0 album: Properduration 0
D/lastfm.db.t_scrobblerqueue( 1409): SELECT * FROM t_scrobblerqueue WHERE CurrentTrack=1
E/MusicDL (  922): DownloadManager.getStreamingDownload([4602, DEFAULT]) could not find item in mPredictiveSongList
D/lastfm.db.t_scrobblerqueue( 1409): SELECT count(*) FROM t_scrobblerqueue WHERE CurrentTrack=0
D/lastfm.db.t_scrobblerqueue( 1409): Found 0 entries
D/lastfm.db.t_scrobblerqueue( 1409): SELECT count(*) FROM t_scrobblerqueue WHERE CurrentTrack=0
D/lastfm.db.t_scrobblerqueue( 1409): Found 0 entries
D/lastfm.db.t_scrobblerqueue( 1409): DELETE FROM t_scrobblerqueue WHERE CurrentTrack=1
I/fm.last.android.player( 1421): Player service started
I/fm.last.android.player( 1421): Player service shutting down
D/lastfm.db.t_recentstations( 1399): SELECT * FROM t_recentstations ORDER BY Timestamp DESC LIMIT 4
D/BluetoothA2dpService(  180): Meta data info is trackname: Embracing Facts artist: Into It. Over It.
D/BluetoothA2dpService(  180): mMediaNumber: 4602 mediaCount 0
D/BluetoothA2dpService(  180): mPostion 0 album: Properduration 0
D/lastfm.db.t_scrobblerqueue( 1409): SELECT * FROM t_scrobblerqueue WHERE CurrentTrack=1
E/MusicDL (  922): DownloadManager.getStreamingDownload([4602, DEFAULT]) could not find item in mPredictiveSongList
D/lastfm.db.t_scrobblerqueue( 1409): SELECT count(*) FROM t_scrobblerqueue WHERE CurrentTrack=0
D/lastfm.db.t_scrobblerqueue( 1409): Found 0 entries
D/lastfm.db.t_scrobblerqueue( 1409): SELECT count(*) FROM t_scrobblerqueue WHERE CurrentTrack=0
D/lastfm.db.t_scrobblerqueue( 1409): Found 0 entries
D/lastfm.db.t_scrobblerqueue( 1409): DELETE FROM t_scrobblerqueue WHERE CurrentTrack=1
I/fm.last.android.player( 1421): Player service started
I/fm.last.android.player( 1421): Player service shutting down
D/lastfm.db.t_recentstations( 1399): SELECT * FROM t_recentstations ORDER BY Timestamp DESC LIMIT 4
D/BluetoothA2dpService(  180): Meta data info is trackname: Embracing Facts artist: Into It. Over It.
D/BluetoothA2dpService(  180): mMediaNumber: 4602 mediaCount 0
D/BluetoothA2dpService(  180): mPostion 0 album: Properduration 0
D/lastfm.db.t_scrobblerqueue( 1409): SELECT * FROM t_scrobblerqueue WHERE CurrentTrack=1
E/MusicDL (  922): DownloadManager.getStreamingDownload([4602, DEFAULT]) could not find item in mPredictiveSongList
D/lastfm.db.t_scrobblerqueue( 1409): SELECT count(*) FROM t_scrobblerqueue WHERE CurrentTrack=0
D/lastfm.db.t_scrobblerqueue( 1409): Found 0 entries
D/lastfm.db.t_scrobblerqueue( 1409): SELECT count(*) FROM t_scrobblerqueue WHERE CurrentTrack=0
D/lastfm.db.t_scrobblerqueue( 1409): Found 0 entries
D/lastfm.db.t_scrobblerqueue( 1409): DELETE FROM t_scrobblerqueue WHERE CurrentTrack=1
I/fm.last.android.player( 1421): Player service started
I/fm.last.android.player( 1421): Player service shutting down
D/lastfm.db.t_recentstations( 1399): SELECT * FROM t_recentstations ORDER BY Timestamp DESC LIMIT 4
D/lastfm.db.t_scrobblerqueue( 1409): SELECT * FROM t_scrobblerqueue WHERE CurrentTrack=1
D/lastfm.db.t_scrobblerqueue( 1409): SELECT count(*) FROM t_scrobblerqueue WHERE CurrentTrack=0
D/lastfm.db.t_scrobblerqueue( 1409): Found 0 entries
D/lastfm.db.t_scrobblerqueue( 1409): DELETE FROM t_scrobblerqueue WHERE CurrentTrack=1
I/AsyncCursor9:1( 1369): Initialized for content://com.google.android.music.MusicContent/album/487074623/audio, proj:_id#title#album#artist#AlbumArtistId#duration#album_id#hasRemote#hasLocal#year#Genre#StoreId, sel: 'null', args: null, order: null
D/MusicDL (  922): Event logging MUSIC_START_PLAYBACK_REQUESTED: [4602, DEFAULT]/2f7e41c9-2624-3582-aff6-725f9ca26fc2: cache hit
D/dalvikvm( 1409): GC_CONCURRENT freed 209K, 49% free 2906K/5639K, external 0K/0K, paused 2ms+10ms
I/AudioService(  180):  AudioFocus  requestAudioFocus() from android.media.AudioManager@406203b8com.google.android.music.MusicPlaybackService$8@406899f0
I/AudioService(  180):   Remote Control   registerMediaButtonEventReceiver() for ComponentInfo{com.google.android.music/com.google.android.music.MediaButtonIntentReceiver}
I/Effect-DRC(  129): Compression factor set to: 1.000000
I/Effect-BassBoost(  129): New strength: 0
I/Effect-Equalizer(  129): Setting band 2 to 0
I/Effect-Equalizer(  129): Setting band 2 to 1
I/Effect-Equalizer(  129): Setting band 2 to 2
I/Effect-Equalizer(  129): Setting band 2 to 3
I/Effect-Equalizer(  129): Setting band 2 to 4
I/Effect-Equalizer(  129): Setting loudness correction reference to 100.000000 dB
D/BluetoothA2dpService(  180): PlayState changed 0
D/lastfm.db.t_scrobblerqueue( 1409): SELECT * FROM t_scrobblerqueue WHERE CurrentTrack=1
I/fm.last.android.player( 1421): Player service started
I/fm.last.android.player( 1421): Player service shutting down
D/lastfm.db.t_recentstations( 1399): SELECT * FROM t_recentstations ORDER BY Timestamp DESC LIMIT 4
I/fm.last.android.player( 1421): Player service started
I/fm.last.android.player( 1421): Player service shutting down
D/lastfm.db.t_recentstations( 1399): SELECT * FROM t_recentstations ORDER BY Timestamp DESC LIMIT 4
I/Effect-DRC(  129): Compression factor set to: 1.000000
I/Effect-BassBoost(  129): New strength: 0
I/Effect-Equalizer(  129): Setting band 2 to 0
I/Effect-Equalizer(  129): Setting band 2 to 1
I/Effect-Equalizer(  129): Setting band 2 to 2
I/Effect-Equalizer(  129): Setting band 2 to 3
I/Effect-Equalizer(  129): Setting band 2 to 4
I/Effect-Equalizer(  129): Setting loudness correction reference to 100.000000 dB
W/AudioFlinger(  129): write blocked for 178 msecs, 2 delayed writes, thread 0xec40
D/lastfm.db.t_scrobblerqueue( 1409): SELECT count(*) FROM t_scrobblerqueue WHERE CurrentTrack=0
D/lastfm.db.t_scrobblerqueue( 1409): Found 0 entries
D/NetworkRequestUtil/ConstructPageviewRequestPath( 1409): /__utm.gif?utmwv=4.5ma&utmn=349321907&utmcs=UTF-8&utmsr=480x800&utmul=en-US&utmp=%2FProfile&utmac=UA-11993480-1&utmcc=__utma%3D999.795882081.1326237718.1326237718.1326237718.1
W/googleanalytics( 1409): Problem with socket or streams.
W/googleanalytics( 1409): java.net.ConnectException: www.google-analytics.com/127.0.0.1:80 - Connection refused
W/googleanalytics( 1409): 	at org.apache.harmony.luni.net.PlainSocketImpl.connect(PlainSocketImpl.java:207)
W/googleanalytics( 1409): 	at org.apache.harmony.luni.net.PlainSocketImpl.connect(PlainSocketImpl.java:437)
W/googleanalytics( 1409): 	at java.net.Socket.connect(Socket.java:983)
W/googleanalytics( 1409): 	at org.apache.http.conn.scheme.PlainSocketFactory.connectSocket(PlainSocketFactory.java:119)
W/googleanalytics( 1409): 	at com.google.android.apps.analytics.PipelinedRequester.maybeOpenConnection(Unknown Source)
W/googleanalytics( 1409): 	at com.google.android.apps.analytics.PipelinedRequester.addRequest(Unknown Source)
W/googleanalytics( 1409): 	at com.google.android.apps.analytics.NetworkDispatcher$DispatcherThread$AsyncDispatchTask.dispatchSomePendingEvents(Unknown Source)
W/googleanalytics( 1409): 	at com.google.android.apps.analytics.NetworkDispatcher$DispatcherThread$AsyncDispatchTask.run(Unknown Source)
W/googleanalytics( 1409): 	at android.os.Handler.handleCallback(Handler.java:587)
W/googleanalytics( 1409): 	at android.os.Handler.dispatchMessage(Handler.java:92)
W/googleanalytics( 1409): 	at android.os.Looper.loop(Looper.java:130)
W/googleanalytics( 1409): 	at android.os.HandlerThread.run(HandlerThread.java:60)
D/lastfm.db.t_scrobblerqueue( 1409): SELECT count(*) FROM t_scrobblerqueue WHERE CurrentTrack=0
D/lastfm.db.t_scrobblerqueue( 1409): Found 0 entries
D/lastfm.db.t_scrobblerqueue( 1409): DELETE FROM t_scrobblerqueue WHERE CurrentTrack=1
D/dalvikvm( 1409): GC_CONCURRENT freed 356K, 50% free 2968K/5831K, external 0K/0K, paused 2ms+7ms
D/lastfm.db.t_scrobblerqueue( 1409): Inserted/replaced row with values PostedNowPlaying=true Loved=false Rating= Duration=115000 StartTime=1330654362 Artist=Into It. Over It. TrackAuth= Title=Embracing Facts Album=Proper CurrentTrack=true
D/dalvikvm(  302): GC_EXPLICIT freed 98K, 58% free 3472K/8135K, external 7988K/8210K, paused 71ms
W/KeyCharacterMap( 1369): Bad keycharmap - filesize=32
W/KeyCharacterMap( 1369): Error loading keycharmap file '/system/usr/keychars/incrediblec-keypad.kcm.bin'. hw.keyboards.0.devname='incrediblec-keypad'
W/KeyCharacterMap( 1369): Using default keymap: /system/usr/keychars/qwerty.kcm.bin
D/dalvikvm( 1120): GC_CONCURRENT freed 243K, 50% free 3086K/6087K, external 0K/0K, paused 2ms+74ms
D/dalvikvm( 1017): GC_EXPLICIT freed 122K, 51% free 2898K/5895K, external 0K/0K, paused 33ms
D/MediaPlaybackService(  922): Event logging MUSIC_PAUSE_PLAYBACK_REQUESTED: [4602, DEFAULT]/2f7e41c9-2624-3582-aff6-725f9ca26fc2
I/Effect-BassBoost(  129): New strength: 0
I/Effect-Equalizer(  129): Setting band 2 to 0
D/BluetoothA2dpService(  180): PlayState changed 0
D/lastfm.db.t_scrobblerqueue( 1409): SELECT * FROM t_scrobblerqueue WHERE CurrentTrack=1
I/Effect-Equalizer(  129): Setting band 2 to 1
I/Effect-Equalizer(  129): Setting band 2 to 2
I/Effect-Equalizer(  129): Setting band 2 to 3
I/Effect-Equalizer(  129): Setting band 2 to 4
I/Effect-Equalizer(  129): Setting loudness correction reference to 100.000000 dB
I/fm.last.android.player( 1421): Player service started
I/fm.last.android.player( 1421): Player service shutting down
D/lastfm.db.t_recentstations( 1399): SELECT * FROM t_recentstations ORDER BY Timestamp DESC LIMIT 4
D/lastfm.db.t_scrobblerqueue( 1409): SELECT count(*) FROM t_scrobblerqueue WHERE CurrentTrack=0
D/lastfm.db.t_scrobblerqueue( 1409): Found 0 entries
D/dalvikvm(  922): GC_CONCURRENT freed 330K, 44% free 3736K/6599K, external 0K/512K, paused 3ms+4ms
D/NetworkRequestUtil/ConstructPageviewRequestPath( 1409): /__utm.gif?utmwv=4.5ma&utmn=349321907&utmcs=UTF-8&utmsr=480x800&utmul=en-US&utmp=%2FProfile&utmac=UA-11993480-1&utmcc=__utma%3D999.795882081.1326237718.1326237718.1326237718.1
W/googleanalytics( 1409): Problem with socket or streams.
W/googleanalytics( 1409): java.net.ConnectException: www.google-analytics.com/127.0.0.1:80 - Connection refused
W/googleanalytics( 1409): 	at org.apache.harmony.luni.net.PlainSocketImpl.connect(PlainSocketImpl.java:207)
W/googleanalytics( 1409): 	at org.apache.harmony.luni.net.PlainSocketImpl.connect(PlainSocketImpl.java:437)
W/googleanalytics( 1409): 	at java.net.Socket.connect(Socket.java:983)
W/googleanalytics( 1409): 	at org.apache.http.conn.scheme.PlainSocketFactory.connectSocket(PlainSocketFactory.java:119)
W/googleanalytics( 1409): 	at com.google.android.apps.analytics.PipelinedRequester.maybeOpenConnection(Unknown Source)
W/googleanalytics( 1409): 	at com.google.android.apps.analytics.PipelinedRequester.addRequest(Unknown Source)
W/googleanalytics( 1409): 	at com.google.android.apps.analytics.NetworkDispatcher$DispatcherThread$AsyncDispatchTask.dispatchSomePendingEvents(Unknown Source)
W/googleanalytics( 1409): 	at com.google.android.apps.analytics.NetworkDispatcher$DispatcherThread$AsyncDispatchTask.run(Unknown Source)
W/googleanalytics( 1409): 	at android.os.Handler.handleCallback(Handler.java:587)
W/googleanalytics( 1409): 	at android.os.Handler.dispatchMessage(Handler.java:92)
W/googleanalytics( 1409): 	at android.os.Looper.loop(Looper.java:130)
W/googleanalytics( 1409): 	at android.os.HandlerThread.run(HandlerThread.java:60)
D/lastfm.db.t_scrobblerqueue( 1409): SELECT count(*) FROM t_scrobblerqueue WHERE CurrentTrack=0
D/lastfm.db.t_scrobblerqueue( 1409): Found 0 entries
D/lastfm.db.t_scrobblerqueue( 1409): DELETE FROM t_scrobblerqueue WHERE CurrentTrack=1
D/AudioHardwareQSD(  129): AudioHardware pcm playback is going to standby.
I/ActivityManager(  180): Starting: Intent { act=android.intent.action.MAIN cat=[android.intent.category.HOME] flg=0x10200000 cmp=com.android.launcher/.Launcher } from pid 180
W/IInputConnectionWrapper( 1369): showStatusIcon on inactive InputConnection
I/ActivityManager(  180): No longer want com.cyanogenmod.android.fotakill (pid 1053): hidden #16
I/ActivityManager(  180): Starting: Intent { act=android.intent.action.MAIN cat=[android.intent.category.HOME] flg=0x10200000 cmp=com.android.launcher/.Launcher } from pid 180
D/dalvikvm(  302): GC_EXTERNAL_ALLOC freed 88K, 57% free 3554K/8135K, external 8002K/8210K, paused 69ms
I/ActivityManager(  180): Starting: Intent { act=com.android.launcher.action.launcheraction flg=0x10000000 cmp=com.android.launcher/.CustomShirtcutActivity bnds=[192,723][288,800] (has extras) } from pid 302
W/InputManagerService(  180): Window already focused, ignoring focus gain of: com.android.internal.view.IInputMethodClient$Stub$Proxy@40be4fc0
I/ActivityManager(  180): Starting: Intent { act=android.intent.action.MAIN cat=[android.intent.category.LAUNCHER] flg=0x10200000 cmp=com.android.calculator2/.Calculator } from pid 302
I/ActivityManager(  180): Start proc com.android.calculator2 for activity com.android.calculator2/.Calculator: pid=1548 uid=10024 gids={}
D/dalvikvm( 1548): Debugger has detached; object registry had 1 entries
D/dalvikvm( 1548): GC_EXTERNAL_ALLOC freed 43K, 51% free 2688K/5379K, external 0K/0K, paused 48ms
D/dalvikvm(  180): GC_EXPLICIT freed 964K, 36% free 7335K/11335K, external 1549K/2052K, paused 100ms
I/ActivityManager(  180): Displayed com.android.calculator2/.Calculator: +441ms (total +2s640ms)
D/dalvikvm(  922): GC_EXPLICIT freed 94K, 45% free 3644K/6599K, external 0K/512K, paused 62ms
D/dalvikvm( 1120): GC_CONCURRENT freed 474K, 50% free 3076K/6087K, external 0K/0K, paused 2ms+4ms
D/dalvikvm( 1003): GC_EXPLICIT freed 1282K, 47% free 5063K/9479K, external 945K/1457K, paused 86ms
I/ActivityManager(  180): Starting: Intent { act=android.intent.action.MAIN cat=[android.intent.category.HOME] flg=0x10200000 cmp=com.android.launcher/.Launcher } from pid 180
D/PhoneWindow( 1548): couldn't save which view has focus because the focused view android.widget.EditText@4061b500 has no id.
I/ActivityManager(  180): No longer want com.google.android.partnersetup (pid 1062): hidden #16
I/TelephonyRegistry(  180): notifyServiceState: 0 home Verizon Wireless Verizon Wireless 31000  EvDo rev. A CSS supported 3 18RoamInd: 128DefRoamInd: 64EmergOnly: false
I/TelephonyRegistry(  180): notifyServiceState: 0 home Verizon Wireless Verizon Wireless 31000  1xRTT CSS supported 3 18RoamInd: 128DefRoamInd: 64EmergOnly: false
I/TelephonyRegistry(  180): notifyDataConnection: state=2 isDataConnectivityPossible=true reason=null interfaceName=rmnet0 networkType=7
D/dalvikvm( 1322): GC_EXPLICIT freed 87K, 50% free 2708K/5379K, external 0K/0K, paused 59ms
D/dalvikvm(  658): GC_CONCURRENT freed 380K, 51% free 2774K/5639K, external 0K/0K, paused 7ms+2ms
D/dalvikvm(  943): GC_EXPLICIT freed 34K, 50% free 2813K/5575K, external 0K/0K, paused 71ms
D/dalvikvm(  414): GC_EXPLICIT freed 253K, 50% free 3056K/6087K, external 0K/0K, paused 64ms
D/dalvikvm( 1120): GC_EXPLICIT freed 324K, 51% free 2990K/6087K, external 0K/0K, paused 76ms
I/TelephonyRegistry(  180): notifyServiceState: 0 home Verizon Wireless Verizon Wireless 31000  1xRTT CSS supported 3 18RoamInd: 128DefRoamInd: 64EmergOnly: false
I/TelephonyRegistry(  180): notifyServiceState: 0 home Verizon Wireless Verizon Wireless 31000  1xRTT CSS supported 3 18RoamInd: 128DefRoamInd: 64EmergOnly: false
D/dalvikvm( 1120): GC_CONCURRENT freed 334K, 50% free 3064K/6087K, external 0K/0K, paused 2ms+4ms
I/TelephonyRegistry(  180): notifyServiceState: 0 home Verizon Wireless Verizon Wireless 31000  1xRTT CSS supported 3 18RoamInd: 128DefRoamInd: 64EmergOnly: false
I/TelephonyRegistry(  180): notifyServiceState: 0 home Verizon Wireless Verizon Wireless 31000  1xRTT CSS supported 3 18RoamInd: 128DefRoamInd: 64EmergOnly: false
I/power   (  180): *** set_screen_state 0
I/ActivityManager(  180): Start proc com.android.vending for broadcast com.android.vending/com.google.android.finsky.receivers.UpdateCheckReceiver: pid=1559 uid=10000 gids={3003, 1015}
I/TelephonyRegistry(  180): notifyServiceState: 0 home Verizon Wireless Verizon Wireless 31000  1xRTT CSS supported 3 18RoamInd: 128DefRoamInd: 64EmergOnly: false
I/ActivityThread( 1559): Pub com.google.android.finsky.RecentSuggestionsProvider: com.google.android.finsky.providers.RecentSuggestionsProvider
D/AK8973  (  133): Compass CLOSE 
D/dalvikvm( 1559): GC_CONCURRENT freed 226K, 48% free 2953K/5639K, external 0K/0K, paused 3ms+14ms
D/dalvikvm( 1559): GC_CONCURRENT freed 399K, 49% free 3091K/5959K, external 0K/0K, paused 3ms+13ms
D/SurfaceFlinger(  180): About to give-up screen, flinger = 0x957c0
D/dalvikvm( 1559): GC_CONCURRENT freed 248K, 46% free 3345K/6087K, external 0K/0K, paused 2ms+4ms
D/Finsky  ( 1559): [1] SanityChecker.run: # LocalAssets corrected : 0
D/Finsky  ( 1559): Sanity check took : 216 ms
I/ActivityManager(  180): No longer want com.google.android.apps.maps:LocationFriendService (pid 963): hidden #16
D/Finsky  ( 1559): [23] DownloadRecords.initializeAndPrune: Pruned 0 old downloads from the cursor.
D/dalvikvm(  180): GC_EXTERNAL_ALLOC freed 661K, 36% free 7290K/11335K, external 2046K/2052K, paused 81ms
D/dalvikvm(  180): GC_EXTERNAL_ALLOC freed 52K, 37% free 7251K/11335K, external 2359K/2665K, paused 80ms
D/dalvikvm(  180): GC_EXTERNAL_ALLOC freed 2K, 36% free 7256K/11335K, external 3394K/3452K, paused 77ms
D/dalvikvm(  180): GC_EXTERNAL_ALLOC freed 16K, 36% free 7287K/11335K, external 4351K/4376K, paused 75ms
D/KeyguardViewMediator(  180): wakeWhenReadyLocked(26)
I/power   (  180): *** set_screen_state 1
D/SurfaceFlinger(  180): Screen about to return, flinger = 0x957c0
D/AK8973  (  133): Compass Start
I/TelephonyRegistry(  180): notifyServiceState: 0 home Verizon Wireless Verizon Wireless 31000  1xRTT CSS supported 3 18RoamInd: 128DefRoamInd: 64EmergOnly: false
D/dalvikvm(  277): GC_CONCURRENT freed 409K, 49% free 3082K/6023K, external 0K/0K, paused 2ms+7ms
W/InputManagerService(  180): Window already focused, ignoring focus gain of: com.android.internal.view.IInputMethodClient$Stub$Proxy@408ec1c8
D/SettingsAppWidgetProvider( 1146): Call buildUpdate for widget:44
D/SettingsAppWidgetProvider( 1146): buildUpdate done for widget:44
D/SettingsAppWidgetProvider( 1146): Call buildUpdate for widget:45
D/SettingsAppWidgetProvider( 1146): buildUpdate done for widget:45
D/SettingsAppWidgetProvider( 1146): Call buildUpdate for widget:46
D/SettingsAppWidgetProvider( 1146): buildUpdate done for widget:46
D/SettingsAppWidgetProvider( 1146): Call buildUpdate for widget:47
D/SettingsAppWidgetProvider( 1146): buildUpdate done for widget:47
I/TelephonyRegistry(  180): notifyServiceState: 0 home Verizon Wireless Verizon Wireless 31000  1xRTT CSS supported 3 18RoamInd: 128DefRoamInd: 64EmergOnly: false
W/KeyCharacterMap(  302): Bad keycharmap - filesize=32
W/KeyCharacterMap(  302): Error loading keycharmap file '/system/usr/keychars/incrediblec-keypad.kcm.bin'. hw.keyboards.0.devname='incrediblec-keypad'
W/KeyCharacterMap(  302): Using default keymap: /system/usr/keychars/qwerty.kcm.bin
W/KeyCharacterMap(  180): Bad keycharmap - filesize=32
W/KeyCharacterMap(  180): Error loading keycharmap file '/system/usr/keychars/incrediblec-keypad.kcm.bin'. hw.keyboards.0.devname='incrediblec-keypad'
W/KeyCharacterMap(  180): Using default keymap: /system/usr/keychars/qwerty.kcm.bin
D/ShutdownThread(  180): Notifying thread to start radio shutdown
I/dalvikvm(  180): Jit: resizing JitTable from 8192 to 16384
I/TelephonyRegistry(  180): notifyServiceState: 0 home Verizon Wireless Verizon Wireless 31000  1xRTT CSS supported 3 18RoamInd: 128DefRoamInd: 64EmergOnly: false
I/ShutdownThread(  180): Sending shutdown broadcast...
W/SyncManager(  180): Writing sync state before shutdown...
I/ActivityManager(  180): Start proc com.cyanogenmod.stats for broadcast com.cyanogenmod.stats/.ReportingServiceManager: pid=1590 uid=10021 gids={3003}
D/CMStats ( 1590): ACTION_SHUTDOWN: Setting checkedin=false
I/ActivityManager(  180): No longer want com.cooliris.media (pid 1080): hidden #16
I/ShutdownThread(  180): Shutting down activity manager...
I/UsageStats(  180): Writing usage stats before shutdown...
W/BatteryStats(  180): Writing battery stats before shutdown...
D/dalvikvm(  180): GC_FOR_MALLOC freed 316K, 35% free 7475K/11335K, external 5110K/5514K, paused 80ms
W/ShutdownThread(  180): Turning off radio...
I/TelephonyRegistry(  180): notifyDataConnection: state=0 isDataConnectivityPossible=false reason=radioTurnedOff interfaceName=null networkType=7
I/ShutdownThread(  180): Waiting for Bluetooth and Radio...
D/GTalkService(  314): ##### Network broadcast (connected=false) type=mobile, state=DISCONNECTED
D/CMStats ( 1590): CONNECTIVITY_ACTION: noConnectivity = true
D/GTalkService(  314): [GTalkConnection.1] setInternalNetworkState: type=0, state=DISCONNECTED
I/TelephonyRegistry(  180): notifyServiceState: 3 home null null null  Unknown CSS not supported -1 -1RoamInd: -1DefRoamInd: -1EmergOnly: false
D/Tethering(  180): MasterInitialState.processMessage what=3
I/TelephonyRegistry(  180): notifyDataConnection: state=0 isDataConnectivityPossible=false reason=radioTurnedOff interfaceName=null networkType=0
I/ActivityManager(  180): Start proc com.google.android.apps.uploader for broadcast com.google.android.apps.uploader/.ConnectivityBroadcastReceiver: pid=1599 uid=10005 gids={3003}
D/SystemClock(  277): Setting time of day to sec=1330654531
D/dalvikvm( 1599): Debugger has detached; object registry had 1 entries
I/ActivityThread( 1599): Pub com.google.android.apps.uploader: com.google.android.apps.uploader.UploadsContentProvider
I/ActivityThread( 1599): Pub com.google.photos.provider.Album: com.google.android.apps.uploader.clients.picasa.AlbumProvider
D/MediaUploader( 1599): UploaderApplication.onCreate
D/MediaUploader( 1599): nonWifiLimit=20971520, default=20971520
I/MediaUploader( 1599): No need to wake up
I/ActivityManager(  180): No longer want com.google.android.googlequicksearchbox (pid 983): hidden #16
I/ActivityManager(  180): Start proc com.google.android.apps.docs for broadcast com.google.android.apps.docs/.receivers.NetworkChangeReceiver: pid=1609 uid=10108 gids={3003, 1015, 1006}
D/GTalkService(  314): [GTalkConnection.25] connectionClosed: connId=1161, error=NO NETWORK
W/Smack/Packet(  314): notify conn break (IOEx), close connection
D/Smack   (  314): [XMPPConn] close connection, notifyClosed=false
I/ShutdownThread(  180): Radio and Bluetooth shutdown complete.
I/ShutdownThread(  180): Shutting down MountService
I/PackageManager(  180): Updating external media status from mounted to unmounted
I/MountService(  180): Shutting down
I/ActivityThread( 1609): Pub com.google.android.apps.docs.files: com.google.android.apps.docs.sync.filemanager.FileProvider
I/ActivityThread( 1609): Pub com.google.android.apps.docs.doclist.search_suggest: com.google.android.apps.docs.doclist.DocListGlobalSearchSuggestionProvider
V//ContextScope.java:112( 1609): 21:15:31.403 main Contexts in the main scope map after inserting com.google.android.apps.docs.editors.EditorsApplication@406505f8: com.google.android.apps.docs.editors.EditorsApplication@406505f8
D/VoldCmdListener(  124): asec list
D/VoldCmdListener(  124): asec path org.scummvm.scummvm-1
D/dalvikvm( 1609): GC_CONCURRENT freed 244K, 48% free 2935K/5639K, external 0K/0K, paused 2ms+32ms
D/VoldCmdListener(  124): asec path org.scummvm.scummvm.plugin.sky-1
I/PackageManager(  180): Removing non-system package:org.scummvm.scummvm.plugin.sky
I/ActivityManager(  180): Force stopping package org.scummvm.scummvm.plugin.sky uid=10104
D/dalvikvm( 1609): GC_CONCURRENT freed 492K, 50% free 2998K/5959K, external 0K/0K, paused 2ms+3ms
I/PackageManager(  180): Removing non-system package:org.scummvm.scummvm
I/ActivityManager(  180): Force stopping package org.scummvm.scummvm uid=10104
D/dalvikvm( 1609): GC_CONCURRENT freed 526K, 50% free 3025K/6023K, external 0K/0K, paused 6ms+3ms
D/dalvikvm( 1609): GC_CONCURRENT freed 502K, 50% free 3035K/6023K, external 0K/0K, paused 2ms+4ms
D/dalvikvm( 1609): GC_CONCURRENT freed 489K, 50% free 3057K/6023K, external 0K/0K, paused 3ms+2ms
D/dalvikvm( 1609): GC_CONCURRENT freed 533K, 50% free 3082K/6087K, external 0K/0K, paused 2ms+3ms
D/dalvikvm( 1609): GC_CONCURRENT freed 460K, 49% free 3133K/6087K, external 0K/0K, paused 3ms+4ms
D/dalvikvm( 1609): GC_CONCURRENT freed 484K, 49% free 3197K/6151K, external 0K/0K, paused 2ms+3ms
D/dalvikvm( 1609): GC_CONCURRENT freed 502K, 48% free 3243K/6215K, external 0K/0K, paused 2ms+3ms
D/dalvikvm( 1609): GC_CONCURRENT freed 509K, 48% free 3300K/6279K, external 0K/0K, paused 3ms+5ms
D/dalvikvm( 1609): GC_CONCURRENT freed 499K, 47% free 3373K/6343K, external 0K/0K, paused 3ms+3ms
D/dalvikvm( 1609): GC_CONCURRENT freed 511K, 47% free 3423K/6407K, external 0K/0K, paused 2ms+3ms
D/dalvikvm( 1609): GC_CONCURRENT freed 487K, 47% free 3442K/6407K, external 0K/0K, paused 3ms+3ms
D/BluetoothA2dpService(  180): Meta data info is trackname: Embracing Facts artist: Into It. Over It.
D/BluetoothA2dpService(  180): mMediaNumber: 4602 mediaCount 0
D/BluetoothA2dpService(  180): mPostion 0 album: Properduration 0
D//Ln.java:220( 1609): 21:15:33.648 main Configuring Logging, minimum log level is INFO
D/DocListDatabase( 1609): openHelper points on new database: DocList.db
D/DocListDatabase( 1609): in openWriteDatabase
W/Mj      ( 1609): Could not load Finalizer in its own class loader. Loading Finalizer in the current class loader instead. As a result, you will not be able to garbage collect this class loader. To support reclaiming this class loader, either resolve the underlying issue, or move Google Collections to your system class path.
W/Mj      ( 1609): java.io.FileNotFoundException: com/google/inject/internal/Finalizer.class
W/Mj      ( 1609): 	at Mk.a(FinalizableReferenceQueue.java:269)
W/Mj      ( 1609): 	at Mk.a(FinalizableReferenceQueue.java:253)
W/Mj      ( 1609): 	at Mj.a(FinalizableReferenceQueue.java:175)
W/Mj      ( 1609): 	at Mj.<clinit>(FinalizableReferenceQueue.java:100)
W/Mj      ( 1609): 	at Nz.<clinit>(MapMaker.java:787)
W/Mj      ( 1609): 	at NN.<init>(MapMaker.java:946)
W/Mj      ( 1609): 	at NH.a(MapMaker.java:312)
W/Mj      ( 1609): 	at ND.a(MapMaker.java:498)
W/Mj      ( 1609): 	at ND.a(MapMaker.java:419)
W/Mj      ( 1609): 	at LH.get(CustomConcurrentHashMap.java:2029)
W/Mj      ( 1609): 	at Ls.a(BytecodeGen.java:149)
W/Mj      ( 1609): 	at Ls.a(BytecodeGen.java:132)
W/Mj      ( 1609): 	at LD.a(ConstructionContext.java:80)
W/Mj      ( 1609): 	at Jm.a(ConstructorInjector.java:70)
W/Mj      ( 1609): 	at Jl.a(ConstructorBindingImpl.java:111)
W/Mj      ( 1609): 	at KA.a(ProviderToInternalFactoryAdapter.java:45)
W/Mj      ( 1609): 	at JO.a(InjectorImpl.java:811)
W/Mj      ( 1609): 	at Kz.a(ProviderToInternalFactoryAdapter.java:42)
W/Mj      ( 1609): 	at KI.a(Scopes.java:54)
W/Mj      ( 1609): 	at Kf.a(InternalFactoryToProviderAdapter.java:48)
W/Mj      ( 1609): 	at Jx.a(FactoryProxy.java:56)
W/Mj      ( 1609): 	at KO.a(SingleParameterInjector.java:42)
W/Mj      ( 1609): 	at KO.a(SingleParameterInjector.java:66)
W/Mj      ( 1609): 	at Jm.a(ConstructorInjector.java:84)
W/Mj      ( 1609): 	at Jl.a(ConstructorBindingImpl.java:111)
W/Mj      ( 1609): 	at Jx.a(FactoryProxy.java:56)
W/Mj      ( 1609): 	at KO.a(SingleParameterInjector.java:42)
W/Mj      ( 1609): 	at KO.a(SingleParameterInjector.java:66)
W/Mj      ( 1609): 	at Jm.a(ConstructorInjector.java:84)
W/Mj      ( 1609): 	at Jl.a(ConstructorBindingImpl.java:111)
W/Mj      ( 1609): 	at KA.a(ProviderToInternalFactoryAdapter.java:45)
W/Mj      ( 1609): 	at JO.a(InjectorImpl.java:811)
W/Mj      ( 1609): 	at Kz.a(ProviderToInternalFactoryAdapter.java:42)
W/Mj      ( 1609): 	at KI.a(Scopes.java:54)
W/Mj      ( 1609): 	at Kf.a(InternalFactoryToProviderAdapter.java:48)
W/Mj      ( 1609): 	at JM.a(InjectorBuilder.java:200)
W/Mj      ( 1609): 	at JM.a(InjectorBuilder.java:194)
W/Mj      ( 1609): 	at JO.a(InjectorImpl.java:804)
W/Mj      ( 1609): 	at JL.a(InjectorBuilder.java:194)
W/Mj      ( 1609): 	at JL.b(InjectorBuilder.java:176)
W/Mj      ( 1609): 	at JL.a(InjectorBuilder.java:113)
W/Mj      ( 1609): 	at Jy.a(Guice.java:92)
W/Mj      ( 1609): 	at roboguice.application.RoboApplication.b(RoboApplication.java:146)
W/Mj      ( 1609): 	at roboguice.application.RoboApplication.a(RoboApplication.java:84)
W/Mj      ( 1609): 	at com.google.android.apps.docs.GuiceContentProvider.a(GuiceContentProvider.java:36)
