I/Mj      ( 1029): 	at android.app.ActivityThread$H.handleMessage(ActivityThread.java:977)
I/Mj      ( 1029): 	at android.os.Handler.dispatchMessage(Handler.java:99)
I/Mj      ( 1029): 	at android.os.Looper.loop(Looper.java:130)
I/Mj      ( 1029): 	at android.app.ActivityThread.main(ActivityThread.java:3835)
I/Mj      ( 1029): 	at java.lang.reflect.Method.invokeNative(Native Method)
I/Mj      ( 1029): 	at java.lang.reflect.Method.invoke(Method.java:507)
I/Mj      ( 1029): 	at com.android.internal.os.ZygoteInit$MethodAndArgsCaller.run(ZygoteInit.java:847)
I/Mj      ( 1029): 	at com.android.internal.os.ZygoteInit.main(ZygoteInit.java:605)
I/Mj      ( 1029): 	at dalvik.system.NativeStart.main(Native Method)
I/Mj      ( 1029): Caused by: java.lang.IllegalArgumentException: Expected com.google.inject.internal.FinalizableReference.
I/Mj      ( 1029): 	at Mq.startFinalizer(Finalizer.java:77)
I/Mj      ( 1029): 	... 60 more
D/szipinf ( 1017): Initializing inflate state
D/dalvikvm( 1029): GC_CONCURRENT freed 533K, 47% free 3462K/6471K, external 0K/0K, paused 3ms+4ms
I/ActivityThread( 1029): Pub com.google.android.apps.docs.doclist.account_suggest: com.google.android.apps.docs.doclist.DocListAccountSuggestionProvider
I/ActivityThread( 1029): Pub com.google.android.apps.docs: com.google.android.apps.docs.providers.DocListProvider
I/ActivityManager(  180): Start proc com.bigtincan.android.adfree for broadcast com.bigtincan.android.adfree/.NetworkStateReceiver: pid=1043 uid=10092 gids={3003}
I/ActivityManager(  180): No longer want net.cactii.flash2 (pid 889): hidden #16
V/update.Download(  314): deleting all update downloads
I/ActivityManager(  180): Start proc com.cyanogenmod.android.fotakill for broadcast com.cyanogenmod.android.fotakill/.FOTANotifyReceiver: pid=1053 uid=10012 gids={}
I/ActivityManager(  180): Starting: Intent { flg=0x10000000 cmp=com.google.android.gsf/.update.SystemUpdateInstallDialog } from pid 314
I/ActivityManager(  180): Start proc com.google.android.partnersetup for broadcast com.google.android.partnersetup/.GservicesChangedReceiver: pid=1062 uid=10009 gids={}
I/ActivityManager(  180): No longer want com.android.settings (pid 874): hidden #16
D/dalvikvm(  128): GC_EXPLICIT freed 11K, 51% free 2674K/5379K, external 0K/0K, paused 63ms
D/dalvikvm(  128): GC_EXPLICIT freed <1K, 51% free 2674K/5379K, external 0K/0K, paused 74ms
D/dalvikvm(  128): GC_EXPLICIT freed <1K, 51% free 2674K/5379K, external 0K/0K, paused 34ms
D/dalvikvm( 1062): GC_CONCURRENT freed 348K, 50% free 2822K/5639K, external 0K/0K, paused 3ms+4ms
I/dalvikvm(  963): Total arena pages for JIT: 11
D/szipinf ( 1017): Initializing inflate state
I/ActivityManager(  180): No longer want com.cooliris.media (pid 933): hidden #16
D/szipinf ( 1017): Initializing inflate state
D/szipinf ( 1017): Initializing inflate state
I/ActivityManager(  180): No longer want com.android.vending (pid 726): hidden #16
D/szipinf ( 1017): Initializing inflate state
D/szipinf ( 1017): Initializing inflate state
D/dalvikvm(  302): GC_CONCURRENT freed 1925K, 55% free 3739K/8135K, external 5171K/5731K, paused 2ms+5ms
D/szipinf ( 1017): Initializing inflate state
D/MediaScanner(  943):  prescan time: 5107ms
D/MediaScanner(  943):     scan time: 5758ms
D/MediaScanner(  943): postscan time: 384ms
D/MediaScanner(  943):    total time: 11249ms
D/MediaScannerService(  943): done scanning volume external
D/MediaScannerService(  943): start scanning volume external
I/ActivityManager(  180): Start proc com.cooliris.media for broadcast com.cooliris.media/com.cooliris.cache.BootReceiver: pid=1080 uid=10038 gids={1015, 3003}
D/dalvikvm( 1080): Debugger has detached; object registry had 1 entries
D/szipinf ( 1080): Initializing inflate state
I/ActivityThread( 1080): Pub com.cooliris.picasa.contentprovider: com.cooliris.picasa.PicasaContentProvider
I/Database( 1080): sqlite returned: error code = 0, msg = Recovered 1866 frames from WAL file /data/data/com.cooliris.media/databases/picasa.db-wal
I/BootReceiver( 1080): Got intent with action android.intent.action.MEDIA_SCANNER_FINISHED
D/dalvikvm(  922): GC_CONCURRENT freed 184K, 45% free 3292K/5959K, external 0K/0K, paused 2ms+7ms
I/CacheService( 1080): Starting CacheService
I/com.dropbox.android.service.CameraUploadService(  668): Starting camera upload scan...
D/dalvikvm(  314): GC_CONCURRENT freed 360K, 48% free 3205K/6087K, external 82K/512K, paused 3ms+3ms
D/szipinf ( 1017): Initializing inflate state
I/dalvikvm(  314): Total arena pages for JIT: 11
I/CacheService( 1080): Preparing DiskCache for all thumbnails.
D/dalvikvm(  943): GC_CONCURRENT freed 250K, 49% free 2862K/5575K, external 0K/0K, paused 2ms+49ms
D/szipinf ( 1017): Initializing inflate state
D/dalvikvm( 1080): GC_CONCURRENT freed 355K, 51% free 2757K/5575K, external 0K/0K, paused 3ms+7ms
I/com.dropbox.android.service.CameraUploadService(  668): Finished querying providers.
I/com.dropbox.android.service.CameraUploadService(  668): Finished camera upload scan.
I/CacheService( 1080): DiskCache ready for all thumbnails.
D/MediaScanner(  943):  prescan time: 499ms
D/MediaScanner(  943):     scan time: 273ms
D/MediaScanner(  943): postscan time: 2ms
D/MediaScanner(  943):    total time: 774ms
I/BootReceiver( 1080): Got intent with action android.intent.action.MEDIA_SCANNER_FINISHED
D/MediaScannerService(  943): done scanning volume external
D/szipinf ( 1017): Initializing inflate state
D/szipinf ( 1017): Initializing inflate state
D/szipinf ( 1017): Initializing inflate state
D/szipinf ( 1017): Initializing inflate state
D/szipinf ( 1017): Initializing inflate state
D/szipinf ( 1017): Initializing inflate state
D/dalvikvm(  789): GC_FOR_MALLOC freed 228K, 50% free 3065K/6023K, external 0K/0K, paused 23ms
I/dalvikvm-heap(  789): Grow heap (frag case) to 5.488MB for 87396-byte allocation
D/dalvikvm(  789): GC_FOR_MALLOC freed <1K, 49% free 3150K/6151K, external 0K/0K, paused 19ms
I/ActivityManager(  180): No longer want com.google.android.apps.maps:FriendService (pid 973): hidden #16
D/dalvikvm(  813): GC_CONCURRENT freed 420K, 48% free 3252K/6151K, external 0K/0K, paused 2ms+3ms
I/MediaStoreImporter(  922): Update: incremental Added music: 0 Updated music: 0 Deleted music: 0 Created playlists: 0 Updated playlists: 0 Deleted playlists: 0 Inserted playlist items: 0 Deleted playlist items: 0 Removed orphaned playlist items: 0
I/MediaStoreImporter(  922): Update: incremental Added music: 0 Updated music: 0 Deleted music: 0 Created playlists: 0 Updated playlists: 0 Deleted playlists: 0 Inserted playlist items: 0 Deleted playlist items: 0 Removed orphaned playlist items: 0
I/ActivityManager(  180): No longer want org.dayup.gtask (pid 789): hidden #16
D/dalvikvm( 1003): GC_CONCURRENT freed 302K, 45% free 3573K/6407K, external 0K/0K, paused 2ms+2ms
D/dalvikvm( 1003): GC_CONCURRENT freed 439K, 46% free 3577K/6535K, external 0K/0K, paused 2ms+40ms
E/GTalkService(  314): [ERROR: GTalkConnection.25] xmppError = (403) (403)
W/Smack/Packet(  314): notify conn break (IOEx), close connection
D/Smack   (  314): [XMPPConn] close connection, notifyClosed=false
D/GTalkService(  314): [GTalkConnection.25] connectionClosed: connId=783, error=AUTH EXPIRED
D/GTalkService(  314): [GTalkConnection.25] EVENT_REQUEST_ROSTER: not connected
D/Email   (  557): *** synchronizeMailboxGeneric ***
D/Smack   (  314): [XMPPConn] close: socket already closed, bail
D/dalvikvm( 1003): GC_CONCURRENT freed 346K, 44% free 3673K/6535K, external 0K/0K, paused 95ms+6ms
D/dalvikvm( 1003): GC_CONCURRENT freed 296K, 43% free 3793K/6599K, external 0K/0K, paused 5ms+3ms
I/MobclickAgent(  414): Could not get location from GPS or Cell-id, lack ACCESS_COARSE_LOCATION or ACCESS_COARSE_LOCATION permission?
D/dalvikvm(  414): GC_CONCURRENT freed 495K, 50% free 3079K/6087K, external 0K/0K, paused 4ms+6ms
D/dalvikvm(  314): GC_CONCURRENT freed 401K, 48% free 3219K/6151K, external 0K/512K, paused 4ms+3ms
D/dalvikvm(  557): GC_CONCURRENT freed 441K, 50% free 3003K/5959K, external 0K/0K, paused 2ms+3ms
D/dalvikvm( 1003): GC_CONCURRENT freed 331K, 43% free 3906K/6791K, external 0K/0K, paused 7ms+2ms
D/dalvikvm( 1003): GC_FOR_MALLOC freed 50K, 44% free 3856K/6791K, external 0K/0K, paused 53ms
I/dalvikvm-heap( 1003): Grow heap (frag case) to 6.336MB for 167880-byte allocation
D/dalvikvm( 1003): GC_FOR_MALLOC freed 0K, 43% free 4020K/6983K, external 0K/0K, paused 24ms
D/dalvikvm( 1003): GC_FOR_MALLOC freed 209K, 44% free 3915K/6983K, external 0K/0K, paused 62ms
D/dalvikvm( 1003): GC_FOR_MALLOC freed 6K, 41% free 4159K/6983K, external 0K/0K, paused 25ms
I/dalvikvm-heap( 1003): Grow heap (frag case) to 6.667MB for 204628-byte allocation
D/dalvikvm( 1003): GC_FOR_MALLOC freed <1K, 40% free 4358K/7239K, external 0K/0K, paused 25ms
D/dalvikvm( 1003): GC_FOR_MALLOC freed 199K, 43% free 4258K/7367K, external 0K/0K, paused 26ms
I/dalvikvm-heap( 1003): Grow heap (frag case) to 6.960MB for 409240-byte allocation
D/dalvikvm( 1003): GC_FOR_MALLOC freed 0K, 41% free 4658K/7815K, external 0K/0K, paused 28ms
D/dalvikvm( 1003): GC_CONCURRENT freed 746K, 43% free 4459K/7815K, external 0K/0K, paused 4ms+3ms
D/dalvikvm( 1003): GC_CONCURRENT freed 310K, 41% free 4624K/7815K, external 0K/0K, paused 3ms+4ms
D/dalvikvm(  180): GC_EXPLICIT freed 1331K, 37% free 7240K/11335K, external 4423K/5524K, paused 90ms
D/Email   (  557): *** synchronizeMailboxGeneric ***
D/dalvikvm( 1003): GC_EXTERNAL_ALLOC freed 211K, 42% free 4564K/7815K, external 0K/0K, paused 59ms
D/dalvikvm( 1003): GC_FOR_MALLOC freed 464K, 43% free 4523K/7815K, external 16K/513K, paused 29ms
D/dalvikvm( 1003): GC_FOR_MALLOC freed 443K, 43% free 4524K/7815K, external 60K/513K, paused 28ms
D/dalvikvm( 1003): GC_CONCURRENT freed 417K, 41% free 4622K/7815K, external 78K/513K, paused 2ms+4ms
D/dalvikvm( 1003): GC_CONCURRENT freed 350K, 39% free 4826K/7815K, external 33K/513K, paused 2ms+6ms
D/dalvikvm( 1003): GC_CONCURRENT freed 539K, 39% free 4936K/8007K, external 14K/513K, paused 6ms+6ms
D/dalvikvm( 1003): GC_CONCURRENT freed 585K, 39% free 5018K/8135K, external 2K/513K, paused 2ms+6ms
I/ActivityManager(  180): No longer want com.mediawoz.goweather (pid 903): hidden #16
D/dalvikvm(  557): GC_CONCURRENT freed 394K, 50% free 3036K/5959K, external 0K/0K, paused 2ms+4ms
D/Email   (  557): *** synchronizeMailboxGeneric ***
I/power   (  180): *** set_screen_state 0
I/ActivityManager(  180): Start proc com.mediawoz.goweather for broadcast com.mediawoz.goweather/.widget.WeatherWidgetProvider: pid=1120 uid=10087 gids={3003, 1015, 1007}
D/dalvikvm( 1120): Debugger has detached; object registry had 1 entries
I/ActivityManager(  180): No longer want com.android.providers.calendar (pid 382): hidden #16
D/AK8973  (  133): Compass CLOSE 
D/SurfaceFlinger(  180): About to give-up screen, flinger = 0x957c0
D/Email   (  557): *** synchronizeMailboxGeneric ***
I/ActivityManager(  180): No longer want com.android.email (pid 557): hidden #16
D/dalvikvm(  414): GC_EXPLICIT freed 349K, 51% free 2993K/6087K, external 0K/0K, paused 79ms
D/GTalkService(  314): [GTalkConnection.1] setInternalNetworkState: type=0, state=CONNECTED
I/ActivityManager(  180): Start proc com.siti for service com.siti/.IntentProcess: pid=1129 uid=10112 gids={3003}
D/mashitah( 1129): got into onCreate of IntentProcess.java
W/IntentSniffer( 1129): failed to read stored actions
D/dalvikvm( 1129): GC_EXTERNAL_ALLOC freed 44K, 51% free 2688K/5379K, external 0K/0K, paused 27ms
W/IntentSniffer( 1129): failed to read stored actions
D/IntentSniffer( 1129): known broadcast action count: 8
D/IntentSniffer( 1129): known category action count: 8
D/IntentSniffer( 1129): Thu Mar 01 21:06:12 EST 2012 recent intent added: Intent { flg=0x10800000 cmp=com.google.android.gsf/.update.SystemUpdateInstallDialog }1080177008
D/IntentSniffer( 1129): Thu Mar 01 21:06:12 EST 2012 recent intent added: Intent { act=android.intent.action.MAIN cat=[android.intent.category.HOME] flg=0x10000000 cmp=com.android.launcher/.Launcher }1080144136
D/dalvikvm(  314): GC_CONCURRENT freed 354K, 47% free 3276K/6151K, external 0K/512K, paused 8ms+3ms
D/IntentSniffer( 1129): In loop of initContro, woke up from sleep
D/IntentSniffer( 1129): Thu Mar 01 21:06:13 EST 2012 recent intent added: Intent { flg=0x10800000 cmp=com.google.android.gsf/.update.SystemUpdateInstallDialog }1080162376
D/IntentSniffer( 1129): Thu Mar 01 21:06:13 EST 2012 recent intent added: Intent { act=android.intent.action.MAIN cat=[android.intent.category.HOME] flg=0x10000000 cmp=com.android.launcher/.Launcher }1080162736
D/IntentSniffer( 1129): In loop of initContro, woke up from sleep
D/IntentSniffer( 1129): Thu Mar 01 21:06:14 EST 2012 recent intent added: Intent { flg=0x10800000 cmp=com.google.android.gsf/.update.SystemUpdateInstallDialog }1080195328
D/IntentSniffer( 1129): Thu Mar 01 21:06:14 EST 2012 recent intent added: Intent { act=android.intent.action.MAIN cat=[android.intent.category.HOME] flg=0x10000000 cmp=com.android.launcher/.Launcher }1080195688
D/GTalkService(  314): [RosterListenerImpl] removeTalkPresence for account=1, deleted=0
D/GTalkService(  314): [ContactPresence] removeAllContactsPresence: account=1, set null presence for 0
D/IntentSniffer( 1129): In loop of initContro, woke up from sleep
D/IntentSniffer( 1129): Thu Mar 01 21:06:15 EST 2012 recent intent added: Intent { flg=0x10800000 cmp=com.google.android.gsf/.update.SystemUpdateInstallDialog }1080209088
D/IntentSniffer( 1129): Thu Mar 01 21:06:15 EST 2012 recent intent added: Intent { act=android.intent.action.MAIN cat=[android.intent.category.HOME] flg=0x10000000 cmp=com.android.launcher/.Launcher }1080209448
D/GTalkService(  314): [RosterMgr] roster not modified
E/TalkProvider(  314): replaceContactWithContactId: contactId==0!!! rowhawn@gmail.com, acct=1
E/TalkProvider(  314): insert presence failed for account=1 username=rowhawn@gmail.com client_type=0 status= cap=15 priority=0 mode=5
D/GTalkService(  314): [OtrMgr] OTR not modified
D/IntentSniffer( 1129): In loop of initContro, woke up from sleep
D/IntentSniffer( 1129): Thu Mar 01 21:06:16 EST 2012 recent intent added: Intent { flg=0x10800000 cmp=com.google.android.gsf/.update.SystemUpdateInstallDialog }1080222904
D/IntentSniffer( 1129): Thu Mar 01 21:06:16 EST 2012 recent intent added: Intent { act=android.intent.action.MAIN cat=[android.intent.category.HOME] flg=0x10000000 cmp=com.android.launcher/.Launcher }1080223264
D/IntentSniffer( 1129): In loop of initContro, woke up from sleep
D/IntentSniffer( 1129): Thu Mar 01 21:06:17 EST 2012 recent intent added: Intent { flg=0x10800000 cmp=com.google.android.gsf/.update.SystemUpdateInstallDialog }1080236680
D/IntentSniffer( 1129): Thu Mar 01 21:06:17 EST 2012 recent intent added: Intent { act=android.intent.action.MAIN cat=[android.intent.category.HOME] flg=0x10000000 cmp=com.android.launcher/.Launcher }1080237040
D/IntentSniffer( 1129): In loop of initContro, woke up from sleep
D/IntentSniffer( 1129): Thu Mar 01 21:06:18 EST 2012 recent intent added: Intent { flg=0x10800000 cmp=com.google.android.gsf/.update.SystemUpdateInstallDialog }1080250472
D/IntentSniffer( 1129): Thu Mar 01 21:06:18 EST 2012 recent intent added: Intent { act=android.intent.action.MAIN cat=[android.intent.category.HOME] flg=0x10000000 cmp=com.android.launcher/.Launcher }1080250832
D/IntentSniffer( 1129): In loop of initContro, woke up from sleep
D/IntentSniffer( 1129): Thu Mar 01 21:06:19 EST 2012 recent intent added: Intent { flg=0x10800000 cmp=com.google.android.gsf/.update.SystemUpdateInstallDialog }1080264264
D/IntentSniffer( 1129): Thu Mar 01 21:06:19 EST 2012 recent intent added: Intent { act=android.intent.action.MAIN cat=[android.intent.category.HOME] flg=0x10000000 cmp=com.android.launcher/.Launcher }1080264624
D/IntentSniffer( 1129): In loop of initContro, woke up from sleep
D/IntentSniffer( 1129): Thu Mar 01 21:06:20 EST 2012 recent intent added: Intent { flg=0x10800000 cmp=com.google.android.gsf/.update.SystemUpdateInstallDialog }1080278056
D/IntentSniffer( 1129): Thu Mar 01 21:06:20 EST 2012 recent intent added: Intent { act=android.intent.action.MAIN cat=[android.intent.category.HOME] flg=0x10000000 cmp=com.android.launcher/.Launcher }1080278416
D/IntentSniffer( 1129): In loop of initContro, woke up from sleep
D/IntentSniffer( 1129): Thu Mar 01 21:06:21 EST 2012 recent intent added: Intent { flg=0x10800000 cmp=com.google.android.gsf/.update.SystemUpdateInstallDialog }1080291848
D/IntentSniffer( 1129): Thu Mar 01 21:06:21 EST 2012 recent intent added: Intent { act=android.intent.action.MAIN cat=[android.intent.category.HOME] flg=0x10000000 cmp=com.android.launcher/.Launcher }1080292208
D/IntentSniffer( 1129): In loop of initContro, woke up from sleep
D/IntentSniffer( 1129): Thu Mar 01 21:06:22 EST 2012 recent intent added: Intent { flg=0x10800000 cmp=com.google.android.gsf/.update.SystemUpdateInstallDialog }1080305640
D/IntentSniffer( 1129): Thu Mar 01 21:06:22 EST 2012 recent intent added: Intent { act=android.intent.action.MAIN cat=[android.intent.category.HOME] flg=0x10000000 cmp=com.android.launcher/.Launcher }1080306000
D/IntentSniffer( 1129): In loop of initContro, woke up from sleep
D/IntentSniffer( 1129): Thu Mar 01 21:06:23 EST 2012 recent intent added: Intent { flg=0x10800000 cmp=com.google.android.gsf/.update.SystemUpdateInstallDialog }1080319488
D/IntentSniffer( 1129): Thu Mar 01 21:06:23 EST 2012 recent intent added: Intent { act=android.intent.action.MAIN cat=[android.intent.category.HOME] flg=0x10000000 cmp=com.android.launcher/.Launcher }1080319848
D/IntentSniffer( 1129): In loop of initContro, woke up from sleep
D/IntentSniffer( 1129): Thu Mar 01 21:06:24 EST 2012 recent intent added: Intent { flg=0x10800000 cmp=com.google.android.gsf/.update.SystemUpdateInstallDialog }1080333280
D/IntentSniffer( 1129): Thu Mar 01 21:06:24 EST 2012 recent intent added: Intent { act=android.intent.action.MAIN cat=[android.intent.category.HOME] flg=0x10000000 cmp=com.android.launcher/.Launcher }1080333640
D/IntentSniffer( 1129): In loop of initContro, woke up from sleep
D/IntentSniffer( 1129): Thu Mar 01 21:06:25 EST 2012 recent intent added: Intent { flg=0x10800000 cmp=com.google.android.gsf/.update.SystemUpdateInstallDialog }1080347128
D/IntentSniffer( 1129): Thu Mar 01 21:06:25 EST 2012 recent intent added: Intent { act=android.intent.action.MAIN cat=[android.intent.category.HOME] flg=0x10000000 cmp=com.android.launcher/.Launcher }1080347488
D/IntentSniffer( 1129): In loop of initContro, woke up from sleep
D/IntentSniffer( 1129): Thu Mar 01 21:06:26 EST 2012 recent intent added: Intent { flg=0x10800000 cmp=com.google.android.gsf/.update.SystemUpdateInstallDialog }1080360920
D/IntentSniffer( 1129): Thu Mar 01 21:06:26 EST 2012 recent intent added: Intent { act=android.intent.action.MAIN cat=[android.intent.category.HOME] flg=0x10000000 cmp=com.android.launcher/.Launcher }1080361280
D/IntentSniffer( 1129): In loop of initContro, woke up from sleep
D/IntentSniffer( 1129): Thu Mar 01 21:06:27 EST 2012 recent intent added: Intent { flg=0x10800000 cmp=com.google.android.gsf/.update.SystemUpdateInstallDialog }1080374768
D/IntentSniffer( 1129): Thu Mar 01 21:06:27 EST 2012 recent intent added: Intent { act=android.intent.action.MAIN cat=[android.intent.category.HOME] flg=0x10000000 cmp=com.android.launcher/.Launcher }1080375128
D/IntentSniffer( 1129): In loop of initContro, woke up from sleep
D/IntentSniffer( 1129): Thu Mar 01 21:06:28 EST 2012 recent intent added: Intent { flg=0x10800000 cmp=com.google.android.gsf/.update.SystemUpdateInstallDialog }1080388616
D/IntentSniffer( 1129): Thu Mar 01 21:06:28 EST 2012 recent intent added: Intent { act=android.intent.action.MAIN cat=[android.intent.category.HOME] flg=0x10000000 cmp=com.android.launcher/.Launcher }1080388976
D/IntentSniffer( 1129): In loop of initContro, woke up from sleep
D/IntentSniffer( 1129): Thu Mar 01 21:06:29 EST 2012 recent intent added: Intent { flg=0x10800000 cmp=com.google.android.gsf/.update.SystemUpdateInstallDialog }1080402464
D/IntentSniffer( 1129): Thu Mar 01 21:06:29 EST 2012 recent intent added: Intent { act=android.intent.action.MAIN cat=[android.intent.category.HOME] flg=0x10000000 cmp=com.android.launcher/.Launcher }1080402824
D/IntentSniffer( 1129): In loop of initContro, woke up from sleep
D/IntentSniffer( 1129): Thu Mar 01 21:06:30 EST 2012 recent intent added: Intent { flg=0x10800000 cmp=com.google.android.gsf/.update.SystemUpdateInstallDialog }1080416256
D/IntentSniffer( 1129): Thu Mar 01 21:06:30 EST 2012 recent intent added: Intent { act=android.intent.action.MAIN cat=[android.intent.category.HOME] flg=0x10000000 cmp=com.android.launcher/.Launcher }1080416616
D/IntentSniffer( 1129): In loop of initContro, woke up from sleep
D/IntentSniffer( 1129): Thu Mar 01 21:06:31 EST 2012 recent intent added: Intent { flg=0x10800000 cmp=com.google.android.gsf/.update.SystemUpdateInstallDialog }1080430104
D/IntentSniffer( 1129): Thu Mar 01 21:06:31 EST 2012 recent intent added: Intent { act=android.intent.action.MAIN cat=[android.intent.category.HOME] flg=0x10000000 cmp=com.android.launcher/.Launcher }1080430464
W/ActivityManager(  180): Timeout executing service: ServiceRecord{409f7128 com.siti/.IntentProcess}
I/Process (  180): Sending signal. PID: 1129 SIG: 3
I/dalvikvm( 1129): threadid=4: reacting to signal 3
I/dalvikvm( 1129): Wrote stack traces to '/data/anr/traces.txt'
I/Process (  180): Sending signal. PID: 180 SIG: 3
I/dalvikvm(  180): threadid=4: reacting to signal 3
I/dalvikvm(  180): Wrote stack traces to '/data/anr/traces.txt'
I/Process (  180): Sending signal. PID: 277 SIG: 3
I/dalvikvm(  277): threadid=4: reacting to signal 3
I/dalvikvm(  277): Wrote stack traces to '/data/anr/traces.txt'
I/Process (  180): Sending signal. PID: 257 SIG: 3
I/dalvikvm(  257): threadid=4: reacting to signal 3
I/dalvikvm(  257): Wrote stack traces to '/data/anr/traces.txt'
D/dalvikvm(  180): GC_EXPLICIT freed 877K, 35% free 7463K/11335K, external 4423K/5524K, paused 83ms
D/IntentSniffer( 1129): In loop of initContro, woke up from sleep
D/IntentSniffer( 1129): Thu Mar 01 21:06:32 EST 2012 recent intent added: Intent { flg=0x10800000 cmp=com.google.android.gsf/.update.SystemUpdateInstallDialog }1080443896
D/IntentSniffer( 1129): Thu Mar 01 21:06:32 EST 2012 recent intent added: Intent { act=android.intent.action.MAIN cat=[android.intent.category.HOME] flg=0x10000000 cmp=com.android.launcher/.Launcher }1080444256
I/Process (  180): Sending signal. PID: 1129 SIG: 9
E/ActivityManager(  180): ANR in com.siti
E/ActivityManager(  180): Reason: Executing service com.siti/.IntentProcess
E/ActivityManager(  180): Load: 4.53 / 2.44 / 0.94
E/ActivityManager(  180): CPU usage from 6819ms to 0ms ago with 99% awake:
E/ActivityManager(  180):   0.7% 180/system_server: 0.4% user + 0.2% kernel / faults: 3 minor
E/ActivityManager(  180):   0.7% 1129/com.siti: 0.7% user + 0% kernel / faults: 43 minor
E/ActivityManager(  180):   0.2% 135/adbd: 0% user + 0.2% kernel
E/ActivityManager(  180):   0% 18/kworker/0:2: 0% user + 0% kernel
E/ActivityManager(  180):   0% 56/file-storage: 0% user + 0% kernel
E/ActivityManager(  180):   0.1% 72/mmcqd/2: 0% user + 0.1% kernel
E/ActivityManager(  180):   0.1% 277/com.android.phone: 0% user + 0.1% kernel / faults: 3 minor
E/ActivityManager(  180):   0.1% 982/logcat: 0% user + 0.1% kernel
E/ActivityManager(  180): 1.6% TOTAL: 1.3% user + 0.2% kernel
E/ActivityManager(  180): CPU usage from 296ms to 812ms later:
E/ActivityManager(  180):   3.7% 180/system_server: 0% user + 3.7% kernel
E/ActivityManager(  180):     5.6% 198/ActivityManager: 1.8% user + 3.7% kernel
E/ActivityManager(  180): 3.8% TOTAL: 0% user + 3.8% kernel
I/ActivityManager(  180): Process com.siti (pid 1129) has died.
W/ActivityManager(  180): Scheduling restart of crashed service com.siti/.IntentProcess in 173352ms
I/ActivityManager(  180): No longer want mobi.mgeek.TunnyBrowser:DolphinNotification (pid 513): hidden #16
D/KeyguardViewMediator(  180): wakeWhenReadyLocked(26)
I/power   (  180): *** set_screen_state 1
D/SurfaceFlinger(  180): Screen about to return, flinger = 0x957c0
D/AK8973  (  133): Compass Start
I/TelephonyRegistry(  180): notifyServiceState: 0 home Verizon Wireless Verizon Wireless 31000  1xRTT CSS supported 3 18RoamInd: 128DefRoamInd: 64EmergOnly: false
D/dalvikvm( 1120): GC_CONCURRENT freed 195K, 48% free 2951K/5639K, external 0K/0K, paused 3ms+4ms
D/dalvikvm( 1120): GC_CONCURRENT freed 343K, 48% free 3082K/5895K, external 0K/0K, paused 2ms+15ms
D/dalvikvm( 1120): GC_CONCURRENT freed 456K, 49% free 3082K/6023K, external 0K/0K, paused 2ms+4ms
I/ActivityManager(  180): Start proc com.android.settings for broadcast com.android.settings/.widget.SettingsAppWidgetProvider: pid=1146 uid=1000 gids={3002, 3001, 3003, 1015}
D/dalvikvm( 1146): Debugger has detached; object registry had 1 entries
D/szipinf ( 1146): Initializing inflate state
D/SettingsAppWidgetProvider( 1146): Call buildUpdate for widget:44
D/SettingsAppWidgetProvider( 1146): buildUpdate done for widget:44
D/SettingsAppWidgetProvider( 1146): Call buildUpdate for widget:45
D/SettingsAppWidgetProvider( 1146): buildUpdate done for widget:45
D/SettingsAppWidgetProvider( 1146): Call buildUpdate for widget:46
D/SettingsAppWidgetProvider( 1146): buildUpdate done for widget:46
D/SettingsAppWidgetProvider( 1146): Call buildUpdate for widget:47
D/SettingsAppWidgetProvider( 1146): buildUpdate done for widget:47
I/ActivityManager(  180): Starting: Intent { act=android.intent.action.MAIN cat=[android.intent.category.LAUNCHER] flg=0x10200000 cmp=mobi.mgeek.TunnyBrowser/.BrowserActivity bnds=[288,723][384,800] } from pid 302
I/ActivityManager(  180): Start proc mobi.mgeek.TunnyBrowser for activity mobi.mgeek.TunnyBrowser/.BrowserActivity: pid=1154 uid=10074 gids={3003, 1015, 1007}
D/dalvikvm( 1120): GC_CONCURRENT freed 495K, 50% free 3072K/6087K, external 0K/0K, paused 2ms+19ms
I/ActivityManager(  180): No longer want com.cyanogenmod.cmparts (pid 913): hidden #16
I/ActivityThread( 1154): Pub dolphin_phone_webzine: com.dolphin.browser.magazines.provider.WebzineProvider
I/ActivityThread( 1154): Pub dolphinbrowserhd: com.dolphin.browser.provider.BrowserProvider
V/BrowserProvider( 1154): creating browser provider
V/BrowserProvider( 1154): authority:dolphinbrowserhd
I/ActivityThread( 1154): Pub tunnydownloads: com.dolphin.browser.downloads.DownloadProvider
I/ActivityThread( 1154): Pub tunnybrowser: mobi.mgeek.TunnyBrowser.BrowserProvider
D/TraceLog( 1154): Browser.onCreate started.
V/Browser ( 1154): creating browser applicationmobi.mgeek.TunnyBrowser.Browser@4067c2a0
V/Browser ( 1154): creating browser applicationmobi.mgeek.TunnyBrowser.Browser@4067c2a0
D/dalvikvm( 1154): GC_CONCURRENT freed 196K, 48% free 2983K/5639K, external 0K/0K, paused 6ms+2ms
I/dalvikvm( 1154): Could not find method android.webkit.WebView.enableSmartZoom, referenced from method com.dolphin.browser.core.TabManager.d
W/dalvikvm( 1154): VFY: unable to resolve virtual method 2675: Landroid/webkit/WebView;.enableSmartZoom ()V
D/dalvikvm( 1154): VFY: replacing opcode 0x6e at 0x0006
W/TunnyBrowser_7.3.0( 1154): [TabManager]init com.dolphin.browser.core.TabManager@406cd6b0
D/dalvikvm( 1154): GC_EXTERNAL_ALLOC freed 237K, 47% free 3181K/5895K, external 0K/0K, paused 35ms
D/dalvikvm( 1154): GC_EXTERNAL_ALLOC freed 65K, 47% free 3138K/5895K, external 541K/542K, paused 31ms
I/Database( 1154): sqlite returned: error code = 0, msg = Recovered 145 frames from WAL file /data/data/mobi.mgeek.TunnyBrowser/databases/browser.db-wal
I/ActivityManager(  180): Displayed mobi.mgeek.TunnyBrowser/.BrowserActivity: +1s93ms (total +1m23s446ms)
D/dalvikvm( 1154): GC_CONCURRENT freed 122K, 45% free 3332K/5959K, external 969K/1066K, paused 3ms+25ms
D/dalvikvm( 1154): GC_CONCURRENT freed 109K, 42% free 3706K/6343K, external 1012K/1066K, paused 2ms+18ms
D/dalvikvm( 1154): GC_EXTERNAL_ALLOC freed 430K, 48% free 3321K/6343K, external 1056K/1066K, paused 34ms
W/KeyCharacterMap(  180): Bad keycharmap - filesize=32
W/KeyCharacterMap(  180): Error loading keycharmap file '/system/usr/keychars/incrediblec-keypad.kcm.bin'. hw.keyboards.0.devname='incrediblec-keypad'
W/KeyCharacterMap(  180): Using default keymap: /system/usr/keychars/qwerty.kcm.bin
W/KeyCharacterMap( 1154): No keyboard for id 65538
W/KeyCharacterMap( 1154): Using default keymap: /system/usr/keychars/qwerty.kcm.bin
D/dalvikvm(  266): GC_EXTERNAL_ALLOC freed 138K, 43% free 3832K/6663K, external 1925K/1928K, paused 79ms
D/LatinIME(  266): mLongPressDelay = 300
D/LatinKeyboardBaseView(  266): mLongPressDelay = 300
D/dalvikvm(  266): GC_EXTERNAL_ALLOC freed 104K, 42% free 3869K/6663K, external 2306K/2439K, paused 133ms
D/PointerTracker(  266): mLongPressKeyTimeout = 300
D/szipinf (  180): Initializing inflate state
W/KeyCharacterMap( 1154): Bad keycharmap - filesize=32
W/KeyCharacterMap( 1154): Error loading keycharmap file '/system/usr/keychars/incrediblec-keypad.kcm.bin'. hw.keyboards.0.devname='incrediblec-keypad'
W/KeyCharacterMap( 1154): Using default keymap: /system/usr/keychars/qwerty.kcm.bin
W/googleanalytics( 1154): Store full. Not storing last event.
W/googleanalytics( 1154): Store full. Not storing last event.
W/googleanalytics( 1154): Store full. Not storing last event.
W/googleanalytics( 1154): Store full. Not storing last event.
D/QSB.SuggestionProvider(  983): chars=3;feeds=qs,ns;loc=false;auth=false
D/dalvikvm( 1120): GC_CONCURRENT freed 427K, 50% free 3067K/6087K, external 0K/0K, paused 10ms+20ms
D/SearchDialog( 1154): launching Intent { act=android.intent.action.SEARCH flg=0x10000000 cmp=mobi.mgeek.TunnyBrowser/.BrowserActivity (has extras) }
I/SearchDialog( 1154): Starting (as ourselves) #Intent;action=android.intent.action.SEARCH;launchFlags=0x10000000;component=mobi.mgeek.TunnyBrowser/.BrowserActivity;S.query=this%20is%20a%20search;S.user_query=this%20is%20a%20search;end
I/ActivityManager(  180): Starting: Intent { act=android.intent.action.SEARCH flg=0x10000000 cmp=mobi.mgeek.TunnyBrowser/.BrowserActivity (has extras) } from pid 1154
I/Database( 1154): sqlite returned: error code = 0, msg = Recovered 70 frames from WAL file /data/data/mobi.mgeek.TunnyBrowser/databases/webview.db-wal
I/Database( 1154): sqlite returned: error code = 0, msg = Recovered 161 frames from WAL file /data/data/mobi.mgeek.TunnyBrowser/databases/webviewCache.db-wal
I/dalvikvm( 1154): Could not find method android.webkit.WebSettings.setNeedFirstElement, referenced from method com.dolphin.browser.androidwebkit.WebSettingsV8_Sense.a
W/dalvikvm( 1154): VFY: unable to resolve virtual method 2595: Landroid/webkit/WebSettings;.setNeedFirstElement (Z)V
D/dalvikvm( 1154): VFY: replacing opcode 0x6e at 0x0003
D/dalvikvm( 1154): VFY: dead code 0x0006-000b in Lcom/dolphin/browser/androidwebkit/WebSettingsV8_Sense;.a ()V
I/dalvikvm( 1154): Could not find method android.webkit.WebSettings.setUAProfileURL, referenced from method com.dolphin.browser.androidwebkit.WebSettingsV6_7_Sense.a
W/dalvikvm( 1154): VFY: unable to resolve virtual method 2611: Landroid/webkit/WebSettings;.setUAProfileURL (Ljava/lang/String;)V
D/dalvikvm( 1154): VFY: replacing opcode 0x6e at 0x0002
I/dalvikvm( 1154): Could not find method android.webkit.WebSettings.setFlashPluginsEnabled, referenced from method com.dolphin.browser.androidwebkit.WebSettingsV6_7_Sense.a
W/dalvikvm( 1154): VFY: unable to resolve virtual method 2583: Landroid/webkit/WebSettings;.setFlashPluginsEnabled (Z)V
D/dalvikvm( 1154): VFY: replacing opcode 0x6e at 0x0002
W/TunnyBrowser_7.3.0( 1154): java.lang.NoSuchMethodError: android.webkit.WebSettings.setNeedFirstElement
W/TunnyBrowser_7.3.0( 1154): 	at com.dolphin.browser.androidwebkit.WebSettingsV8_Sense.a(WebSettingsV8_Sense.java:45)
W/TunnyBrowser_7.3.0( 1154): 	at com.dolphin.browser.androidwebkit.WebSettingsV8_Sense.<init>(WebSettingsV8_Sense.java:35)
W/TunnyBrowser_7.3.0( 1154): 	at java.lang.reflect.Constructor.constructNative(Native Method)
W/TunnyBrowser_7.3.0( 1154): 	at java.lang.reflect.Constructor.newInstance(Constructor.java:415)
W/TunnyBrowser_7.3.0( 1154): 	at com.dolphin.browser.core.d.a(WebSettingsFactory.java:67)
W/TunnyBrowser_7.3.0( 1154): 	at com.dolphin.browser.androidwebkit.MyWebView.getWebSettings(MyWebView.java:1146)
W/TunnyBrowser_7.3.0( 1154): 	at com.dolphin.browser.core.TabManager.b(TabManager.java:625)
W/TunnyBrowser_7.3.0( 1154): 	at com.dolphin.browser.core.ac.<init>(WebViewTab.java:64)
W/TunnyBrowser_7.3.0( 1154): 	at com.dolphin.browser.core.ac.<init>(WebViewTab.java:57)
W/TunnyBrowser_7.3.0( 1154): 	at com.dolphin.browser.core.TabManager.h(TabManager.java:481)
W/TunnyBrowser_7.3.0( 1154): 	at com.dolphin.browser.core.t.i(HomePageTab.java:75)
W/TunnyBrowser_7.3.0( 1154): 	at com.dolphin.browser.core.t.loadUrl(HomePageTab.java:49)
W/TunnyBrowser_7.3.0( 1154): 	at mobi.mgeek.TunnyBrowser.BrowserActivity.a(BrowserActivity.java:3984)
W/TunnyBrowser_7.3.0( 1154): 	at mobi.mgeek.TunnyBrowser.BrowserActivity.a(BrowserActivity.java:4000)
W/TunnyBrowser_7.3.0( 1154): 	at mobi.mgeek.TunnyBrowser.BrowserActivity.onNewIntent(BrowserActivity.java:966)
W/TunnyBrowser_7.3.0( 1154): 	at android.app.Instrumentation.callActivityOnNewIntent(Instrumentation.java:1119)
W/TunnyBrowser_7.3.0( 1154): 	at android.app.ActivityThread.deliverNewIntents(ActivityThread.java:1843)
W/TunnyBrowser_7.3.0( 1154): 	at android.app.ActivityThread.performNewIntents(ActivityThread.java:1855)
W/TunnyBrowser_7.3.0( 1154): 	at android.app.ActivityThread.handleNewIntent(ActivityThread.java:1863)
W/TunnyBrowser_7.3.0( 1154): 	at android.app.ActivityThread.access$2300(ActivityThread.java:123)
W/TunnyBrowser_7.3.0( 1154): 	at android.app.ActivityThread$H.handleMessage(ActivityThread.java:986)
W/TunnyBrowser_7.3.0( 1154): 	at android.os.Handler.dispatchMessage(Handler.java:99)
W/TunnyBrowser_7.3.0( 1154): 	at android.os.Looper.loop(Looper.java:130)
W/TunnyBrowser_7.3.0( 1154): 	at android.app.ActivityThread.main(ActivityThread.java:3835)
W/TunnyBrowser_7.3.0( 1154): 	at java.lang.reflect.Method.invokeNative(Native Method)
W/TunnyBrowser_7.3.0( 1154): 	at java.lang.reflect.Method.invoke(Method.java:507)
W/TunnyBrowser_7.3.0( 1154): 	at com.android.internal.os.ZygoteInit$MethodAndArgsCaller.run(ZygoteInit.java:847)
W/TunnyBrowser_7.3.0( 1154): 	at com.android.internal.os.ZygoteInit.main(ZygoteInit.java:605)
W/TunnyBrowser_7.3.0( 1154): 	at dalvik.system.NativeStart.main(Native Method)
W/TunnyBrowser_7.3.0( 1154): java.lang.NoSuchMethodError: android.webkit.WebSettings.setUAProfileURL
W/TunnyBrowser_7.3.0( 1154): 	at com.dolphin.browser.androidwebkit.WebSettingsV6_7_Sense.a(WebSettingsV6_7_Sense.java:84)
W/TunnyBrowser_7.3.0( 1154): 	at com.dolphin.browser.androidwebkit.WebSettingsV6_7_Sense.setUserAgentString(WebSettingsV6_7_Sense.java:76)
W/TunnyBrowser_7.3.0( 1154): 	at mobi.mgeek.TunnyBrowser.BrowserSettings.b(BrowserSettings.java:382)
W/TunnyBrowser_7.3.0( 1154): 	at com.dolphin.browser.core.w.update(BrowserSettings.java:128)
W/TunnyBrowser_7.3.0( 1154): 	at com.dolphin.browser.core.TabManager.b(TabManager.java:627)
W/TunnyBrowser_7.3.0( 1154): 	at com.dolphin.browser.core.ac.<init>(WebViewTab.java:64)
W/TunnyBrowser_7.3.0( 1154): 	at com.dolphin.browser.core.ac.<init>(WebViewTab.java:57)
W/TunnyBrowser_7.3.0( 1154): 	at com.dolphin.browser.core.TabManager.h(TabManager.java:481)
W/TunnyBrowser_7.3.0( 1154): 	at com.dolphin.browser.core.t.i(HomePageTab.java:75)
W/TunnyBrowser_7.3.0( 1154): 	at com.dolphin.browser.core.t.loadUrl(HomePageTab.java:49)
W/TunnyBrowser_7.3.0( 1154): 	at mobi.mgeek.TunnyBrowser.BrowserActivity.a(BrowserActivity.java:3984)
W/TunnyBrowser_7.3.0( 1154): 	at mobi.mgeek.TunnyBrowser.BrowserActivity.a(BrowserActivity.java:4000)
W/TunnyBrowser_7.3.0( 1154): 	at mobi.mgeek.TunnyBrowser.BrowserActivity.onNewIntent(BrowserActivity.java:966)
W/TunnyBrowser_7.3.0( 1154): 	at android.app.Instrumentation.callActivityOnNewIntent(Instrumentation.java:1119)
W/TunnyBrowser_7.3.0( 1154): 	at android.app.ActivityThread.deliverNewIntents(ActivityThread.java:1843)
W/TunnyBrowser_7.3.0( 1154): 	at android.app.ActivityThread.performNewIntents(ActivityThread.java:1855)
W/TunnyBrowser_7.3.0( 1154): 	at android.app.ActivityThread.handleNewIntent(ActivityThread.java:1863)
W/TunnyBrowser_7.3.0( 1154): 	at android.app.ActivityThread.access$2300(ActivityThread.java:123)
W/TunnyBrowser_7.3.0( 1154): 	at android.app.ActivityThread$H.handleMessage(ActivityThread.java:986)
W/TunnyBrowser_7.3.0( 1154): 	at android.os.Handler.dispatchMessage(Handler.java:99)
W/TunnyBrowser_7.3.0( 1154): 	at android.os.Looper.loop(Looper.java:130)
W/TunnyBrowser_7.3.0( 1154): 	at android.app.ActivityThread.main(ActivityThread.java:3835)
W/TunnyBrowser_7.3.0( 1154): 	at java.lang.reflect.Method.invokeNative(Native Method)
W/TunnyBrowser_7.3.0( 1154): 	at java.lang.reflect.Method.invoke(Method.java:507)
W/TunnyBrowser_7.3.0( 1154): 	at com.android.internal.os.ZygoteInit$MethodAndArgsCaller.run(ZygoteInit.java:847)
W/TunnyBrowser_7.3.0( 1154): 	at com.android.internal.os.ZygoteInit.main(ZygoteInit.java:605)
W/TunnyBrowser_7.3.0( 1154): 	at dalvik.system.NativeStart.main(Native Method)
W/TunnyBrowser_7.3.0( 1154): java.lang.NoSuchMethodError: android.webkit.WebView.enableSmartZoom
W/TunnyBrowser_7.3.0( 1154): 	at com.dolphin.browser.core.TabManager.d(TabManager.java:641)
W/TunnyBrowser_7.3.0( 1154): 	at com.dolphin.browser.core.TabManager.b(TabManager.java:632)
W/TunnyBrowser_7.3.0( 1154): 	at com.dolphin.browser.core.ac.<init>(WebViewTab.java:64)
W/TunnyBrowser_7.3.0( 1154): 	at com.dolphin.browser.core.ac.<init>(WebViewTab.java:57)
W/TunnyBrowser_7.3.0( 1154): 	at com.dolphin.browser.core.TabManager.h(TabManager.java:481)
W/TunnyBrowser_7.3.0( 1154): 	at com.dolphin.browser.core.t.i(HomePageTab.java:75)
W/TunnyBrowser_7.3.0( 1154): 	at com.dolphin.browser.core.t.loadUrl(HomePageTab.java:49)
W/TunnyBrowser_7.3.0( 1154): 	at mobi.mgeek.TunnyBrowser.BrowserActivity.a(BrowserActivity.java:3984)
W/TunnyBrowser_7.3.0( 1154): 	at mobi.mgeek.TunnyBrowser.BrowserActivity.a(BrowserActivity.java:4000)
W/TunnyBrowser_7.3.0( 1154): 	at mobi.mgeek.TunnyBrowser.BrowserActivity.onNewIntent(BrowserActivity.java:966)
W/TunnyBrowser_7.3.0( 1154): 	at android.app.Instrumentation.callActivityOnNewIntent(Instrumentation.java:1119)
W/TunnyBrowser_7.3.0( 1154): 	at android.app.ActivityThread.deliverNewIntents(ActivityThread.java:1843)
W/TunnyBrowser_7.3.0( 1154): 	at android.app.ActivityThread.performNewIntents(ActivityThread.java:1855)
W/TunnyBrowser_7.3.0( 1154): 	at android.app.ActivityThread.handleNewIntent(ActivityThread.java:1863)
W/TunnyBrowser_7.3.0( 1154): 	at android.app.ActivityThread.access$2300(ActivityThread.java:123)
W/TunnyBrowser_7.3.0( 1154): 	at android.app.ActivityThread$H.handleMessage(ActivityThread.java:986)
W/TunnyBrowser_7.3.0( 1154): 	at android.os.Handler.dispatchMessage(Handler.java:99)
W/TunnyBrowser_7.3.0( 1154): 	at android.os.Looper.loop(Looper.java:130)
W/TunnyBrowser_7.3.0( 1154): 	at android.app.ActivityThread.main(ActivityThread.java:3835)
W/TunnyBrowser_7.3.0( 1154): 	at java.lang.reflect.Method.invokeNative(Native Method)
W/TunnyBrowser_7.3.0( 1154): 	at java.lang.reflect.Method.invoke(Method.java:507)
W/TunnyBrowser_7.3.0( 1154): 	at com.android.internal.os.ZygoteInit$MethodAndArgsCaller.run(ZygoteInit.java:847)
W/TunnyBrowser_7.3.0( 1154): 	at com.android.internal.os.ZygoteInit.main(ZygoteInit.java:605)
W/TunnyBrowser_7.3.0( 1154): 	at dalvik.system.NativeStart.main(Native Method)
W/TunnyBrowser_7.3.0( 1154): java.lang.NoSuchMethodError: android.webkit.WebSettings.setNeedFirstElement
W/TunnyBrowser_7.3.0( 1154): 	at com.dolphin.browser.androidwebkit.WebSettingsV8_Sense.a(WebSettingsV8_Sense.java:45)
W/TunnyBrowser_7.3.0( 1154): 	at com.dolphin.browser.androidwebkit.WebSettingsV8_Sense.<init>(WebSettingsV8_Sense.java:35)
W/TunnyBrowser_7.3.0( 1154): 	at java.lang.reflect.Constructor.constructNative(Native Method)
W/TunnyBrowser_7.3.0( 1154): 	at java.lang.reflect.Constructor.newInstance(Constructor.java:415)
W/TunnyBrowser_7.3.0( 1154): 	at com.dolphin.browser.core.d.a(WebSettingsFactory.java:67)
W/TunnyBrowser_7.3.0( 1154): 	at com.dolphin.browser.androidwebkit.MyWebView.getWebSettings(MyWebView.java:1146)
W/TunnyBrowser_7.3.0( 1154): 	at com.dolphin.browser.androidwebkit.MyWebView.g(MyWebView.java:1228)
W/TunnyBrowser_7.3.0( 1154): 	at com.dolphin.browser.androidwebkit.MyWebView.onWindowFocusChanged(MyWebView.java:1420)
W/TunnyBrowser_7.3.0( 1154): 	at com.dolphin.browser.core.ac.d(WebViewTab.java:1064)
W/TunnyBrowser_7.3.0( 1154): 	at com.dolphin.browser.core.r.a(MixedTab.java:147)
W/TunnyBrowser_7.3.0( 1154): 	at com.dolphin.browser.core.r.a(MixedTab.java:130)
W/TunnyBrowser_7.3.0( 1154): 	at com.dolphin.browser.core.r.loadUrl(MixedTab.java:296)
W/TunnyBrowser_7.3.0( 1154): 	at com.dolphin.browser.core.t.loadUrl(HomePageTab.java:50)
W/TunnyBrowser_7.3.0( 1154): 	at mobi.mgeek.TunnyBrowser.BrowserActivity.a(BrowserActivity.java:3984)
W/TunnyBrowser_7.3.0( 1154): 	at mobi.mgeek.TunnyBrowser.BrowserActivity.a(BrowserActivity.java:4000)
W/TunnyBrowser_7.3.0( 1154): 	at mobi.mgeek.TunnyBrowser.BrowserActivity.onNewIntent(BrowserActivity.java:966)
W/TunnyBrowser_7.3.0( 1154): 	at android.app.Instrumentation.callActivityOnNewIntent(Instrumentation.java:1119)
W/TunnyBrowser_7.3.0( 1154): 	at android.app.ActivityThread.deliverNewIntents(ActivityThread.java:1843)
W/TunnyBrowser_7.3.0( 1154): 	at android.app.ActivityThread.performNewIntents(ActivityThread.java:1855)
W/TunnyBrowser_7.3.0( 1154): 	at android.app.ActivityThread.handleNewIntent(ActivityThread.java:1863)
W/TunnyBrowser_7.3.0( 1154): 	at android.app.ActivityThread.access$2300(ActivityThread.java:123)
W/TunnyBrowser_7.3.0( 1154): 	at android.app.ActivityThread$H.handleMessage(ActivityThread.java:986)
W/TunnyBrowser_7.3.0( 1154): 	at android.os.Handler.dispatchMessage(Handler.java:99)
W/TunnyBrowser_7.3.0( 1154): 	at android.os.Looper.loop(Looper.java:130)
W/TunnyBrowser_7.3.0( 1154): 	at android.app.ActivityThread.main(ActivityThread.java:3835)
W/TunnyBrowser_7.3.0( 1154): 	at java.lang.reflect.Method.invokeNative(Native Method)
W/TunnyBrowser_7.3.0( 1154): 	at java.lang.reflect.Method.invoke(Method.java:507)
W/TunnyBrowser_7.3.0( 1154): 	at com.android.internal.os.ZygoteInit$MethodAndArgsCaller.run(ZygoteInit.java:847)
W/TunnyBrowser_7.3.0( 1154): 	at com.android.internal.os.ZygoteInit.main(ZygoteInit.java:605)
W/TunnyBrowser_7.3.0( 1154): 	at dalvik.system.NativeStart.main(Native Method)
W/TunnyBrowser_7.3.0( 1154): java.lang.NoSuchMethodError: android.webkit.WebSettings.setNeedFirstElement
W/TunnyBrowser_7.3.0( 1154): 	at com.dolphin.browser.androidwebkit.WebSettingsV8_Sense.a(WebSettingsV8_Sense.java:45)
W/TunnyBrowser_7.3.0( 1154): 	at com.dolphin.browser.androidwebkit.WebSettingsV8_Sense.<init>(WebSettingsV8_Sense.java:35)
W/TunnyBrowser_7.3.0( 1154): 	at java.lang.reflect.Constructor.constructNative(Native Method)
W/TunnyBrowser_7.3.0( 1154): 	at java.lang.reflect.Constructor.newInstance(Constructor.java:415)
W/TunnyBrowser_7.3.0( 1154): 	at com.dolphin.browser.core.d.a(WebSettingsFactory.java:67)
W/TunnyBrowser_7.3.0( 1154): 	at com.dolphin.browser.androidwebkit.MyWebView.getWebSettings(MyWebView.java:1146)
W/TunnyBrowser_7.3.0( 1154): 	at com.dolphin.browser.androidwebkit.MyWebView.g(MyWebView.java:1228)
W/TunnyBrowser_7.3.0( 1154): 	at com.dolphin.browser.androidwebkit.WebViewV9_10.b(WebViewV9_10.java:153)
W/TunnyBrowser_7.3.0( 1154): 	at com.dolphin.browser.androidwebkit.MyWebView.onAttachedToWindow(MyWebView.java:1245)
W/TunnyBrowser_7.3.0( 1154): 	at android.view.View.dispatchAttachedToWindow(View.java:6173)
W/TunnyBrowser_7.3.0( 1154): 	at android.view.ViewGroup.dispatchAttachedToWindow(ViewGroup.java:1122)
W/TunnyBrowser_7.3.0( 1154): 	at android.view.ViewGroup.dispatchAttachedToWindow(ViewGroup.java:1127)
W/TunnyBrowser_7.3.0( 1154): 	at android.view.ViewGroup.addViewInner(ViewGroup.java:2011)
W/TunnyBrowser_7.3.0( 1154): 	at android.view.ViewGroup.addView(ViewGroup.java:1871)
W/TunnyBrowser_7.3.0( 1154): 	at android.view.ViewGroup.addView(ViewGroup.java:1841)
W/TunnyBrowser_7.3.0( 1154): 	at com.dolphin.browser.core.k.h(TabImpl.java:212)
W/TunnyBrowser_7.3.0( 1154): 	at com.dolphin.browser.core.k.b(TabImpl.java:221)
W/TunnyBrowser_7.3.0( 1154): 	at com.dolphin.browser.core.r.a(MixedTab.java:151)
W/TunnyBrowser_7.3.0( 1154): 	at com.dolphin.browser.core.r.a(MixedTab.java:130)
W/TunnyBrowser_7.3.0( 1154): 	at com.dolphin.browser.core.r.loadUrl(MixedTab.java:296)
W/TunnyBrowser_7.3.0( 1154): 	at com.dolphin.browser.core.t.loadUrl(HomePageTab.java:50)
W/TunnyBrowser_7.3.0( 1154): 	at mobi.mgeek.TunnyBrowser.BrowserActivity.a(BrowserActivity.java:3984)
W/TunnyBrowser_7.3.0( 1154): 	at mobi.mgeek.TunnyBrowser.BrowserActivity.a(BrowserActivity.java:4000)
W/TunnyBrowser_7.3.0( 1154): 	at mobi.mgeek.TunnyBrowser.BrowserActivity.onNewIntent(BrowserActivity.java:966)
W/TunnyBrowser_7.3.0( 1154): 	at android.app.Instrumentation.callActivityOnNewIntent(Instrumentation.java:1119)
W/TunnyBrowser_7.3.0( 1154): 	at android.app.ActivityThread.deliverNewIntents(ActivityThread.java:1843)
W/TunnyBrowser_7.3.0( 1154): 	at android.app.ActivityThread.performNewIntents(ActivityThread.java:1855)
W/TunnyBrowser_7.3.0( 1154): 	at android.app.ActivityThread.handleNewIntent(ActivityThread.java:1863)
W/TunnyBrowser_7.3.0( 1154): 	at android.app.ActivityThread.access$2300(ActivityThread.java:123)
W/TunnyBrowser_7.3.0( 1154): 	at android.app.ActivityThread$H.handleMessage(ActivityThread.java:986)
W/TunnyBrowser_7.3.0( 1154): 	at android.os.Handler.dispatchMessage(Handler.java:99)
W/TunnyBrowser_7.3.0( 1154): 	at android.os.Looper.loop(Looper.java:130)
W/TunnyBrowser_7.3.0( 1154): 	at android.app.ActivityThread.main(ActivityThread.java:3835)
W/TunnyBrowser_7.3.0( 1154): 	at java.lang.reflect.Method.invokeNative(Native Method)
W/TunnyBrowser_7.3.0( 1154): 	at java.lang.reflect.Method.invoke(Method.java:507)
W/TunnyBrowser_7.3.0( 1154): 	at com.android.internal.os.ZygoteInit$MethodAndArgsCaller.run(ZygoteInit.java:847)
W/TunnyBrowser_7.3.0( 1154): 	at com.android.internal.os.ZygoteInit.main(ZygoteInit.java:605)
W/TunnyBrowser_7.3.0( 1154): 	at dalvik.system.NativeStart.main(Native Method)
W/TunnyBrowser_7.3.0( 1154): java.lang.NoSuchMethodError: android.webkit.WebSettings.setNeedFirstElement
W/TunnyBrowser_7.3.0( 1154): 	at com.dolphin.browser.androidwebkit.WebSettingsV8_Sense.a(WebSettingsV8_Sense.java:45)
W/TunnyBrowser_7.3.0( 1154): 	at com.dolphin.browser.androidwebkit.WebSettingsV8_Sense.<init>(WebSettingsV8_Sense.java:35)
W/TunnyBrowser_7.3.0( 1154): 	at java.lang.reflect.Constructor.constructNative(Native Method)
W/TunnyBrowser_7.3.0( 1154): 	at java.lang.reflect.Constructor.newInstance(Constructor.java:415)
W/TunnyBrowser_7.3.0( 1154): 	at com.dolphin.browser.core.d.a(WebSettingsFactory.java:67)
W/TunnyBrowser_7.3.0( 1154): 	at com.dolphin.browser.androidwebkit.MyWebView.getWebSettings(MyWebView.java:1146)
W/TunnyBrowser_7.3.0( 1154): 	at com.dolphin.browser.androidwebkit.MyWebView.g(MyWebView.java:1228)
W/TunnyBrowser_7.3.0( 1154): 	at com.dolphin.browser.androidwebkit.MyWebView.onSizeChanged(MyWebView.java:1319)
W/TunnyBrowser_7.3.0( 1154): 	at android.view.View.setFrame(View.java:7259)
W/TunnyBrowser_7.3.0( 1154): 	at android.webkit.WebView.setFrame(WebView.java:4663)
W/TunnyBrowser_7.3.0( 1154): 	at android.view.View.layout(View.java:7186)
W/TunnyBrowser_7.3.0( 1154): 	at android.widget.FrameLayout.onLayout(FrameLayout.java:338)
W/TunnyBrowser_7.3.0( 1154): 	at android.view.View.layout(View.java:7192)
W/TunnyBrowser_7.3.0( 1154): 	at android.widget.FrameLayout.onLayout(FrameLayout.java:338)
W/TunnyBrowser_7.3.0( 1154): 	at android.view.View.layout(View.java:7192)
W/TunnyBrowser_7.3.0( 1154): 	at android.widget.FrameLayout.onLayout(FrameLayout.java:338)
W/TunnyBrowser_7.3.0( 1154): 	at android.view.View.layout(View.java:7192)
W/TunnyBrowser_7.3.0( 1154): 	at android.widget.LinearLayout.setChildFrame(LinearLayout.java:1254)
W/TunnyBrowser_7.3.0( 1154): 	at android.widget.LinearLayout.layoutHorizontal(LinearLayout.java:1243)
W/TunnyBrowser_7.3.0( 1154): 	at android.widget.LinearLayout.onLayout(LinearLayout.java:1049)
W/TunnyBrowser_7.3.0( 1154): 	at com.mgeek.android.ui.FlingableLinearLayout.onLayout(FlingableLinearLayout.java:210)
W/TunnyBrowser_7.3.0( 1154): 	at android.view.View.layout(View.java:7192)
W/TunnyBrowser_7.3.0( 1154): 	at com.mgeek.android.ui.ScrollableView.onLayout(ScrollableView.java:171)
W/TunnyBrowser_7.3.0( 1154): 	at android.view.View.layout(View.java:7192)
W/TunnyBrowser_7.3.0( 1154): 	at android.widget.FrameLayout.onLayout(FrameLayout.java:338)
W/TunnyBrowser_7.3.0( 1154): 	at android.view.View.layout(View.java:7192)
W/TunnyBrowser_7.3.0( 1154): 	at android.widget.FrameLayout.onLayout(FrameLayout.java:338)
W/TunnyBrowser_7.3.0( 1154): 	at android.view.View.layout(View.java:7192)
W/TunnyBrowser_7.3.0( 1154): 	at android.widget.FrameLayout.onLayout(FrameLayout.java:338)
W/TunnyBrowser_7.3.0( 1154): 	at android.view.View.layout(View.java:7192)
W/TunnyBrowser_7.3.0( 1154): 	at android.view.ViewRoot.performTraversals(ViewRoot.java:1145)
W/TunnyBrowser_7.3.0( 1154): 	at android.view.ViewRoot.handleMessage(ViewRoot.java:1865)
W/TunnyBrowser_7.3.0( 1154): 	at android.os.Handler.dispatchMessage(Handler.java:99)
W/TunnyBrowser_7.3.0( 1154): 	at android.os.Looper.loop(Looper.java:130)
