I/mm-camera(  129): Open Device node : /dev/msm_camera/frame0 
D/IntentSniffer( 1281): In loop of initContro, woke up from sleep
D/IntentSniffer( 1281): Thu Mar 01 21:09:29 EST 2012 recent intent added: Intent { act=android.intent.action.MAIN cat=[android.intent.category.LAUNCHER] flg=0x10200000 cmp=com.facebook.katana/.LoginActivity bnds=[125,415][235,533] }1080290192
D/IntentSniffer( 1281): Thu Mar 01 21:09:29 EST 2012 recent intent added: Intent { act=android.intent.action.SEARCH flg=0x10000000 cmp=mobi.mgeek.TunnyBrowser/.BrowserActivity (has extras) }1080290904
D/IntentSniffer( 1281): Thu Mar 01 21:09:29 EST 2012 recent intent added: Intent { flg=0x10800000 cmp=com.google.android.gsf/.update.SystemUpdateInstallDialog }1080291408
D/mm-camera-ov8810_u(  129): andy cam_mode_sel 0
E/mm-camera 8x vfe(  129): vfe_util_updaterollofftbl: sensor doesn't support rolloff correction by VFE
D/IntentSniffer( 1281): Thu Mar 01 21:09:29 EST 2012 recent intent added: Intent { act=android.intent.action.MAIN cat=[android.intent.category.HOME] flg=0x10000000 cmp=com.android.launcher/.Launcher }1080291768
D/QualcommCameraHardware(  129): startPreview X
D/dalvikvm(  180): GC_EXPLICIT freed 747K, 36% free 7296K/11335K, external 4423K/5524K, paused 117ms
I/ActivityManager(  180): Displayed com.android.camera/.Camera: +1s585ms
W/IInputConnectionWrapper( 1003): showStatusIcon on inactive InputConnection
D/BaseCamera( 1289): initializeTouchFocus
D/BaseCamera( 1289): enableTouchAEC: false
D/QualcommCameraHardware(  129): requested preview size 640 x 480
D/QualcommCameraHardware(  129): requested picture size 3264 x 2448
D/QualcommCameraHardware(  129): value:31000, country value:310, country code:310
D/QualcommCameraHardware(  129): native_access_parm: fd 21, type 21, length 4
D/QualcommCameraHardware(  129): native_access_parm: fd 21, type 15, length 4
D/QualcommCameraHardware(  129): native_access_parm: fd 21, type 14, length 4
D/QualcommCameraHardware(  129): setFlash 0
D/QualcommCameraHardware(  129): native_access_parm: fd 21, type 49, length 4
D/mm-camera-ctrlcmd(  129): In config_proc_CAMERA_SET_PARM_LED_MODE: 0
I/QualcommCameraHardware(  129): Set zoom=0 30
D/QualcommCameraHardware(  129): native_access_parm: fd 21, type 2, length 4
I/QualcommCameraHardware(  129): Setting Contrast is 5
D/QualcommCameraHardware(  129): native_access_parm: fd 21, type 6, length 4
I/QualcommCameraHardware(  129): Setting Brightness is 3
D/QualcommCameraHardware(  129): native_access_parm: fd 21, type 7, length 4
I/QualcommCameraHardware(  129): Setting Saturation is 5
D/QualcommCameraHardware(  129): native_access_parm: fd 21, type 11, length 4
I/QualcommCameraHardware(  129): Setting Sharpness is 10
D/QualcommCameraHardware(  129): native_access_parm: fd 21, type 9, length 4
D/QualcommCameraHardware(  129): native_access_parm: fd 21, type 12, length 4
I/mm-camera-ctrlcmd(  129): md.d.aec_mode.aec_mode:1
I/mm-camera-aec(  129): Touch AEC  == numRegions:256
I/mm-camera-aec(  129): Touch AEC aecCtrl->aec_state.aec_algo:1
D/QualcommCameraHardware(  129): not defined touch-focus yet, or AP without touch-focus function
I/QualcommCameraHardware(  129): Before Setting coordinate x:320 y:240
I/QualcommCameraHardware(  129): Setting coordinate x:2 y:2
D/QualcommCameraHardware(  129): native_access_parm: fd 21, type 60, length 28
I/mm-camera 8x vfe(  129): vfe_set_coordinate x:2 y:2
D/QualcommCameraHardware(  129): native_access_parm: fd 21, type 26, length 4
D/mm-camera-ctrlcmd(  129): md.d.aec_iso_mode = 0
D/QualcommCameraHardware(  129): native_access_parm: fd 21, type 62, length 4
D/QualcommCameraHardware(  129): native_access_parm: fd 21, type 8, length 4
D/QualcommCameraHardware(  129): virtual android::status_t android::QualcommCameraHardware::setParameters(const android::CameraParameters&), final_rc=0
D/dalvikvm( 1289): GC_CONCURRENT freed 258K, 49% free 2895K/5639K, external 277K/525K, paused 3ms+4ms
D/libEGL  ( 1289): loaded /system/lib/egl/libGLES_android.so
D/libEGL  ( 1289): loaded /system/lib/egl/libEGL_adreno200.so
D/libEGL  ( 1289): loaded /system/lib/egl/libGLESv1_CM_adreno200.so
D/libEGL  ( 1289): loaded /system/lib/egl/libGLESv2_adreno200.so
V/GLRootView( 1289): onSurfaceChanged: 799x480, gl10: com.google.android.gles_jni.GLImpl@4068abc8
V/GLRootView( 1289): layout content pane 799x480
D/IntentSniffer( 1281): In loop of initContro, woke up from sleep
D/IntentSniffer( 1281): Thu Mar 01 21:09:30 EST 2012 recent intent added: Intent { act=android.intent.action.MAIN cat=[android.intent.category.LAUNCHER] flg=0x10200000 cmp=com.facebook.katana/.LoginActivity bnds=[125,415][235,533] }1080330768
D/IntentSniffer( 1281): Thu Mar 01 21:09:30 EST 2012 recent intent added: Intent { act=android.intent.action.SEARCH flg=0x10000000 cmp=mobi.mgeek.TunnyBrowser/.BrowserActivity (has extras) }1080331480
D/IntentSniffer( 1281): Thu Mar 01 21:09:30 EST 2012 recent intent added: Intent { flg=0x10800000 cmp=com.google.android.gsf/.update.SystemUpdateInstallDialog }1080331984
D/IntentSniffer( 1281): Thu Mar 01 21:09:30 EST 2012 recent intent added: Intent { act=android.intent.action.MAIN cat=[android.intent.category.HOME] flg=0x10000000 cmp=com.android.launcher/.Launcher }1080332344
D/IntentSniffer( 1281): In loop of initContro, woke up from sleep
D/IntentSniffer( 1281): Thu Mar 01 21:09:31 EST 2012 recent intent added: Intent { act=android.intent.action.MAIN cat=[android.intent.category.LAUNCHER] flg=0x10200000 cmp=com.facebook.katana/.LoginActivity bnds=[125,415][235,533] }1080371344
D/IntentSniffer( 1281): Thu Mar 01 21:09:31 EST 2012 recent intent added: Intent { act=android.intent.action.SEARCH flg=0x10000000 cmp=mobi.mgeek.TunnyBrowser/.BrowserActivity (has extras) }1080372056
D/IntentSniffer( 1281): Thu Mar 01 21:09:31 EST 2012 recent intent added: Intent { flg=0x10800000 cmp=com.google.android.gsf/.update.SystemUpdateInstallDialog }1080372560
D/IntentSniffer( 1281): Thu Mar 01 21:09:31 EST 2012 recent intent added: Intent { act=android.intent.action.MAIN cat=[android.intent.category.HOME] flg=0x10000000 cmp=com.android.launcher/.Launcher }1080372920
D/dalvikvm(  180): GC_EXPLICIT freed 175K, 37% free 7142K/11335K, external 1540K/2052K, paused 120ms
D/IntentSniffer( 1281): In loop of initContro, woke up from sleep
D/IntentSniffer( 1281): Thu Mar 01 21:09:32 EST 2012 recent intent added: Intent { act=android.intent.action.MAIN cat=[android.intent.category.LAUNCHER] flg=0x10200000 cmp=com.facebook.katana/.LoginActivity bnds=[125,415][235,533] }1080411864
D/IntentSniffer( 1281): Thu Mar 01 21:09:32 EST 2012 recent intent added: Intent { act=android.intent.action.SEARCH flg=0x10000000 cmp=mobi.mgeek.TunnyBrowser/.BrowserActivity (has extras) }1080412576
D/IntentSniffer( 1281): Thu Mar 01 21:09:32 EST 2012 recent intent added: Intent { flg=0x10800000 cmp=com.google.android.gsf/.update.SystemUpdateInstallDialog }1080413080
D/IntentSniffer( 1281): Thu Mar 01 21:09:32 EST 2012 recent intent added: Intent { act=android.intent.action.MAIN cat=[android.intent.category.HOME] flg=0x10000000 cmp=com.android.launcher/.Launcher }1080413440
D/IntentSniffer( 1281): In loop of initContro, woke up from sleep
D/IntentSniffer( 1281): Thu Mar 01 21:09:33 EST 2012 recent intent added: Intent { act=android.intent.action.MAIN cat=[android.intent.category.LAUNCHER] flg=0x10200000 cmp=com.facebook.katana/.LoginActivity bnds=[125,415][235,533] }1080452384
D/IntentSniffer( 1281): Thu Mar 01 21:09:33 EST 2012 recent intent added: Intent { act=android.intent.action.SEARCH flg=0x10000000 cmp=mobi.mgeek.TunnyBrowser/.BrowserActivity (has extras) }1080453096
D/IntentSniffer( 1281): Thu Mar 01 21:09:33 EST 2012 recent intent added: Intent { flg=0x10800000 cmp=com.google.android.gsf/.update.SystemUpdateInstallDialog }1080453600
D/IntentSniffer( 1281): Thu Mar 01 21:09:33 EST 2012 recent intent added: Intent { act=android.intent.action.MAIN cat=[android.intent.category.HOME] flg=0x10000000 cmp=com.android.launcher/.Launcher }1080453960
D/IntentSniffer( 1281): In loop of initContro, woke up from sleep
D/IntentSniffer( 1281): Thu Mar 01 21:09:34 EST 2012 recent intent added: Intent { act=android.intent.action.MAIN cat=[android.intent.category.LAUNCHER] flg=0x10200000 cmp=com.facebook.katana/.LoginActivity bnds=[125,415][235,533] }1080492904
D/IntentSniffer( 1281): Thu Mar 01 21:09:34 EST 2012 recent intent added: Intent { act=android.intent.action.SEARCH flg=0x10000000 cmp=mobi.mgeek.TunnyBrowser/.BrowserActivity (has extras) }1080493616
D/IntentSniffer( 1281): Thu Mar 01 21:09:34 EST 2012 recent intent added: Intent { flg=0x10800000 cmp=com.google.android.gsf/.update.SystemUpdateInstallDialog }1080494120
D/IntentSniffer( 1281): Thu Mar 01 21:09:34 EST 2012 recent intent added: Intent { act=android.intent.action.MAIN cat=[android.intent.category.HOME] flg=0x10000000 cmp=com.android.launcher/.Launcher }1080494480
D/dalvikvm( 1003): GC_EXPLICIT freed 229K, 47% free 4904K/9159K, external 1181K/1342K, paused 93ms
D/IntentSniffer( 1281): In loop of initContro, woke up from sleep
D/IntentSniffer( 1281): Thu Mar 01 21:09:35 EST 2012 recent intent added: Intent { act=android.intent.action.MAIN cat=[android.intent.category.LAUNCHER] flg=0x10200000 cmp=com.facebook.katana/.LoginActivity bnds=[125,415][235,533] }1080533480
D/IntentSniffer( 1281): Thu Mar 01 21:09:35 EST 2012 recent intent added: Intent { act=android.intent.action.SEARCH flg=0x10000000 cmp=mobi.mgeek.TunnyBrowser/.BrowserActivity (has extras) }1080534192
D/IntentSniffer( 1281): Thu Mar 01 21:09:35 EST 2012 recent intent added: Intent { flg=0x10800000 cmp=com.google.android.gsf/.update.SystemUpdateInstallDialog }1080534696
D/IntentSniffer( 1281): Thu Mar 01 21:09:35 EST 2012 recent intent added: Intent { act=android.intent.action.MAIN cat=[android.intent.category.HOME] flg=0x10000000 cmp=com.android.launcher/.Launcher }1080535056
D/IntentSniffer( 1281): In loop of initContro, woke up from sleep
D/IntentSniffer( 1281): Thu Mar 01 21:09:36 EST 2012 recent intent added: Intent { act=android.intent.action.MAIN cat=[android.intent.category.LAUNCHER] flg=0x10200000 cmp=com.facebook.katana/.LoginActivity bnds=[125,415][235,533] }1080574000
D/IntentSniffer( 1281): Thu Mar 01 21:09:36 EST 2012 recent intent added: Intent { act=android.intent.action.SEARCH flg=0x10000000 cmp=mobi.mgeek.TunnyBrowser/.BrowserActivity (has extras) }1080574712
D/IntentSniffer( 1281): Thu Mar 01 21:09:36 EST 2012 recent intent added: Intent { flg=0x10800000 cmp=com.google.android.gsf/.update.SystemUpdateInstallDialog }1080575216
D/IntentSniffer( 1281): Thu Mar 01 21:09:36 EST 2012 recent intent added: Intent { act=android.intent.action.MAIN cat=[android.intent.category.HOME] flg=0x10000000 cmp=com.android.launcher/.Launcher }1080575576
D/dalvikvm( 1281): GC_CONCURRENT freed 434K, 53% free 2704K/5639K, external 32K/544K, paused 6ms+2ms
D/IntentSniffer( 1281): In loop of initContro, woke up from sleep
D/IntentSniffer( 1281): Thu Mar 01 21:09:37 EST 2012 recent intent added: Intent { act=android.intent.action.MAIN cat=[android.intent.category.LAUNCHER] flg=0x10200000 cmp=com.facebook.katana/.LoginActivity bnds=[125,415][235,533] }1080120000
D/IntentSniffer( 1281): Thu Mar 01 21:09:37 EST 2012 recent intent added: Intent { act=android.intent.action.SEARCH flg=0x10000000 cmp=mobi.mgeek.TunnyBrowser/.BrowserActivity (has extras) }1080191320
D/IntentSniffer( 1281): Thu Mar 01 21:09:37 EST 2012 recent intent added: Intent { flg=0x10800000 cmp=com.google.android.gsf/.update.SystemUpdateInstallDialog }1080140312
D/IntentSniffer( 1281): Thu Mar 01 21:09:37 EST 2012 recent intent added: Intent { act=android.intent.action.MAIN cat=[android.intent.category.HOME] flg=0x10000000 cmp=com.android.launcher/.Launcher }1080149096
D/IntentSniffer( 1281): In loop of initContro, woke up from sleep
D/IntentSniffer( 1281): Thu Mar 01 21:09:38 EST 2012 recent intent added: Intent { act=android.intent.action.MAIN cat=[android.intent.category.LAUNCHER] flg=0x10200000 cmp=com.facebook.katana/.LoginActivity bnds=[125,415][235,533] }1080126416
D/IntentSniffer( 1281): Thu Mar 01 21:09:38 EST 2012 recent intent added: Intent { act=android.intent.action.SEARCH flg=0x10000000 cmp=mobi.mgeek.TunnyBrowser/.BrowserActivity (has extras) }1080127112
D/IntentSniffer( 1281): Thu Mar 01 21:09:38 EST 2012 recent intent added: Intent { flg=0x10800000 cmp=com.google.android.gsf/.update.SystemUpdateInstallDialog }1080127616
D/IntentSniffer( 1281): Thu Mar 01 21:09:38 EST 2012 recent intent added: Intent { act=android.intent.action.MAIN cat=[android.intent.category.HOME] flg=0x10000000 cmp=com.android.launcher/.Launcher }1080127976
D/IntentSniffer( 1281): In loop of initContro, woke up from sleep
D/IntentSniffer( 1281): Thu Mar 01 21:09:39 EST 2012 recent intent added: Intent { act=android.intent.action.MAIN cat=[android.intent.category.LAUNCHER] flg=0x10200000 cmp=com.facebook.katana/.LoginActivity bnds=[125,415][235,533] }1080202496
D/IntentSniffer( 1281): Thu Mar 01 21:09:39 EST 2012 recent intent added: Intent { act=android.intent.action.SEARCH flg=0x10000000 cmp=mobi.mgeek.TunnyBrowser/.BrowserActivity (has extras) }1080203192
D/IntentSniffer( 1281): Thu Mar 01 21:09:39 EST 2012 recent intent added: Intent { flg=0x10800000 cmp=com.google.android.gsf/.update.SystemUpdateInstallDialog }1080203696
D/IntentSniffer( 1281): Thu Mar 01 21:09:39 EST 2012 recent intent added: Intent { act=android.intent.action.MAIN cat=[android.intent.category.HOME] flg=0x10000000 cmp=com.android.launcher/.Launcher }1080204056
D/dalvikvm( 1120): GC_EXPLICIT freed 375K, 51% free 2990K/6087K, external 0K/0K, paused 69ms
D/IntentSniffer( 1281): In loop of initContro, woke up from sleep
D/IntentSniffer( 1281): Thu Mar 01 21:09:40 EST 2012 recent intent added: Intent { act=android.intent.action.MAIN cat=[android.intent.category.LAUNCHER] flg=0x10200000 cmp=com.facebook.katana/.LoginActivity bnds=[125,415][235,533] }1080228568
D/IntentSniffer( 1281): Thu Mar 01 21:09:40 EST 2012 recent intent added: Intent { act=android.intent.action.SEARCH flg=0x10000000 cmp=mobi.mgeek.TunnyBrowser/.BrowserActivity (has extras) }1080229280
D/IntentSniffer( 1281): Thu Mar 01 21:09:40 EST 2012 recent intent added: Intent { flg=0x10800000 cmp=com.google.android.gsf/.update.SystemUpdateInstallDialog }1080229784
D/IntentSniffer( 1281): Thu Mar 01 21:09:40 EST 2012 recent intent added: Intent { act=android.intent.action.MAIN cat=[android.intent.category.HOME] flg=0x10000000 cmp=com.android.launcher/.Launcher }1080230144
D/IntentSniffer( 1281): In loop of initContro, woke up from sleep
D/IntentSniffer( 1281): Thu Mar 01 21:09:41 EST 2012 recent intent added: Intent { act=android.intent.action.MAIN cat=[android.intent.category.LAUNCHER] flg=0x10200000 cmp=com.facebook.katana/.LoginActivity bnds=[125,415][235,533] }1080278720
D/IntentSniffer( 1281): Thu Mar 01 21:09:41 EST 2012 recent intent added: Intent { act=android.intent.action.SEARCH flg=0x10000000 cmp=mobi.mgeek.TunnyBrowser/.BrowserActivity (has extras) }1080279432
D/IntentSniffer( 1281): Thu Mar 01 21:09:41 EST 2012 recent intent added: Intent { flg=0x10800000 cmp=com.google.android.gsf/.update.SystemUpdateInstallDialog }1080279936
D/IntentSniffer( 1281): Thu Mar 01 21:09:41 EST 2012 recent intent added: Intent { act=android.intent.action.MAIN cat=[android.intent.category.HOME] flg=0x10000000 cmp=com.android.launcher/.Launcher }1080280296
D/IntentSniffer( 1281): In loop of initContro, woke up from sleep
D/IntentSniffer( 1281): Thu Mar 01 21:09:42 EST 2012 recent intent added: Intent { act=android.intent.action.MAIN cat=[android.intent.category.LAUNCHER] flg=0x10200000 cmp=com.facebook.katana/.LoginActivity bnds=[125,415][235,533] }1080367696
D/IntentSniffer( 1281): Thu Mar 01 21:09:42 EST 2012 recent intent added: Intent { act=android.intent.action.SEARCH flg=0x10000000 cmp=mobi.mgeek.TunnyBrowser/.BrowserActivity (has extras) }1080368408
D/IntentSniffer( 1281): Thu Mar 01 21:09:42 EST 2012 recent intent added: Intent { flg=0x10800000 cmp=com.google.android.gsf/.update.SystemUpdateInstallDialog }1080368912
D/IntentSniffer( 1281): Thu Mar 01 21:09:42 EST 2012 recent intent added: Intent { act=android.intent.action.MAIN cat=[android.intent.category.HOME] flg=0x10000000 cmp=com.android.launcher/.Launcher }1080369272
D/IntentSniffer( 1281): In loop of initContro, woke up from sleep
D/IntentSniffer( 1281): Thu Mar 01 21:09:43 EST 2012 recent intent added: Intent { act=android.intent.action.MAIN cat=[android.intent.category.LAUNCHER] flg=0x10200000 cmp=com.facebook.katana/.LoginActivity bnds=[125,415][235,533] }1080294336
D/IntentSniffer( 1281): Thu Mar 01 21:09:43 EST 2012 recent intent added: Intent { act=android.intent.action.SEARCH flg=0x10000000 cmp=mobi.mgeek.TunnyBrowser/.BrowserActivity (has extras) }1080295048
D/IntentSniffer( 1281): Thu Mar 01 21:09:43 EST 2012 recent intent added: Intent { flg=0x10800000 cmp=com.google.android.gsf/.update.SystemUpdateInstallDialog }1080295552
D/IntentSniffer( 1281): Thu Mar 01 21:09:43 EST 2012 recent intent added: Intent { act=android.intent.action.MAIN cat=[android.intent.category.HOME] flg=0x10000000 cmp=com.android.launcher/.Launcher }1080295912
D/IntentSniffer( 1281): In loop of initContro, woke up from sleep
D/IntentSniffer( 1281): Thu Mar 01 21:09:45 EST 2012 recent intent added: Intent { act=android.intent.action.MAIN cat=[android.intent.category.LAUNCHER] flg=0x10200000 cmp=com.facebook.katana/.LoginActivity bnds=[125,415][235,533] }1080538904
D/IntentSniffer( 1281): Thu Mar 01 21:09:45 EST 2012 recent intent added: Intent { act=android.intent.action.SEARCH flg=0x10000000 cmp=mobi.mgeek.TunnyBrowser/.BrowserActivity (has extras) }1080539616
D/IntentSniffer( 1281): Thu Mar 01 21:09:45 EST 2012 recent intent added: Intent { flg=0x10800000 cmp=com.google.android.gsf/.update.SystemUpdateInstallDialog }1080540120
D/IntentSniffer( 1281): Thu Mar 01 21:09:45 EST 2012 recent intent added: Intent { act=android.intent.action.MAIN cat=[android.intent.category.HOME] flg=0x10000000 cmp=com.android.launcher/.Launcher }1080540480
D/IntentSniffer( 1281): In loop of initContro, woke up from sleep
D/IntentSniffer( 1281): Thu Mar 01 21:09:46 EST 2012 recent intent added: Intent { act=android.intent.action.MAIN cat=[android.intent.category.LAUNCHER] flg=0x10200000 cmp=com.facebook.katana/.LoginActivity bnds=[125,415][235,533] }1080378112
D/IntentSniffer( 1281): Thu Mar 01 21:09:46 EST 2012 recent intent added: Intent { act=android.intent.action.SEARCH flg=0x10000000 cmp=mobi.mgeek.TunnyBrowser/.BrowserActivity (has extras) }1080378824
D/IntentSniffer( 1281): Thu Mar 01 21:09:46 EST 2012 recent intent added: Intent { flg=0x10800000 cmp=com.google.android.gsf/.update.SystemUpdateInstallDialog }1080379328
D/IntentSniffer( 1281): Thu Mar 01 21:09:46 EST 2012 recent intent added: Intent { act=android.intent.action.MAIN cat=[android.intent.category.HOME] flg=0x10000000 cmp=com.android.launcher/.Launcher }1080379688
W/ActivityManager(  180): Timeout executing service: ServiceRecord{409f7128 com.siti/.IntentProcess}
I/Process (  180): Sending signal. PID: 1281 SIG: 3
I/dalvikvm( 1281): threadid=4: reacting to signal 3
I/dalvikvm( 1281): Wrote stack traces to '/data/anr/traces.txt'
I/Process (  180): Sending signal. PID: 180 SIG: 3
I/dalvikvm(  180): threadid=4: reacting to signal 3
I/dalvikvm(  180): Wrote stack traces to '/data/anr/traces.txt'
I/Process (  180): Sending signal. PID: 277 SIG: 3
I/dalvikvm(  277): threadid=4: reacting to signal 3
I/dalvikvm(  277): Wrote stack traces to '/data/anr/traces.txt'
I/Process (  180): Sending signal. PID: 257 SIG: 3
I/dalvikvm(  257): threadid=4: reacting to signal 3
I/dalvikvm(  257): Wrote stack traces to '/data/anr/traces.txt'
D/dalvikvm(  180): GC_EXPLICIT freed 594K, 35% free 7394K/11335K, external 1540K/2052K, paused 93ms
D/IntentSniffer( 1281): In loop of initContro, woke up from sleep
D/IntentSniffer( 1281): Thu Mar 01 21:09:47 EST 2012 recent intent added: Intent { act=android.intent.action.MAIN cat=[android.intent.category.LAUNCHER] flg=0x10200000 cmp=com.facebook.katana/.LoginActivity bnds=[125,415][235,533] }1080418656
D/IntentSniffer( 1281): Thu Mar 01 21:09:47 EST 2012 recent intent added: Intent { act=android.intent.action.SEARCH flg=0x10000000 cmp=mobi.mgeek.TunnyBrowser/.BrowserActivity (has extras) }1080419368
D/IntentSniffer( 1281): Thu Mar 01 21:09:47 EST 2012 recent intent added: Intent { flg=0x10800000 cmp=com.google.android.gsf/.update.SystemUpdateInstallDialog }1080419872
D/IntentSniffer( 1281): Thu Mar 01 21:09:47 EST 2012 recent intent added: Intent { act=android.intent.action.MAIN cat=[android.intent.category.HOME] flg=0x10000000 cmp=com.android.launcher/.Launcher }1080420232
I/Process (  180): Sending signal. PID: 1003 SIG: 3
I/dalvikvm( 1003): threadid=4: reacting to signal 3
I/dalvikvm( 1003): Wrote stack traces to '/data/anr/traces.txt'
I/Process (  180): Sending signal. PID: 1289 SIG: 3
I/dalvikvm( 1289): threadid=4: reacting to signal 3
I/dalvikvm( 1289): Wrote stack traces to '/data/anr/traces.txt'
I/Process (  180): Sending signal. PID: 1281 SIG: 9
E/ActivityManager(  180): ANR in com.siti
E/ActivityManager(  180): Reason: Executing service com.siti/.IntentProcess
E/ActivityManager(  180): Load: 2.82 / 2.57 / 1.27
E/ActivityManager(  180): CPU usage from 12432ms to -1ms ago:
E/ActivityManager(  180):   7.6% 129/mediaserver: 2.7% user + 4.8% kernel
E/ActivityManager(  180):   5.4% 180/system_server: 3.6% user + 1.8% kernel / faults: 251 minor
E/ActivityManager(  180):   5.3% 1003/com.facebook.katana: 4.7% user + 0.6% kernel / faults: 221 minor
E/ActivityManager(  180):   2% 1281/com.siti: 1.8% user + 0.1% kernel / faults: 251 minor
E/ActivityManager(  180):   0.7% 133/akmd: 0% user + 0.7% kernel
E/ActivityManager(  180):   0.6% 1120/com.mediawoz.goweather: 0.4% user + 0.1% kernel / faults: 62 minor
E/ActivityManager(  180):   0.5% 135/adbd: 0.1% user + 0.4% kernel
E/ActivityManager(  180):   0.4% 266/com.android.inputmethod.latin: 0.3% user + 0% kernel / faults: 11 minor
E/ActivityManager(  180):   0.4% 1289/com.android.camera: 0.3% user + 0% kernel / faults: 14 minor
E/ActivityManager(  180):   0.3% 13/kworker/0:1: 0% user + 0.3% kernel
E/ActivityManager(  180):   0.2% 982/logcat: 0% user + 0.1% kernel
E/ActivityManager(  180):   0.1% 6/rcu_kthread: 0.1% user + 0% kernel
E/ActivityManager(  180):   0.1% 257/com.android.systemui: 0.1% user + 0% kernel / faults: 8 minor
E/ActivityManager(  180):   0% 56/file-storage: 0% user + 0% kernel
E/ActivityManager(  180):   0% 72/mmcqd/2: 0% user + 0% kernel
E/ActivityManager(  180):   0% 79/flush-179:0: 0% user + 0% kernel
E/ActivityManager(  180):   0% 277/com.android.phone: 0% user + 0% kernel
E/ActivityManager(  180):   0% 314/com.google.process.gapps: 0% user + 0% kernel / faults: 3 minor
E/ActivityManager(  180): 15% TOTAL: 9% user + 6.1% kernel + 0% iowait
E/ActivityManager(  180): CPU usage from 332ms to 847ms later:
E/ActivityManager(  180):   9.4% 180/system_server: 5.6% user + 3.7% kernel / faults: 12 minor
E/ActivityManager(  180):     5.6% 198/ActivityManager: 3.7% user + 1.8% kernel
E/ActivityManager(  180):     3.7% 188/SurfaceFlinger: 3.7% user + 0% kernel
E/ActivityManager(  180):   7.5% 129/mediaserver: 0% user + 7.5% kernel
E/ActivityManager(  180):     5.6% 1299/mediaserver: 0% user + 5.6% kernel
E/ActivityManager(  180):     1.8% 1302/Binder Thread #: 1.8% user + 0% kernel
E/ActivityManager(  180):   2.8% 1003/com.facebook.katana: 2.8% user + 0% kernel
E/ActivityManager(  180):     2.8% 1227/WebViewCoreThre: 2.8% user + 0% kernel
E/ActivityManager(  180):   3% 1281/com.siti: 3% user + 0% kernel / faults: 13 minor
E/ActivityManager(  180):     1.5% 1281/com.siti: 1.5% user + 0% kernel
E/ActivityManager(  180):     1.5% 1286/Compiler: 1.5% user + 0% kernel
E/ActivityManager(  180):   1.3% 133/akmd: 0% user + 1.3% kernel
E/ActivityManager(  180):     1.3% 1215/akmd: 0% user + 1.3% kernel
E/ActivityManager(  180):   1.3% 135/adbd: 0% user + 1.3% kernel
E/ActivityManager(  180):   1.3% 277/com.android.phone: 1.3% user + 0% kernel
E/ActivityManager(  180):     1.3% 277/m.android.phone: 1.3% user + 0% kernel
E/ActivityManager(  180):   1.5% 1289/com.android.camera: 0% user + 1.5% kernel / faults: 3 minor
E/ActivityManager(  180):     1.5% 1294/Compiler: 1.5% user + 0% kernel
E/ActivityManager(  180): 19% TOTAL: 9.6% user + 9.6% kernel
I/ActivityManager(  180): Process com.siti (pid 1281) has died.
W/ActivityManager(  180): Canceling start item Intent { act=com.siti.IntentProcess } in service ComponentInfo{com.siti/com.siti.IntentProcess}
W/ActivityManager(  180): Scheduling restart of crashed service com.siti/.IntentProcess in 693408ms
V/camera  ( 1289): the keydown is  pressed first time
V/camera  ( 1289): Start autofocus.
D/dalvikvm( 1289): GC_EXTERNAL_ALLOC freed 35K, 49% free 2892K/5639K, external 438K/525K, paused 87ms
D/QualcommCameraHardware(  129): autoFocus E
D/QualcommCameraHardware(  129): autoFocus X
D/camera  ( 1289): doSnap: mFocusState=1 mFocusMode=auto
D/QualcommCameraHardware(  129): runAutoFocus E
D/QualcommCameraHardware(  129): af start (fd 57)
I/mm-camera 8x vfe(  129): ch=1214 cw=1619 vof=607 hof=809 wh=607 ww=809
V/camera  ( 1289): the keyup is pressed first time 
D/mm-camera af_core(  129): af_beta is executing!!
E/mm-camera-af(  129): af_algo_preview: FAILED....
D/QualcommCameraHardware(  129): native_set_afmode: ctrlCmd.status == 1
D/QualcommCameraHardware(  129): af done: 1
D/QualcommCameraHardware(  129): runAutoFocus X
E/camera  ( 1289): <PROFILE> mAutoFocusTime = 582ms
D/QualcommCameraHardware(  129): requested preview size 640 x 480
D/QualcommCameraHardware(  129): requested picture size 3264 x 2448
D/QualcommCameraHardware(  129): value:31000, country value:310, country code:310
D/QualcommCameraHardware(  129): native_access_parm: fd 21, type 21, length 4
D/QualcommCameraHardware(  129): native_access_parm: fd 21, type 15, length 4
D/QualcommCameraHardware(  129): native_access_parm: fd 21, type 14, length 4
D/QualcommCameraHardware(  129): setFlash 0
D/QualcommCameraHardware(  129): native_access_parm: fd 21, type 49, length 4
D/mm-camera-ctrlcmd(  129): In config_proc_CAMERA_SET_PARM_LED_MODE: 0
I/QualcommCameraHardware(  129): Set zoom=0 30
D/QualcommCameraHardware(  129): native_access_parm: fd 21, type 2, length 4
I/QualcommCameraHardware(  129): Setting Contrast is 5
D/QualcommCameraHardware(  129): native_access_parm: fd 21, type 6, length 4
I/QualcommCameraHardware(  129): Setting Brightness is 3
D/QualcommCameraHardware(  129): native_access_parm: fd 21, type 7, length 4
I/QualcommCameraHardware(  129): Setting Saturation is 5
D/QualcommCameraHardware(  129): native_access_parm: fd 21, type 11, length 4
I/QualcommCameraHardware(  129): Setting Sharpness is 10
D/QualcommCameraHardware(  129): native_access_parm: fd 21, type 9, length 4
D/QualcommCameraHardware(  129): native_access_parm: fd 21, type 12, length 4
I/mm-camera-ctrlcmd(  129): md.d.aec_mode.aec_mode:1
I/mm-camera-aec(  129): Touch AEC  == numRegions:256
I/mm-camera-aec(  129): Touch AEC aecCtrl->aec_state.aec_algo:1
D/QualcommCameraHardware(  129): not defined touch-focus yet, or AP without touch-focus function
I/QualcommCameraHardware(  129): Before Setting coordinate x:320 y:240
I/QualcommCameraHardware(  129): Setting coordinate x:2 y:2
D/QualcommCameraHardware(  129): native_access_parm: fd 21, type 60, length 28
I/mm-camera 8x vfe(  129): vfe_set_coordinate x:2 y:2
D/QualcommCameraHardware(  129): native_access_parm: fd 21, type 26, length 4
D/mm-camera-ctrlcmd(  129): md.d.aec_iso_mode = 0
D/QualcommCameraHardware(  129): native_access_parm: fd 21, type 62, length 4
D/QualcommCameraHardware(  129): native_access_parm: fd 21, type 8, length 4
D/QualcommCameraHardware(  129): virtual android::status_t android::QualcommCameraHardware::setParameters(const android::CameraParameters&), final_rc=0
D/QualcommCameraHardware(  129): takePicture(479)
D/QualcommCameraHardware(  129): val_ril_status = 0,val_wimax_status = 0,val_hotspot_status = 0,val_low_temp_limit = 10.000000,val_batt_temp = 33.700001,val_low_temp_limit = 15,val_batt_cap  = 100
D/QualcommCameraHardware(  129): FLASHLIGHT is ENABLED
D/QualcommCameraHardware(  129): stopPreviewInternal E: 1
D/QualcommCameraHardware(  129): cancelAutoFocusInternal E
D/QualcommCameraHardware(  129): cancelAutoFocusInternal X: 0
I/QualcommCameraHardware(  129): deinitPreview E
D/QualcommCameraHardware(  129): launch_watchdog_thread:
D/QualcommCameraHardware(  129): watchdog_thread_id = 324768
I/QualcommCameraHardware(  129): deinitPreview X
D/QualcommCameraHardware(  129): stopPreviewInternal X: 0
D/QualcommCameraHardware(  129): initRaw E: raw size=3264x2448
D/QualcommCameraHardware(  129): initRaw: raw ration = 0.750000, display size=640x480
D/QualcommCameraHardware(  129): initRaw: thumbnail_width=640, thumbnail_height=480, thumbnail_buffer_size=460800
D/QualcommCameraHardware(  129): native_access_parm: fd 21, type 1, length 32
D/mm-camera-ov8810_u(  129): andy cam_mode_sel 0
D/QualcommCameraHardware(  129): initRaw: initializing mRawHeap.
E/MemoryHeapBase(  129): error opening /dev/pmem_camera: No such file or directory
E/QualcommCameraHardware(  129): failed to construct master heap for pmem pool /dev/pmem_camera
E/QualcommCameraHardware(  129): initRaw X failed with pmem_camera, trying with pmem_adsp
I/QualcommCameraHardware(  129): pmem pool /dev/pmem_adsp ioctl(fd = 60, PMEM_GET_SIZE) is 16777216
D/QualcommCameraHardware(  129): mBufferSize=11985408, mAlignedBufferSize=11988992
E/QualcommCameraHardware(  129): num_buffers = 1
I/QualcommCameraHardware(  129): register_buf: camfd = 58, reg = 0 buffer = 0x431b5000
D/QualcommCameraHardware(  129): do_mmap snapshot pbuf = 0x431b5000, pmem_fd = 60
D/QualcommCameraHardware(  129): initRaw: initializing mJpegHeap.
I/QualcommCameraHardware(  129): pmem pool /dev/pmem_adsp ioctl(fd = 63, PMEM_GET_SIZE) is 524288
D/QualcommCameraHardware(  129): mBufferSize=460800, mAlignedBufferSize=524288
E/QualcommCameraHardware(  129): num_buffers = 1
I/QualcommCameraHardware(  129): register_buf: camfd = 61, reg = 0 buffer = 0x40412000
D/QualcommCameraHardware(  129): initRaw X
D/QualcommCameraHardware(  129): takePicture: X
I/QualcommCameraHardware(  129): register_buf: camfd = 49, reg = 1 buffer = 0x426c0000
I/QualcommCameraHardware(  129): register_buf: camfd = 49, reg = 1 buffer = 0x42740000
I/QualcommCameraHardware(  129): register_buf: camfd = 49, reg = 1 buffer = 0x427c0000
I/QualcommCameraHardware(  129): register_buf: camfd = 49, reg = 1 buffer = 0x42840000
I/QualcommCameraHardware(  129): register_buf: camfd = 52, reg = 1 buffer = 0x4291b000
I/QualcommCameraHardware(  129): register_buf: camfd = 52, reg = 1 buffer = 0x4299b000
I/QualcommCameraHardware(  129): register_buf: camfd = 52, reg = 1 buffer = 0x42a1b000
I/QualcommCameraHardware(  129): register_buf: camfd = 52, reg = 1 buffer = 0x42a9b000
I/QualcommCameraHardware(  129): register_buf: camfd = 52, reg = 1 buffer = 0x42b1b000
I/QualcommCameraHardware(  129): register_buf: camfd = 52, reg = 1 buffer = 0x42b9b000
I/QualcommCameraHardware(  129): register_buf: camfd = 52, reg = 1 buffer = 0x42c1b000
I/QualcommCameraHardware(  129): register_buf: camfd = 52, reg = 1 buffer = 0x42c9b000
D/QualcommCameraHardware(  129): frame_thread X
D/QualcommCameraHardware(  129): watchdog_thread_id = 324768
D/QualcommCameraHardware(  129): release_watchdog_thread: frame_thread_released = 1
D/QualcommCameraHardware(  129): snapshot_thread E
D/QualcommCameraHardware(  129): receiveRawPicture: E
D/mm-camera 8x-vfe snapshot(  129): VFE_CAMIFCfgCmd.camifConfig.vSyncEdge 0
D/mm-camera 8x-vfe snapshot(  129): VFE_CAMIFCfgCmd.camifConfig.hSyncEdge 0
D/mm-camera 8x-vfe snapshot(  129): VFE_CAMIFCfgCmd.camifConfig.syncMode 0
D/mm-camera 8x-vfe snapshot(  129): VFE_CAMIFCfgCmd.camifConfig.vfeSubSampleEnable 0
D/mm-camera 8x-vfe snapshot(  129): VFE_CAMIFCfgCmd.camifConfig.busSubSampleEnable 0
D/mm-camera 8x-vfe snapshot(  129): VFE_CAMIFCfgCmd.camifConfig.irqSubSampleEnable 0
D/mm-camera 8x-vfe snapshot(  129): VFE_CAMIFCfgCmd.camifConfig.binningEnable 0
D/mm-camera 8x-vfe snapshot(  129): VFE_CAMIFCfgCmd.camifConfig.misrEnable 0
D/mm-camera 8x-vfe snapshot(  129): VFE_CAMIFCfgCmd.EFS.efsEndOfLine 0
D/mm-camera 8x-vfe snapshot(  129): VFE_CAMIFCfgCmd.EFS.efsStartOfLine 0
D/mm-camera 8x-vfe snapshot(  129): VFE_CAMIFCfgCmd.EFS.efsEndOfFrame 0
D/mm-camera 8x-vfe snapshot(  129): VFE_CAMIFCfgCmd.EFS.efsStartOfFrame 0
D/mm-camera 8x-vfe snapshot(  129): VFE_CAMIFCfgCmd.window.firstPixel 0
D/mm-camera 8x-vfe snapshot(  129): VFE_CAMIFCfgCmd.window.lastPixel 3279
D/mm-camera 8x-vfe snapshot(  129): VFE_CAMIFCfgCmd.window.firstLine 0
D/mm-camera 8x-vfe snapshot(  129): VFE_CAMIFCfgCmd.window.lastLine 2455
D/mm-camera 8x-vfe snapshot(  129): VFE_CAMIFCfgCmd.frame.pixelsPerLine 3280
D/mm-camera 8x-vfe snapshot(  129): VFE_CAMIFCfgCmd.frame.linesPerFrame 2456
D/mm-camera 8x-vfe snapshot(  129): VFE_CAMIFCfgCmd.subsample.pixelSkipMask 65535
D/mm-camera 8x-vfe snapshot(  129): VFE_CAMIFCfgCmd.subsample.lineSkipMask 65535
D/mm-camera 8x-vfe snapshot(  129): VFE_CAMIFCfgCmd.subsample.frameSkip 0
D/mm-camera 8x-vfe snapshot(  129): VFE_CAMIFCfgCmd.subsample.frameSkipMode 0
D/mm-camera 8x-vfe snapshot(  129): VFE_CAMIFCfgCmd.subsample.pixelSkipWrap 0
E/mm-camera 8x vfe(  129): vfe_util_updaterollofftbl: sensor doesn't support rolloff correction by VFE
D/mm-camera-ov8810_u(  129): ov8810_set_snapshot_exposure_gain led_active = 0
D/mm-camera-ov8810_u(  129): ov8810_set_snapshot_exposure_gain snapshot_config_ptr->antibanding 1, snapshot: gain 1 linecount 800
D/mm-camera-ov8810_u(  129): ov8810_set_snapshot_exposure_gain snapshot_linesPerFrame 2500 snapshot_fps 2472.434608 snapshot_exposuretime 0.033133
D/mm-camera-ov8810_u(  129): Anti-banding 60Hz, new exp_time (ms) = 0.025000, no antiband exp_time = 0.033133
D/mm-camera-ov8810_u(  129): actual snapshot: gain 6 linecount 604
D/QualcommCameraHardware(  129): void* watchdog(void*), frame_thread_released = 1, cnt = 0
D/QualcommCameraHardware(  129): void* watchdog(void*), exit, frame_thread_released=1
D/QualcommCameraHardware(  129): void release_watchdog_thread(): pthread_join succeeded on watchdog.
D/mm-camera-awb(  129): awb_prepare_wb_for_snapshot r_gain 220, g_gain 143, b_gain 164
D/mm-camera-awb(  129): agw_sample_decision=9
V/camera  ( 1289): mShutterLag = 799ms
W/AudioFlinger(  129): write blocked for 166 msecs, 1 delayed writes, thread 0xec40
V/camera  ( 1289): mShutterToRawCallbackTime = 233ms
E/camera  ( 1289): <PROFILE> Snapshot to Thumb Latency = 1615 ms
D/QualcommCameraHardware(  129): ######  PA: KPI CAPTURE TIME: 426 ms. #####
D/QualcommCameraHardware(  129): native_access_parm: fd 21, type 67, length 4
D/QualcommCameraHardware(  129): snapshot_thread X
I/mm-camera(  129): signaling jpeg-encoding completion
I/mm-camera(  129): freeing 23 jpeg memory leaks
D/QualcommCameraHardware(  129): deinitRaw E
I/QualcommCameraHardware(  129): register_buf: camfd = 58, reg = 1 buffer = 0x431b5000
I/QualcommCameraHardware(  129): register_buf: camfd = 61, reg = 1 buffer = 0x40412000
D/QualcommCameraHardware(  129): deinitRaw X
D/dalvikvm( 1289): GC_FOR_MALLOC freed 21K, 49% free 2892K/5639K, external 984K/1145K, paused 22ms
I/dalvikvm-heap( 1289): Grow heap (frag case) to 7.110MB for 957603-byte allocation
D/dalvikvm( 1289): GC_FOR_MALLOC freed <1K, 43% free 3827K/6599K, external 633K/1145K, paused 20ms
V/camera  ( 1289): mPictureDisplayedToJpegCallbackTime = 551ms
E/camera  ( 1289): <PROFILE> Snapshot to Snapshot Latency = 2166 ms
V/camera  ( 1289): mJpegCallbackFinishTime = 18ms
D/dalvikvm( 1289): GC_CONCURRENT freed 1K, 43% free 3827K/6599K, external 633K/1145K, paused 2ms+2ms
D/QualcommCameraHardware(  129): stopPreview: E
D/QualcommCameraHardware(  129): stopPreviewInternal E: 0
D/QualcommCameraHardware(  129): stopPreviewInternal X: 0
D/QualcommCameraHardware(  129): stopPreview: X
D/QualcommCameraHardware(  129): stopPreview: E
D/QualcommCameraHardware(  129): stopPreviewInternal E: 0
D/QualcommCameraHardware(  129): stopPreviewInternal X: 0
D/QualcommCameraHardware(  129): stopPreview: X
D/QualcommCameraHardware(  129): release E
D/QualcommCameraHardware(  129): deinitRaw E
D/QualcommCameraHardware(  129): deinitRaw X
D/mm-camera-ctrlcmd(  129): config_proc_CAMERA_STOP_SNAPSHOT: received CAMERA_STOP_SNAPSHOT!, ctrl->state = 13
D/mm-camera-ctrlcmd(  129): config_proc_CAMERA_STOP_SNAPSHOT: snapshot is already stopped (state 13)
D/QualcommCameraHardware(  129): dlclose(libqcamera)
D/QualcommCameraHardware(  129): release X
D/QualcommCameraHardware(  129): ~QualcommCameraHardware E
D/QualcommCameraHardware(  129): ~QualcommCameraHardware X
I/WindowManager(  180): Setting rotation to 0, animFlags=1
I/ActivityManager(  180): Config changed: { scale=1.0 imsi=310/12 loc=en_US touch=3 keys=1/1/2 nav=3/1 orien=1 layout=34 uiMode=17 seq=5 themeResource=null}
I/*** CalculatorWidgetService(  466): Detected phone orientation change event
I/PowerWidget(  257): Clearing any old widget stuffs
I/PowerWidget(  257): Setting up widget
I/PowerWidget(  257): Default buttons being loaded
I/PowerWidget(  257): Button list: toggleWifi|toggleBluetooth|toggleGPS|toggleSound
I/PowerWidget(  257): Setting up button: toggleWifi
I/PowerWidget(  257): Setting up button: toggleBluetooth
I/PowerWidget(  257): Setting up button: toggleGPS
I/PowerWidget(  257): Setting up button: toggleSound
D/dalvikvm( 1120): GC_CONCURRENT freed 339K, 50% free 3060K/6087K, external 0K/0K, paused 2ms+14ms
D/LatinIME(  266): mLongPressDelay = 300
D/LatinKeyboardBaseView(  266): mLongPressDelay = 300
W/IInputConnectionWrapper( 1289): showStatusIcon on inactive InputConnection
D/AudioHardwareQSD(  129): AudioHardware pcm playback is going to standby.
D/LatinIME(  266): mLongPressDelay = 300
D/LatinKeyboardBaseView(  266): mLongPressDelay = 300
D/dalvikvm(  266): GC_EXTERNAL_ALLOC freed 105K, 42% free 3884K/6663K, external 3881K/4083K, paused 89ms
D/dalvikvm(  180): GC_EXPLICIT freed 444K, 37% free 7145K/11335K, external 1540K/2052K, paused 113ms
D/dalvikvm( 1120): GC_CONCURRENT freed 408K, 50% free 3060K/6087K, external 0K/0K, paused 2ms+4ms
D/dalvikvm( 1003): GC_EXTERNAL_ALLOC freed 374K, 46% free 5003K/9159K, external 1260K/1342K, paused 51ms
D/LatinIME(  266): mLongPressDelay = 300
D/LatinKeyboardBaseView(  266): mLongPressDelay = 300
I/ActivityManager(  180): Start proc com.cyanogenmod.cmparts for broadcast com.cyanogenmod.cmparts/.intents.LEDNotificationReceiver: pid=1322 uid=1000 gids={3002, 3001, 3003, 1015}
D/szipinf ( 1322): Initializing inflate state
I/ActivityThread( 1322): Pub com.cyanogenmod.cmparts.provider.Settings: com.cyanogenmod.cmparts.provider.SettingsProvider
D/dalvikvm( 1003): GC_CONCURRENT freed 693K, 43% free 5235K/9159K, external 1243K/9046K, paused 3ms+5ms
D/dalvikvm( 1003): GC_CONCURRENT freed 1152K, 43% free 5235K/9159K, external 1150K/1662K, paused 2ms+6ms
I/ActivityManager(  180): No longer want com.koushikdutta.rommanager (pid 708): hidden #16
D/dalvikvm(  257): GC_CONCURRENT freed 414K, 49% free 3084K/6023K, external 1109K/1398K, paused 2ms+14ms
D/dalvikvm( 1003): GC_CONCURRENT freed 1342K, 45% free 5047K/9159K, external 1150K/1662K, paused 2ms+3ms
D/dalvikvm( 1003): GC_FOR_MALLOC freed 277K, 39% free 5642K/9159K, external 1150K/1662K, paused 42ms
D/dalvikvm(  943): GC_EXPLICIT freed 118K, 50% free 2827K/5575K, external 0K/0K, paused 60ms
D/dalvikvm(  414): GC_EXPLICIT freed 227K, 51% free 3006K/6087K, external 0K/0K, paused 70ms
D/dalvikvm( 1120): GC_CONCURRENT freed 407K, 50% free 3061K/6087K, external 0K/0K, paused 2ms+3ms
I/ActivityManager(  180): Start proc com.android.email for service com.android.email/.service.MailService: pid=1340 uid=10035 gids={3003, 1015}
D/dalvikvm( 1340): Debugger has detached; object registry had 1 entries
D/szipinf ( 1340): Initializing inflate state
I/ActivityThread( 1340): Pub com.android.exchange.provider: com.android.exchange.provider.ExchangeProvider
I/ActivityThread( 1340): Pub com.android.email.provider: com.android.email.provider.EmailProvider
I/ActivityThread( 1340): Pub com.android.email.attachmentprovider: com.android.email.provider.AttachmentProvider
I/Database( 1340): sqlite returned: error code = 0, msg = Recovered 221 frames from WAL file /data/data/com.android.email/databases/EmailProvider.db-wal
I/Database( 1340): sqlite returned: error code = 0, msg = Recovered 7743 frames from WAL file /data/data/com.android.email/databases/EmailProviderBody.db-wal
D/EAS SyncManager( 1340): !!! EAS SyncManager, onCreate
D/EAS SyncManager( 1340): !!! EAS SyncManager, onStartCommand
D/EAS SyncManager( 1340): !!! EAS SyncManager, stopping self
D/Eas Debug( 1340): Logging: 
D/EAS SyncManager( 1340): !!! EAS SyncManager, onDestroy
I/power   (  180): *** set_screen_state 0
D/PhoneWindow( 1003): couldn't save which view has focus because the focused view com.facebook.katana.webview.FacewebWebView@407cd3c8 has no id.
D/AK8973  (  133): Compass CLOSE 
D/SurfaceFlinger(  180): About to give-up screen, flinger = 0x957c0
D/dalvikvm( 1340): GC_CONCURRENT freed 228K, 49% free 2886K/5575K, external 0K/0K, paused 7ms+3ms
D/dalvikvm(  180): GC_EXTERNAL_ALLOC freed 366K, 37% free 7204K/11335K, external 2045K/2052K, paused 82ms
D/dalvikvm(  180): GC_EXTERNAL_ALLOC freed 50K, 37% free 7168K/11335K, external 2359K/2665K, paused 79ms
D/dalvikvm(  180): GC_EXTERNAL_ALLOC freed 2K, 37% free 7172K/11335K, external 3394K/3452K, paused 75ms
D/dalvikvm(  180): GC_EXTERNAL_ALLOC freed 16K, 37% free 7204K/11335K, external 4351K/4376K, paused 76ms
D/Email   ( 1340): *** synchronizeMailboxGeneric ***
D/dalvikvm( 1340): GC_CONCURRENT freed 335K, 50% free 2969K/5831K, external 0K/0K, paused 2ms+2ms
I/ActivityManager(  180): No longer want com.google.android.apps.uploader (pid 952): hidden #16
D/dalvikvm(  736): GC_EXPLICIT freed 41K, 46% free 3719K/6791K, external 0K/0K, paused 33ms
D/dalvikvm(  454): GC_EXPLICIT freed 27K, 47% free 3163K/5895K, external 4K/516K, paused 68ms
D/dalvikvm(  668): GC_EXPLICIT freed 27K, 48% free 2947K/5639K, external 0K/0K, paused 56ms
D/dalvikvm( 1120): GC_EXPLICIT freed 195K, 53% free 2884K/6087K, external 0K/0K, paused 139ms
D/KeyguardViewMediator(  180): wakeWhenReadyLocked(26)
I/power   (  180): *** set_screen_state 1
D/SurfaceFlinger(  180): Screen about to return, flinger = 0x957c0
D/AK8973  (  133): Compass Start
I/TelephonyRegistry(  180): notifyServiceState: 0 home Verizon Wireless Verizon Wireless 31000  EvDo rev. A CSS supported 3 18RoamInd: 128DefRoamInd: 64EmergOnly: false
I/TelephonyRegistry(  180): notifyServiceState: 0 home Verizon Wireless Verizon Wireless 31000  EvDo rev. A CSS supported 3 18RoamInd: 128DefRoamInd: 64EmergOnly: false
W/InputManagerService(  180): Window already focused, ignoring focus gain of: com.android.internal.view.IInputMethodClient$Stub$Proxy@40b128a0
D/SettingsAppWidgetProvider( 1146): Call buildUpdate for widget:44
D/SettingsAppWidgetProvider( 1146): buildUpdate done for widget:44
D/SettingsAppWidgetProvider( 1146): Call buildUpdate for widget:45
D/SettingsAppWidgetProvider( 1146): buildUpdate done for widget:45
D/SettingsAppWidgetProvider( 1146): Call buildUpdate for widget:46
D/SettingsAppWidgetProvider( 1146): buildUpdate done for widget:46
D/SettingsAppWidgetProvider( 1146): Call buildUpdate for widget:47
D/SettingsAppWidgetProvider( 1146): buildUpdate done for widget:47
D/dalvikvm( 1003): GC_CONCURRENT freed 1643K, 44% free 5327K/9479K, external 1150K/1662K, paused 8ms+6ms
I/ActivityManager(  180): Starting: Intent { act=android.intent.action.MAIN cat=[android.intent.category.HOME] flg=0x10200000 cmp=com.android.launcher/.Launcher } from pid 180
D/szipinf (  180): Initializing inflate state
D/PhoneWindow( 1003): couldn't save which view has focus because the focused view com.facebook.katana.webview.FacewebWebView@407cd3c8 has no id.
D/dalvikvm(  302): GC_EXTERNAL_ALLOC freed 367K, 56% free 3609K/8135K, external 5691K/5731K, paused 45ms
D/dalvikvm(  302): GC_EXTERNAL_ALLOC freed 49K, 57% free 3561K/8135K, external 6800K/6917K, paused 36ms
I/ActivityManager(  180): Starting: Intent { act=android.intent.action.MAIN cat=[android.intent.category.LAUNCHER] flg=0x10200000 cmp=com.google.android.music/com.android.music.activitymanagement.TopLevelActivity bnds=[5,415][115,533] } from pid 302
I/ActivityManager(  180): Start proc com.google.android.music:ui for activity com.google.android.music/com.android.music.activitymanagement.TopLevelActivity: pid=1369 uid=10064 gids={3003, 1015}
D/dalvikvm(  128): GC_EXPLICIT freed 12K, 51% free 2674K/5379K, external 0K/0K, paused 52ms
D/dalvikvm(  128): GC_EXPLICIT freed <1K, 51% free 2674K/5379K, external 0K/0K, paused 85ms
D/dalvikvm(  128): GC_EXPLICIT freed <1K, 51% free 2674K/5379K, external 0K/0K, paused 67ms
D/dalvikvm( 1369): GC_CONCURRENT freed 149K, 47% free 3030K/5639K, external 0K/0K, paused 3ms+4ms
I/AsyncCursor1:1( 1369): Initialized for content://com.google.android.music.MusicContent/playlists, proj:_id#name, sel: 'null', args: null, order: null
I/dalvikvm( 1369): Could not find method android.widget.PopupMenu.dismiss, referenced from method com.google.android.music.activitymanagement.TopLevelActivity.closeOptionsMenu
W/dalvikvm( 1369): VFY: unable to resolve virtual method 1293: Landroid/widget/PopupMenu;.dismiss ()V
D/dalvikvm( 1369): VFY: replacing opcode 0x6e at 0x000c
I/dalvikvm( 1369): Could not find method android.app.Activity.invalidateOptionsMenu, referenced from method com.google.android.music.activitymanagement.TopLevelActivity.invalidateOptionsMenu
W/dalvikvm( 1369): VFY: unable to resolve virtual method 27: Landroid/app/Activity;.invalidateOptionsMenu ()V
D/dalvikvm( 1369): VFY: replacing opcode 0x6f at 0x0010
D/dalvikvm( 1369): VFY: dead code 0x0013-0013 in Lcom/google/android/music/activitymanagement/TopLevelActivity;.invalidateOptionsMenu ()V
E/dalvikvm( 1369): Could not find class 'android.widget.PopupMenu', referenced from method com.google.android.music.activitymanagement.TopLevelActivity.openOptionsMenu
W/dalvikvm( 1369): VFY: unable to resolve new-instance 298 (Landroid/widget/PopupMenu;) in Lcom/google/android/music/activitymanagement/TopLevelActivity;
D/dalvikvm( 1369): VFY: replacing opcode 0x22 at 0x000a
I/dalvikvm( 1369): Could not find method android.widget.PopupMenu.getMenu, referenced from method com.google.android.music.activitymanagement.TopLevelActivity.openOptionsMenu
W/dalvikvm( 1369): VFY: unable to resolve virtual method 1294: Landroid/widget/PopupMenu;.getMenu ()Landroid/view/Menu;
D/dalvikvm( 1369): VFY: replacing opcode 0x6e at 0x0033
D/dalvikvm( 1369): VFY: dead code 0x000c-002f in Lcom/google/android/music/activitymanagement/TopLevelActivity;.openOptionsMenu ()V
D/dalvikvm( 1369): VFY: dead code 0x0036-0042 in Lcom/google/android/music/activitymanagement/TopLevelActivity;.openOptionsMenu ()V
D/dalvikvm( 1369): GC_EXTERNAL_ALLOC freed 188K, 46% free 3206K/5895K, external 0K/0K, paused 36ms
D/dalvikvm( 1369): GC_EXTERNAL_ALLOC freed 34K, 45% free 3296K/5895K, external 511K/516K, paused 34ms
E/dalvikvm( 1369): Could not find class 'android.widget.ListPopupWindow', referenced from method com.google.android.music.widgets.TopBarDisplayModeSelector.<init>
W/dalvikvm( 1369): VFY: unable to resolve new-instance 295 (Landroid/widget/ListPopupWindow;) in Lcom/google/android/music/widgets/TopBarDisplayModeSelector;
D/dalvikvm( 1369): VFY: replacing opcode 0x22 at 0x0009
D/dalvikvm( 1369): VFY: dead code 0x000b-0038 in Lcom/google/android/music/widgets/TopBarDisplayModeSelector;.<init> (Landroid/content/Context;Landroid/util/AttributeSet;)V
E/dalvikvm( 1369): Could not find class 'android.widget.ListPopupWindow', referenced from method com.google.android.music.widgets.TopBarDisplayModeSelector.onItemClick
W/dalvikvm( 1369): VFY: unable to resolve check-cast 295 (Landroid/widget/ListPopupWindow;) in Lcom/google/android/music/widgets/TopBarDisplayModeSelector;
D/dalvikvm( 1369): VFY: replacing opcode 0x1f at 0x0008
D/dalvikvm( 1369): VFY: dead code 0x000a-001b in Lcom/google/android/music/widgets/TopBarDisplayModeSelector;.onItemClick (Landroid/widget/AdapterView;Landroid/view/View;IJ)V
E/dalvikvm( 1369): Could not find class 'android.widget.ListPopupWindow', referenced from method com.google.android.music.widgets.TopBarDisplayModeSelector.showModeSelectorMenu
W/dalvikvm( 1369): VFY: unable to resolve check-cast 295 (Landroid/widget/ListPopupWindow;) in Lcom/google/android/music/widgets/TopBarDisplayModeSelector;
D/dalvikvm( 1369): VFY: replacing opcode 0x1f at 0x000c
D/dalvikvm( 1369): VFY: dead code 0x000e-0017 in Lcom/google/android/music/widgets/TopBarDisplayModeSelector;.showModeSelectorMenu ()V
I/dalvikvm( 1369): Could not find method android.widget.LinearLayout.<init>, referenced from method com.google.android.music.widgets.DisplayModeSelector.<init>
W/dalvikvm( 1369): VFY: unable to resolve direct method 1230: Landroid/widget/LinearLayout;.<init> (Landroid/content/Context;Landroid/util/AttributeSet;I)V
D/dalvikvm( 1369): VFY: replacing opcode 0x70 at 0x0000
D/dalvikvm( 1369): VFY: dead code 0x0003-0003 in Lcom/google/android/music/widgets/DisplayModeSelector;.<init> (Landroid/content/Context;Landroid/util/AttributeSet;I)V
