W/TunnyBrowser_7.3.0( 1154): 	at android.app.ActivityThread.main(ActivityThread.java:3835)
W/TunnyBrowser_7.3.0( 1154): 	at java.lang.reflect.Method.invokeNative(Native Method)
W/TunnyBrowser_7.3.0( 1154): 	at java.lang.reflect.Method.invoke(Method.java:507)
W/TunnyBrowser_7.3.0( 1154): 	at com.android.internal.os.ZygoteInit$MethodAndArgsCaller.run(ZygoteInit.java:847)
W/TunnyBrowser_7.3.0( 1154): 	at com.android.internal.os.ZygoteInit.main(ZygoteInit.java:605)
W/TunnyBrowser_7.3.0( 1154): 	at dalvik.system.NativeStart.main(Native Method)
W/TunnyBrowser_7.3.0( 1154): java.lang.NoSuchMethodError: android.webkit.WebSettings.setNeedFirstElement
W/TunnyBrowser_7.3.0( 1154): 	at com.dolphin.browser.androidwebkit.WebSettingsV8_Sense.a(WebSettingsV8_Sense.java:45)
W/TunnyBrowser_7.3.0( 1154): 	at com.dolphin.browser.androidwebkit.WebSettingsV8_Sense.<init>(WebSettingsV8_Sense.java:35)
W/TunnyBrowser_7.3.0( 1154): 	at java.lang.reflect.Constructor.constructNative(Native Method)
W/TunnyBrowser_7.3.0( 1154): 	at java.lang.reflect.Constructor.newInstance(Constructor.java:415)
W/TunnyBrowser_7.3.0( 1154): 	at com.dolphin.browser.core.d.a(WebSettingsFactory.java:67)
W/TunnyBrowser_7.3.0( 1154): 	at com.dolphin.browser.androidwebkit.MyWebView.getWebSettings(MyWebView.java:1146)
W/TunnyBrowser_7.3.0( 1154): 	at com.dolphin.browser.androidwebkit.MyWebView.g(MyWebView.java:1228)
W/TunnyBrowser_7.3.0( 1154): 	at com.dolphin.browser.androidwebkit.MyWebView.onWindowFocusChanged(MyWebView.java:1420)
W/TunnyBrowser_7.3.0( 1154): 	at android.view.View.dispatchWindowFocusChanged(View.java:3940)
W/TunnyBrowser_7.3.0( 1154): 	at android.view.ViewGroup.dispatchWindowFocusChanged(ViewGroup.java:659)
W/TunnyBrowser_7.3.0( 1154): 	at android.view.ViewGroup.dispatchWindowFocusChanged(ViewGroup.java:663)
W/TunnyBrowser_7.3.0( 1154): 	at android.view.ViewGroup.dispatchWindowFocusChanged(ViewGroup.java:663)
W/TunnyBrowser_7.3.0( 1154): 	at android.view.ViewGroup.dispatchWindowFocusChanged(ViewGroup.java:663)
W/TunnyBrowser_7.3.0( 1154): 	at android.view.ViewGroup.dispatchWindowFocusChanged(ViewGroup.java:663)
W/TunnyBrowser_7.3.0( 1154): 	at android.view.ViewGroup.dispatchWindowFocusChanged(ViewGroup.java:663)
W/TunnyBrowser_7.3.0( 1154): 	at android.view.ViewGroup.dispatchWindowFocusChanged(ViewGroup.java:663)
W/TunnyBrowser_7.3.0( 1154): 	at android.view.ViewGroup.dispatchWindowFocusChanged(ViewGroup.java:663)
W/TunnyBrowser_7.3.0( 1154): 	at android.view.ViewGroup.dispatchWindowFocusChanged(ViewGroup.java:663)
W/TunnyBrowser_7.3.0( 1154): 	at android.view.ViewRoot.handleMessage(ViewRoot.java:1974)
W/TunnyBrowser_7.3.0( 1154): 	at android.os.Handler.dispatchMessage(Handler.java:99)
W/TunnyBrowser_7.3.0( 1154): 	at android.os.Looper.loop(Looper.java:130)
W/TunnyBrowser_7.3.0( 1154): 	at android.app.ActivityThread.main(ActivityThread.java:3835)
W/TunnyBrowser_7.3.0( 1154): 	at java.lang.reflect.Method.invokeNative(Native Method)
W/TunnyBrowser_7.3.0( 1154): 	at java.lang.reflect.Method.invoke(Method.java:507)
W/TunnyBrowser_7.3.0( 1154): 	at com.android.internal.os.ZygoteInit$MethodAndArgsCaller.run(ZygoteInit.java:847)
W/TunnyBrowser_7.3.0( 1154): 	at com.android.internal.os.ZygoteInit.main(ZygoteInit.java:605)
W/TunnyBrowser_7.3.0( 1154): 	at dalvik.system.NativeStart.main(Native Method)
D/LatinIME(  266): mLongPressDelay = 300
D/LatinKeyboardBaseView(  266): mLongPressDelay = 300
D/PointerTracker(  266): mLongPressKeyTimeout = 300
W/TunnyBrowser_7.3.0( 1154): java.lang.NoSuchMethodError: android.webkit.WebSettings.setNeedFirstElement
W/TunnyBrowser_7.3.0( 1154): 	at com.dolphin.browser.androidwebkit.WebSettingsV8_Sense.a(WebSettingsV8_Sense.java:45)
W/TunnyBrowser_7.3.0( 1154): 	at com.dolphin.browser.androidwebkit.WebSettingsV8_Sense.<init>(WebSettingsV8_Sense.java:35)
W/TunnyBrowser_7.3.0( 1154): 	at java.lang.reflect.Constructor.constructNative(Native Method)
W/TunnyBrowser_7.3.0( 1154): 	at java.lang.reflect.Constructor.newInstance(Constructor.java:415)
W/TunnyBrowser_7.3.0( 1154): 	at com.dolphin.browser.core.d.a(WebSettingsFactory.java:67)
W/TunnyBrowser_7.3.0( 1154): 	at com.dolphin.browser.androidwebkit.MyWebView.getWebSettings(MyWebView.java:1146)
W/TunnyBrowser_7.3.0( 1154): 	at com.dolphin.browser.androidwebkit.MyWebView.g(MyWebView.java:1228)
W/TunnyBrowser_7.3.0( 1154): 	at com.dolphin.browser.androidwebkit.MyWebView.onSizeChanged(MyWebView.java:1319)
W/TunnyBrowser_7.3.0( 1154): 	at android.view.View.setFrame(View.java:7259)
W/TunnyBrowser_7.3.0( 1154): 	at android.webkit.WebView.setFrame(WebView.java:4663)
W/TunnyBrowser_7.3.0( 1154): 	at android.view.View.layout(View.java:7186)
W/TunnyBrowser_7.3.0( 1154): 	at android.widget.FrameLayout.onLayout(FrameLayout.java:338)
W/TunnyBrowser_7.3.0( 1154): 	at android.view.View.layout(View.java:7192)
W/TunnyBrowser_7.3.0( 1154): 	at android.widget.FrameLayout.onLayout(FrameLayout.java:338)
W/TunnyBrowser_7.3.0( 1154): 	at android.view.View.layout(View.java:7192)
W/TunnyBrowser_7.3.0( 1154): 	at android.widget.FrameLayout.onLayout(FrameLayout.java:338)
W/TunnyBrowser_7.3.0( 1154): 	at android.view.View.layout(View.java:7192)
W/TunnyBrowser_7.3.0( 1154): 	at android.widget.LinearLayout.setChildFrame(LinearLayout.java:1254)
W/TunnyBrowser_7.3.0( 1154): 	at android.widget.LinearLayout.layoutHorizontal(LinearLayout.java:1243)
W/TunnyBrowser_7.3.0( 1154): 	at android.widget.LinearLayout.onLayout(LinearLayout.java:1049)
W/TunnyBrowser_7.3.0( 1154): 	at com.mgeek.android.ui.FlingableLinearLayout.onLayout(FlingableLinearLayout.java:210)
W/TunnyBrowser_7.3.0( 1154): 	at android.view.View.layout(View.java:7192)
W/TunnyBrowser_7.3.0( 1154): 	at com.mgeek.android.ui.ScrollableView.onLayout(ScrollableView.java:171)
W/TunnyBrowser_7.3.0( 1154): 	at android.view.View.layout(View.java:7192)
W/TunnyBrowser_7.3.0( 1154): 	at android.widget.FrameLayout.onLayout(FrameLayout.java:338)
W/TunnyBrowser_7.3.0( 1154): 	at android.view.View.layout(View.java:7192)
W/TunnyBrowser_7.3.0( 1154): 	at android.widget.FrameLayout.onLayout(FrameLayout.java:338)
W/TunnyBrowser_7.3.0( 1154): 	at android.view.View.layout(View.java:7192)
W/TunnyBrowser_7.3.0( 1154): 	at android.widget.FrameLayout.onLayout(FrameLayout.java:338)
W/TunnyBrowser_7.3.0( 1154): 	at android.view.View.layout(View.java:7192)
W/TunnyBrowser_7.3.0( 1154): 	at android.view.ViewRoot.performTraversals(ViewRoot.java:1145)
W/TunnyBrowser_7.3.0( 1154): 	at android.view.ViewRoot.handleMessage(ViewRoot.java:1865)
W/TunnyBrowser_7.3.0( 1154): 	at android.os.Handler.dispatchMessage(Handler.java:99)
W/TunnyBrowser_7.3.0( 1154): 	at android.os.Looper.loop(Looper.java:130)
W/TunnyBrowser_7.3.0( 1154): 	at android.app.ActivityThread.main(ActivityThread.java:3835)
W/TunnyBrowser_7.3.0( 1154): 	at java.lang.reflect.Method.invokeNative(Native Method)
W/TunnyBrowser_7.3.0( 1154): 	at java.lang.reflect.Method.invoke(Method.java:507)
W/TunnyBrowser_7.3.0( 1154): 	at com.android.internal.os.ZygoteInit$MethodAndArgsCaller.run(ZygoteInit.java:847)
W/TunnyBrowser_7.3.0( 1154): 	at com.android.internal.os.ZygoteInit.main(ZygoteInit.java:605)
W/TunnyBrowser_7.3.0( 1154): 	at dalvik.system.NativeStart.main(Native Method)
D/dalvikvm( 1154): GC_CONCURRENT freed 800K, 49% free 3559K/6855K, external 1327K/1583K, paused 3ms+13ms
I/TelephonyRegistry(  180): notifyServiceState: 0 home Verizon Wireless Verizon Wireless 31000  1xRTT CSS supported 3 18RoamInd: 128DefRoamInd: 64EmergOnly: false
I/TelephonyRegistry(  180): notifyServiceState: 0 home Verizon Wireless Verizon Wireless 31000  EvDo rev. A CSS supported 3 18RoamInd: 128DefRoamInd: 64EmergOnly: false
I/TelephonyRegistry(  180): notifyDataConnection: state=2 isDataConnectivityPossible=true reason=null interfaceName=rmnet0 networkType=6
W/System.err( 1154): start..
I/dalvikvm( 1154): Total arena pages for JIT: 11
D/dalvikvm(  302): GC_EXPLICIT freed 1015K, 56% free 3604K/8135K, external 5222K/5731K, paused 86ms
D/QSB.SuggestionProvider(  983): suggestions=0;0;0;0;0;0;0;
W/SuggestionsAdapter( 1154): Tried to change cursor after adapter was closed.
D/QSB.SuggestionProvider(  983): chars=16;feeds=qs,ns;loc=false;auth=false
D/QSB.SuggestionProvider(  983): suggestions=0;0;0;0;0;0;0;
D/dalvikvm(  983): GC_CONCURRENT freed 283K, 50% free 2831K/5575K, external 0K/0K, paused 14ms+2ms
W/SuggestionsAdapter( 1154): Tried to change cursor after adapter was closed.
D/dalvikvm( 1154): GC_CONCURRENT freed 432K, 45% free 3824K/6855K, external 1317K/1583K, paused 3ms+3ms
D/dalvikvm( 1154): GC_FOR_MALLOC freed 581K, 44% free 4022K/7175K, external 1317K/1583K, paused 27ms
D/dalvikvm( 1154): GC_CONCURRENT freed 274K, 43% free 4179K/7303K, external 1317K/1583K, paused 2ms+4ms
D/dalvikvm(  736): GC_EXPLICIT freed 34K, 46% free 3721K/6791K, external 0K/0K, paused 890ms
E/TalkProvider(  314): replaceContactWithContactId: contactId==0!!! rowhawn@gmail.com, acct=1
E/TalkProvider(  314): insert presence failed for account=1 username=rowhawn@gmail.com client_type=0 status= cap=15 priority=0 mode=5
E/TalkProvider(  314): replaceContactWithContactId: contactId==0!!! rowhawn@gmail.com, acct=1
E/TalkProvider(  314): insert presence failed for account=1 username=rowhawn@gmail.com client_type=0 status= cap=15 priority=0 mode=5
D/dalvikvm(  983): GC_EXPLICIT freed 22K, 50% free 2810K/5575K, external 0K/0K, paused 76ms
I/ActivityManager(  180): Start proc mobi.mgeek.TunnyBrowser:DolphinNotification for service mobi.mgeek.TunnyBrowser/com.dolphin.browser.c2dm.C2DMService: pid=1201 uid=10074 gids={3003, 1015, 1007}
D/dalvikvm( 1201): Debugger has detached; object registry had 1 entries
D/TraceLog( 1201): Browser.onCreate started.
V/Browser ( 1201): creating browser applicationmobi.mgeek.TunnyBrowser.Browser@4067a9b0
V/Browser ( 1201): creating browser applicationmobi.mgeek.TunnyBrowser.Browser@4067a9b0
D/dalvikvm( 1201): GC_CONCURRENT freed 185K, 47% free 2994K/5639K, external 0K/0K, paused 2ms+3ms
I/TelephonyRegistry(  180): notifyServiceState: 0 home Verizon Wireless Verizon Wireless 31000  1xRTT CSS supported 3 18RoamInd: 128DefRoamInd: 64EmergOnly: false
I/TelephonyRegistry(  180): notifyDataConnection: state=2 isDataConnectivityPossible=true reason=null interfaceName=rmnet0 networkType=7
I/TelephonyRegistry(  180): notifyServiceState: 0 home Verizon Wireless Verizon Wireless 31000  1xRTT CSS supported 3 18RoamInd: 128DefRoamInd: 64EmergOnly: false
D/dalvikvm( 1120): GC_CONCURRENT freed 418K, 50% free 3056K/6087K, external 0K/0K, paused 2ms+4ms
I/power   (  180): *** set_screen_state 0
D/AK8973  (  133): Compass CLOSE 
D/SurfaceFlinger(  180): About to give-up screen, flinger = 0x957c0
D/dalvikvm(  180): GC_EXTERNAL_ALLOC freed 1442K, 36% free 7307K/11335K, external 5486K/5524K, paused 84ms
W/TunnyBrowser_7.3.0( 1154): java.lang.NoSuchMethodError: android.webkit.WebSettings.setNeedFirstElement
W/TunnyBrowser_7.3.0( 1154): 	at com.dolphin.browser.androidwebkit.WebSettingsV8_Sense.a(WebSettingsV8_Sense.java:45)
W/TunnyBrowser_7.3.0( 1154): 	at com.dolphin.browser.androidwebkit.WebSettingsV8_Sense.<init>(WebSettingsV8_Sense.java:35)
W/TunnyBrowser_7.3.0( 1154): 	at java.lang.reflect.Constructor.constructNative(Native Method)
W/TunnyBrowser_7.3.0( 1154): 	at java.lang.reflect.Constructor.newInstance(Constructor.java:415)
W/TunnyBrowser_7.3.0( 1154): 	at com.dolphin.browser.core.d.a(WebSettingsFactory.java:67)
W/TunnyBrowser_7.3.0( 1154): 	at com.dolphin.browser.androidwebkit.MyWebView.getWebSettings(MyWebView.java:1146)
W/TunnyBrowser_7.3.0( 1154): 	at com.dolphin.browser.androidwebkit.MyWebView.g(MyWebView.java:1228)
W/TunnyBrowser_7.3.0( 1154): 	at com.dolphin.browser.androidwebkit.MyWebView.onWindowFocusChanged(MyWebView.java:1420)
W/TunnyBrowser_7.3.0( 1154): 	at android.view.View.dispatchWindowFocusChanged(View.java:3940)
W/TunnyBrowser_7.3.0( 1154): 	at android.view.ViewGroup.dispatchWindowFocusChanged(ViewGroup.java:659)
W/TunnyBrowser_7.3.0( 1154): 	at android.view.ViewGroup.dispatchWindowFocusChanged(ViewGroup.java:663)
W/TunnyBrowser_7.3.0( 1154): 	at android.view.ViewGroup.dispatchWindowFocusChanged(ViewGroup.java:663)
W/TunnyBrowser_7.3.0( 1154): 	at android.view.ViewGroup.dispatchWindowFocusChanged(ViewGroup.java:663)
W/TunnyBrowser_7.3.0( 1154): 	at android.view.ViewGroup.dispatchWindowFocusChanged(ViewGroup.java:663)
W/TunnyBrowser_7.3.0( 1154): 	at android.view.ViewGroup.dispatchWindowFocusChanged(ViewGroup.java:663)
W/TunnyBrowser_7.3.0( 1154): 	at android.view.ViewGroup.dispatchWindowFocusChanged(ViewGroup.java:663)
W/TunnyBrowser_7.3.0( 1154): 	at android.view.ViewGroup.dispatchWindowFocusChanged(ViewGroup.java:663)
W/TunnyBrowser_7.3.0( 1154): 	at android.view.ViewGroup.dispatchWindowFocusChanged(ViewGroup.java:663)
W/TunnyBrowser_7.3.0( 1154): 	at android.view.ViewRoot.handleMessage(ViewRoot.java:1974)
W/TunnyBrowser_7.3.0( 1154): 	at android.os.Handler.dispatchMessage(Handler.java:99)
W/TunnyBrowser_7.3.0( 1154): 	at android.os.Looper.loop(Looper.java:130)
W/TunnyBrowser_7.3.0( 1154): 	at android.app.ActivityThread.main(ActivityThread.java:3835)
W/TunnyBrowser_7.3.0( 1154): 	at java.lang.reflect.Method.invokeNative(Native Method)
W/TunnyBrowser_7.3.0( 1154): 	at java.lang.reflect.Method.invoke(Method.java:507)
W/TunnyBrowser_7.3.0( 1154): 	at com.android.internal.os.ZygoteInit$MethodAndArgsCaller.run(ZygoteInit.java:847)
W/TunnyBrowser_7.3.0( 1154): 	at com.android.internal.os.ZygoteInit.main(ZygoteInit.java:605)
W/TunnyBrowser_7.3.0( 1154): 	at dalvik.system.NativeStart.main(Native Method)
D/dalvikvm(  454): GC_EXPLICIT freed 119K, 47% free 3171K/5895K, external 4K/516K, paused 32ms
D/dalvikvm(  668): GC_EXPLICIT freed 181K, 48% free 2966K/5639K, external 0K/0K, paused 69ms
I/ActivityManager(  180): No longer want com.cyanogenmod.stats (pid 993): hidden #16
I/Process ( 1201): Sending signal. PID: 1201 SIG: 9
I/ActivityManager(  180): Process mobi.mgeek.TunnyBrowser:DolphinNotification (pid 1201) has died.
D/dalvikvm(  414): GC_EXPLICIT freed 290K, 50% free 3077K/6087K, external 0K/0K, paused 60ms
D/KeyguardViewMediator(  180): wakeWhenReadyLocked(26)
I/power   (  180): *** set_screen_state 1
D/SurfaceFlinger(  180): Screen about to return, flinger = 0x957c0
D/AK8973  (  133): Compass Start
I/TelephonyRegistry(  180): notifyServiceState: 0 home Verizon Wireless Verizon Wireless 31000  EvDo rev. A CSS supported 3 18RoamInd: 128DefRoamInd: 64EmergOnly: false
I/TelephonyRegistry(  180): notifyDataConnection: state=2 isDataConnectivityPossible=true reason=null interfaceName=rmnet0 networkType=6
W/TunnyBrowser_7.3.0( 1154): java.lang.NoSuchMethodError: android.webkit.WebSettings.setNeedFirstElement
W/TunnyBrowser_7.3.0( 1154): 	at com.dolphin.browser.androidwebkit.WebSettingsV8_Sense.a(WebSettingsV8_Sense.java:45)
W/TunnyBrowser_7.3.0( 1154): 	at com.dolphin.browser.androidwebkit.WebSettingsV8_Sense.<init>(WebSettingsV8_Sense.java:35)
W/TunnyBrowser_7.3.0( 1154): 	at java.lang.reflect.Constructor.constructNative(Native Method)
W/TunnyBrowser_7.3.0( 1154): 	at java.lang.reflect.Constructor.newInstance(Constructor.java:415)
W/TunnyBrowser_7.3.0( 1154): 	at com.dolphin.browser.core.d.a(WebSettingsFactory.java:67)
W/TunnyBrowser_7.3.0( 1154): 	at com.dolphin.browser.androidwebkit.MyWebView.getWebSettings(MyWebView.java:1146)
W/TunnyBrowser_7.3.0( 1154): 	at com.dolphin.browser.androidwebkit.MyWebView.g(MyWebView.java:1228)
W/TunnyBrowser_7.3.0( 1154): 	at com.dolphin.browser.androidwebkit.MyWebView.onWindowFocusChanged(MyWebView.java:1420)
W/TunnyBrowser_7.3.0( 1154): 	at android.view.View.dispatchWindowFocusChanged(View.java:3940)
W/TunnyBrowser_7.3.0( 1154): 	at android.view.ViewGroup.dispatchWindowFocusChanged(ViewGroup.java:659)
W/TunnyBrowser_7.3.0( 1154): 	at android.view.ViewGroup.dispatchWindowFocusChanged(ViewGroup.java:663)
W/TunnyBrowser_7.3.0( 1154): 	at android.view.ViewGroup.dispatchWindowFocusChanged(ViewGroup.java:663)
W/TunnyBrowser_7.3.0( 1154): 	at android.view.ViewGroup.dispatchWindowFocusChanged(ViewGroup.java:663)
W/TunnyBrowser_7.3.0( 1154): 	at android.view.ViewGroup.dispatchWindowFocusChanged(ViewGroup.java:663)
W/TunnyBrowser_7.3.0( 1154): 	at android.view.ViewGroup.dispatchWindowFocusChanged(ViewGroup.java:663)
W/TunnyBrowser_7.3.0( 1154): 	at android.view.ViewGroup.dispatchWindowFocusChanged(ViewGroup.java:663)
W/TunnyBrowser_7.3.0( 1154): 	at android.view.ViewGroup.dispatchWindowFocusChanged(ViewGroup.java:663)
W/TunnyBrowser_7.3.0( 1154): 	at android.view.ViewGroup.dispatchWindowFocusChanged(ViewGroup.java:663)
W/TunnyBrowser_7.3.0( 1154): 	at android.view.ViewRoot.handleMessage(ViewRoot.java:1974)
W/TunnyBrowser_7.3.0( 1154): 	at android.os.Handler.dispatchMessage(Handler.java:99)
W/TunnyBrowser_7.3.0( 1154): 	at android.os.Looper.loop(Looper.java:130)
W/TunnyBrowser_7.3.0( 1154): 	at android.app.ActivityThread.main(ActivityThread.java:3835)
W/TunnyBrowser_7.3.0( 1154): 	at java.lang.reflect.Method.invokeNative(Native Method)
W/TunnyBrowser_7.3.0( 1154): 	at java.lang.reflect.Method.invoke(Method.java:507)
W/TunnyBrowser_7.3.0( 1154): 	at com.android.internal.os.ZygoteInit$MethodAndArgsCaller.run(ZygoteInit.java:847)
W/TunnyBrowser_7.3.0( 1154): 	at com.android.internal.os.ZygoteInit.main(ZygoteInit.java:605)
W/TunnyBrowser_7.3.0( 1154): 	at dalvik.system.NativeStart.main(Native Method)
W/InputManagerService(  180): Window already focused, ignoring focus gain of: com.android.internal.view.IInputMethodClient$Stub$Proxy@4092ad10
D/SettingsAppWidgetProvider( 1146): Call buildUpdate for widget:44
D/SettingsAppWidgetProvider( 1146): buildUpdate done for widget:44
D/SettingsAppWidgetProvider( 1146): Call buildUpdate for widget:45
D/SettingsAppWidgetProvider( 1146): buildUpdate done for widget:45
D/SettingsAppWidgetProvider( 1146): Call buildUpdate for widget:46
D/SettingsAppWidgetProvider( 1146): buildUpdate done for widget:46
D/SettingsAppWidgetProvider( 1146): Call buildUpdate for widget:47
D/SettingsAppWidgetProvider( 1146): buildUpdate done for widget:47
D/dalvikvm( 1154): GC_CONCURRENT freed 918K, 46% free 4118K/7559K, external 1317K/1583K, paused 4ms+3ms
W/KeyCharacterMap( 1154): No keyboard for id 65538
W/KeyCharacterMap( 1154): Using default keymap: /system/usr/keychars/qwerty.kcm.bin
I/dalvikvm( 1154): DexOpt: illegal method access (call Landroid/view/Window;.setDefaultWindowFormat (I)V from Landroid/view/c;)
I/dalvikvm( 1154): Could not find method android.view.Window.setDefaultWindowFormat, referenced from method android.view.c.a
W/dalvikvm( 1154): VFY: unable to resolve virtual method 2243: Landroid/view/Window;.setDefaultWindowFormat (I)V
D/dalvikvm( 1154): VFY: replacing opcode 0x6e at 0x004f
D/dalvikvm( 1154): VFY: dead code 0x0052-0052 in Landroid/view/c;.a ()V
D/dalvikvm( 1154): GC_EXTERNAL_ALLOC freed 393K, 51% free 3776K/7559K, external 1563K/1583K, paused 38ms
W/TunnyBrowser_7.3.0( 1154): java.lang.NoSuchMethodError: android.webkit.WebSettings.setNeedFirstElement
W/TunnyBrowser_7.3.0( 1154): 	at com.dolphin.browser.androidwebkit.WebSettingsV8_Sense.a(WebSettingsV8_Sense.java:45)
W/TunnyBrowser_7.3.0( 1154): 	at com.dolphin.browser.androidwebkit.WebSettingsV8_Sense.<init>(WebSettingsV8_Sense.java:35)
W/TunnyBrowser_7.3.0( 1154): 	at java.lang.reflect.Constructor.constructNative(Native Method)
W/TunnyBrowser_7.3.0( 1154): 	at java.lang.reflect.Constructor.newInstance(Constructor.java:415)
W/TunnyBrowser_7.3.0( 1154): 	at com.dolphin.browser.core.d.a(WebSettingsFactory.java:67)
W/TunnyBrowser_7.3.0( 1154): 	at com.dolphin.browser.androidwebkit.MyWebView.getWebSettings(MyWebView.java:1146)
W/TunnyBrowser_7.3.0( 1154): 	at com.dolphin.browser.androidwebkit.MyWebView.g(MyWebView.java:1228)
W/TunnyBrowser_7.3.0( 1154): 	at com.dolphin.browser.androidwebkit.MyWebView.onWindowFocusChanged(MyWebView.java:1420)
W/TunnyBrowser_7.3.0( 1154): 	at android.view.View.dispatchWindowFocusChanged(View.java:3940)
W/TunnyBrowser_7.3.0( 1154): 	at android.view.ViewGroup.dispatchWindowFocusChanged(ViewGroup.java:659)
W/TunnyBrowser_7.3.0( 1154): 	at android.view.ViewGroup.dispatchWindowFocusChanged(ViewGroup.java:663)
W/TunnyBrowser_7.3.0( 1154): 	at android.view.ViewGroup.dispatchWindowFocusChanged(ViewGroup.java:663)
W/TunnyBrowser_7.3.0( 1154): 	at android.view.ViewGroup.dispatchWindowFocusChanged(ViewGroup.java:663)
W/TunnyBrowser_7.3.0( 1154): 	at android.view.ViewGroup.dispatchWindowFocusChanged(ViewGroup.java:663)
W/TunnyBrowser_7.3.0( 1154): 	at android.view.ViewGroup.dispatchWindowFocusChanged(ViewGroup.java:663)
W/TunnyBrowser_7.3.0( 1154): 	at android.view.ViewGroup.dispatchWindowFocusChanged(ViewGroup.java:663)
W/TunnyBrowser_7.3.0( 1154): 	at android.view.ViewGroup.dispatchWindowFocusChanged(ViewGroup.java:663)
W/TunnyBrowser_7.3.0( 1154): 	at android.view.ViewGroup.dispatchWindowFocusChanged(ViewGroup.java:663)
W/TunnyBrowser_7.3.0( 1154): 	at android.view.ViewRoot.handleMessage(ViewRoot.java:1974)
W/TunnyBrowser_7.3.0( 1154): 	at android.os.Handler.dispatchMessage(Handler.java:99)
W/TunnyBrowser_7.3.0( 1154): 	at android.os.Looper.loop(Looper.java:130)
W/TunnyBrowser_7.3.0( 1154): 	at android.app.ActivityThread.main(ActivityThread.java:3835)
W/TunnyBrowser_7.3.0( 1154): 	at java.lang.reflect.Method.invokeNative(Native Method)
W/TunnyBrowser_7.3.0( 1154): 	at java.lang.reflect.Method.invoke(Method.java:507)
W/TunnyBrowser_7.3.0( 1154): 	at com.android.internal.os.ZygoteInit$MethodAndArgsCaller.run(ZygoteInit.java:847)
W/TunnyBrowser_7.3.0( 1154): 	at com.android.internal.os.ZygoteInit.main(ZygoteInit.java:605)
W/TunnyBrowser_7.3.0( 1154): 	at dalvik.system.NativeStart.main(Native Method)
W/googleanalytics( 1154): Store full. Not storing last event.
I/TelephonyRegistry(  180): notifyServiceState: 0 home Verizon Wireless Verizon Wireless 31000  1xRTT CSS supported 3 18RoamInd: 128DefRoamInd: 64EmergOnly: false
I/TelephonyRegistry(  180): notifyDataConnection: state=2 isDataConnectivityPossible=true reason=null interfaceName=rmnet0 networkType=7
I/Process ( 1154): Sending signal. PID: 1154 SIG: 9
I/ActivityManager(  180): Process mobi.mgeek.TunnyBrowser (pid 1154) has died.
I/WindowManager(  180): WIN DEATH: Window{409a76a8 mobi.mgeek.TunnyBrowser/mobi.mgeek.TunnyBrowser.BrowserActivity paused=false}
I/WindowManager(  180): WIN DEATH: Window{40826360 mobi.mgeek.TunnyBrowser/mobi.mgeek.TunnyBrowser.BrowserActivity paused=false}
I/WindowManager(  180): WIN DEATH: Window{4092d898 AtchDlg:mobi.mgeek.TunnyBrowser/mobi.mgeek.TunnyBrowser.BrowserActivity paused=false}
D/dalvikvm( 1146): GC_EXPLICIT freed 147K, 49% free 2840K/5511K, external 0K/0K, paused 59ms
I/ActivityManager(  180): Starting: Intent { act=android.intent.action.MAIN cat=[android.intent.category.LAUNCHER] flg=0x10200000 cmp=com.facebook.katana/.LoginActivity bnds=[125,415][235,533] } from pid 302
I/ActivityManager(  180): Starting: Intent { cmp=com.facebook.katana/.activity.faceweb.FacewebChromeActivity (has extras) } from pid 1003
D/dalvikvm( 1003): GC_EXTERNAL_ALLOC freed 1559K, 52% free 3962K/8135K, external 483K/512K, paused 58ms
I/Database( 1003): sqlite returned: error code = 0, msg = Recovered 18 frames from WAL file /data/data/com.facebook.katana/databases/webview.db-wal
I/Database( 1003): sqlite returned: error code = 0, msg = Recovered 690 frames from WAL file /data/data/com.facebook.katana/databases/webviewCache.db-wal
D/dalvikvm( 1003): GC_CONCURRENT freed 1442K, 47% free 4414K/8327K, external 892K/1342K, paused 2ms+8ms
I/TelephonyRegistry(  180): notifyServiceState: 0 home Verizon Wireless Verizon Wireless 31000  EvDo rev. A CSS supported 3 18RoamInd: 128DefRoamInd: 64EmergOnly: false
I/TelephonyRegistry(  180): notifyDataConnection: state=2 isDataConnectivityPossible=true reason=null interfaceName=rmnet0 networkType=6
D/dalvikvm(  277): GC_CONCURRENT freed 399K, 49% free 3104K/6023K, external 0K/0K, paused 2ms+18ms
D/dalvikvm( 1003): GC_CONCURRENT freed 932K, 48% free 4366K/8327K, external 892K/1342K, paused 2ms+7ms
I/ActivityManager(  180): Displayed com.facebook.katana/.activity.faceweb.FacewebChromeActivity: +1s852ms (total +1s958ms)
E/Web Console( 1003): Uncaught TypeError: Cannot call method 'invoke' of undefined at https://s-static.ak.facebook.com/rsrc.php/v1/yl/r/1b4sFecxcL1.js:7
D/dalvikvm( 1003): GC_CONCURRENT freed 787K, 48% free 4362K/8327K, external 899K/1342K, paused 3ms+5ms
D/dalvikvm( 1003): GC_CONCURRENT freed 774K, 47% free 4417K/8327K, external 899K/1342K, paused 9ms+3ms
D/dalvikvm( 1120): GC_CONCURRENT freed 428K, 50% free 3073K/6087K, external 0K/0K, paused 2ms+4ms
D/dalvikvm( 1003): GC_CONCURRENT freed 768K, 47% free 4439K/8327K, external 899K/1342K, paused 3ms+3ms
D/dalvikvm( 1003): GC_CONCURRENT freed 575K, 45% free 4647K/8327K, external 899K/1342K, paused 3ms+5ms
D/dalvikvm( 1003): GC_CONCURRENT freed 720K, 42% free 4885K/8327K, external 899K/1342K, paused 3ms+14ms
D/dalvikvm( 1003): GC_CONCURRENT freed 884K, 41% free 4992K/8391K, external 924K/1342K, paused 5ms+4ms
D/dalvikvm(  302): GC_EXPLICIT freed 233K, 56% free 3643K/8135K, external 5165K/5731K, paused 69ms
D/dalvikvm( 1003): GC_CONCURRENT freed 812K, 39% free 5213K/8519K, external 930K/1342K, paused 2ms+4ms
I/dalvikvm( 1003): Jit: resizing JitTable from 4096 to 8192
D/dalvikvm( 1003): GC_CONCURRENT freed 1010K, 40% free 5335K/8839K, external 930K/1342K, paused 3ms+4ms
D/dalvikvm( 1003): GC_FOR_MALLOC freed 276K, 41% free 5363K/9031K, external 920K/1342K, paused 103ms
D/dalvikvm( 1003): GC_FOR_MALLOC freed 326K, 43% free 5274K/9095K, external 920K/1342K, paused 73ms
D/dalvikvm( 1003): GC_FOR_MALLOC freed 293K, 44% free 5169K/9095K, external 920K/1342K, paused 34ms
I/dalvikvm-heap( 1003): Grow heap (frag case) to 8.415MB for 58150-byte allocation
D/dalvikvm( 1003): GC_FOR_MALLOC freed 8K, 44% free 5218K/9159K, external 920K/1342K, paused 36ms
D/dalvikvm( 1003): GC_FOR_MALLOC freed 311K, 44% free 5150K/9159K, external 930K/1342K, paused 35ms
D/dalvikvm( 1017): GC_EXPLICIT freed 404K, 50% free 2987K/5895K, external 0K/0K, paused 57ms
I/ActivityManager(  180): Starting: Intent { cmp=com.facebook.katana/.ComposerActivity (has extras) } from pid 1003
D/PhoneWindow( 1003): couldn't save which view has focus because the focused view com.facebook.katana.webview.FacewebWebView@407cd3c8 has no id.
D/LatinIME(  266): mLongPressDelay = 300
D/LatinKeyboardBaseView(  266): mLongPressDelay = 300
D/PointerTracker(  266): mLongPressKeyTimeout = 300
D/LatinIME(  266): mLongPressDelay = 300
D/LatinKeyboardBaseView(  266): mLongPressDelay = 300
D/PointerTracker(  266): mLongPressKeyTimeout = 300
I/ActivityManager(  180): Displayed com.facebook.katana/.ComposerActivity: +518ms
D/dalvikvm(  266): GC_EXTERNAL_ALLOC freed 181K, 42% free 3894K/6663K, external 3554K/3606K, paused 98ms
I/ActivityManager(  180): Start proc com.siti for service com.siti/.IntentProcess: pid=1281 uid=10112 gids={3003}
D/dalvikvm( 1003): GC_CONCURRENT freed 1212K, 45% free 5071K/9159K, external 1174K/1342K, paused 8ms+19ms
D/mashitah( 1281): got into onCreate of IntentProcess.java
W/IntentSniffer( 1281): failed to read stored actions
D/dalvikvm( 1281): GC_EXTERNAL_ALLOC freed 49K, 51% free 2688K/5379K, external 0K/0K, paused 46ms
W/IntentSniffer( 1281): failed to read stored actions
D/IntentSniffer( 1281): known broadcast action count: 8
D/IntentSniffer( 1281): known category action count: 8
D/IntentSniffer( 1281): Thu Mar 01 21:09:26 EST 2012 recent intent added: Intent { act=android.intent.action.MAIN cat=[android.intent.category.LAUNCHER] flg=0x10200000 cmp=com.facebook.katana/.LoginActivity bnds=[125,415][235,533] }1080150808
D/IntentSniffer( 1281): Thu Mar 01 21:09:26 EST 2012 recent intent added: Intent { act=android.intent.action.SEARCH flg=0x10000000 cmp=mobi.mgeek.TunnyBrowser/.BrowserActivity (has extras) }1080141224
D/IntentSniffer( 1281): Thu Mar 01 21:09:26 EST 2012 recent intent added: Intent { flg=0x10800000 cmp=com.google.android.gsf/.update.SystemUpdateInstallDialog }1080185880
D/IntentSniffer( 1281): Thu Mar 01 21:09:26 EST 2012 recent intent added: Intent { act=android.intent.action.MAIN cat=[android.intent.category.HOME] flg=0x10000000 cmp=com.android.launcher/.Launcher }1080140912
D/IntentSniffer( 1281): In loop of initContro, woke up from sleep
D/IntentSniffer( 1281): Thu Mar 01 21:09:27 EST 2012 recent intent added: Intent { act=android.intent.action.MAIN cat=[android.intent.category.LAUNCHER] flg=0x10200000 cmp=com.facebook.katana/.LoginActivity bnds=[125,415][235,533] }1080208608
D/IntentSniffer( 1281): Thu Mar 01 21:09:27 EST 2012 recent intent added: Intent { act=android.intent.action.SEARCH flg=0x10000000 cmp=mobi.mgeek.TunnyBrowser/.BrowserActivity (has extras) }1080209304
D/IntentSniffer( 1281): Thu Mar 01 21:09:27 EST 2012 recent intent added: Intent { flg=0x10800000 cmp=com.google.android.gsf/.update.SystemUpdateInstallDialog }1080209808
D/IntentSniffer( 1281): Thu Mar 01 21:09:27 EST 2012 recent intent added: Intent { act=android.intent.action.MAIN cat=[android.intent.category.HOME] flg=0x10000000 cmp=com.android.launcher/.Launcher }1080210168
D/szipinf (  180): Initializing inflate state
I/ActivityManager(  180): Starting: Intent { act=android.media.action.IMAGE_CAPTURE cmp=com.android.camera/.Camera (has extras) } from pid 1003
I/ActivityManager(  180): Start proc com.android.camera for activity com.android.camera/.Camera: pid=1289 uid=10027 gids={1006, 1015}
W/InputManagerService(  180): Window already focused, ignoring focus gain of: com.android.internal.view.IInputMethodClient$Stub$Proxy@4082a848
D/dalvikvm( 1289): Debugger has detached; object registry had 1 entries
I/WindowManager(  180): Setting rotation to 1, animFlags=1
I/ActivityManager(  180): Config changed: { scale=1.0 imsi=310/12 loc=en_US touch=3 keys=1/1/2 nav=3/1 orien=2 layout=34 uiMode=17 seq=4 themeResource=null}
I/*** CalculatorWidgetService(  466): Detected phone orientation change event
D/szipinf ( 1289): Initializing inflate state
I/PowerWidget(  257): Clearing any old widget stuffs
I/PowerWidget(  257): Setting up widget
I/PowerWidget(  257): Default buttons being loaded
I/PowerWidget(  257): Button list: toggleWifi|toggleBluetooth|toggleGPS|toggleSound
I/PowerWidget(  257): Setting up button: toggleWifi
I/PowerWidget(  257): Setting up button: toggleBluetooth
D/IntentSniffer( 1281): In loop of initContro, woke up from sleep
D/IntentSniffer( 1281): Thu Mar 01 21:09:28 EST 2012 recent intent added: Intent { act=android.intent.action.MAIN cat=[android.intent.category.LAUNCHER] flg=0x10200000 cmp=com.facebook.katana/.LoginActivity bnds=[125,415][235,533] }1080249616
D/IntentSniffer( 1281): Thu Mar 01 21:09:28 EST 2012 recent intent added: Intent { act=android.intent.action.SEARCH flg=0x10000000 cmp=mobi.mgeek.TunnyBrowser/.BrowserActivity (has extras) }1080250328
D/IntentSniffer( 1281): Thu Mar 01 21:09:28 EST 2012 recent intent added: Intent { flg=0x10800000 cmp=com.google.android.gsf/.update.SystemUpdateInstallDialog }1080250832
D/IntentSniffer( 1281): Thu Mar 01 21:09:28 EST 2012 recent intent added: Intent { act=android.intent.action.MAIN cat=[android.intent.category.HOME] flg=0x10000000 cmp=com.android.launcher/.Launcher }1080251192
I/PowerWidget(  257): Setting up button: toggleGPS
I/PowerWidget(  257): Setting up button: toggleSound
D/dalvikvm( 1120): GC_CONCURRENT freed 433K, 50% free 3095K/6087K, external 0K/0K, paused 2ms+10ms
D/dalvikvm( 1289): GC_EXTERNAL_ALLOC freed 71K, 50% free 2728K/5379K, external 0K/0K, paused 69ms
V/CameraHolder( 1289): open camera 0
D/QualcommCameraHardware(  129): createInstance: E
D/QualcommCameraHardware(  129):  Storing the current target type as 1 
D/QualcommCameraHardware(  129): constructor EX
D/QualcommCameraHardware(  129): startCamera E
D/QualcommCameraHardware(  129): loading liboemcamera at 0xb000deb8
I/QualcommCameraHardware(  129): Set main cam and main cam only
I/mm-camera-mmap(  129): set sensor selection :0
D/LatinIME(  266): mLongPressDelay = 300
D/LatinKeyboardBaseView(  266): mLongPressDelay = 300
D/dalvikvm(  266): GC_EXTERNAL_ALLOC freed 125K, 42% free 3891K/6663K, external 3034K/3654K, paused 55ms
I/QualcommCameraHardware(  129): Open Device node : /dev/msm_camera/control0
I/mm-camera-config(  129): cam_conf fd cfgctrl.camfd:0
I/mm-camera-config(  129): Open config device node : /dev/msm_camera/config0
I/        (  129): [AWB Calibration]:ctrlfd:22
I/        (  129): [AWB Calibration] cfg.fuse_id_word1:0x4114
I/        (  129): [AWB Calibration] cfg.fuse_id_word2:0x14b1
I/        (  129): [AWB Calibration] cfg.fuse_id_word3:0x0
I/        (  129): [AWB Calibration] cfg.fuse_id_word4:0x0
I/        (  129): [AWB Calibration] rg_ratio_GS_table[0]:0.687744
I/        (  129): [AWB Calibration] rg_ratio_GS_table[1]:0.687744
I/        (  129): [AWB Calibration] rg_ratio_GS_table[2]:0.687744
I/        (  129): [AWB Calibration] bg_ratio_GS_table[0]:0.737549
I/        (  129): [AWB Calibration] bg_ratio_GS_table[1]:0.737549
I/        (  129): [AWB Calibration] bg_ratio_GS_table[2]:0.737549
I/        (  129): [AWB Calibration] sfuse.fuse_id_word1:0x4114
I/        (  129): [AWB Calibration] sfuse.fuse_id_word2:0x14b1
I/        (  129): [AWB Calibration] sfuse.fuse_id_word3:0x0
I/        (  129): [AWB Calibration] sfuse.fuse_id_word4:0x0
I/        (  129): [AWB Calibration] fuse_id : 0x4114, 0x14b1, 0x0, 0x0
I/        (  129): [AWB Calibration] fail to read /data/awb_cal 
I/        (  129): [AWB Calibration] read from file OK: /sys/android_camera_awb_cal/awb_ca
I/        (  129): [AWB Calibration] read all c1b ,ok=1
I/        (  129): [AWB Calibration] read all 2a7 ,ok=1
I/        (  129): [AWB Calibration] read all 379 ,ok=1
I/        (  129): [AWB Calibration] read all 4114 ,ok=1
I/        (  129): [AWB Calibration] read all 14b1 ,ok=1
I/        (  129): [AWB Calibration] read all 0 ,ok=1
I/        (  129): [AWB Calibration] read all 0 ,ok=1
I/        (  129): [AWB Calibration] read all fc562c75 ,ok=1
I/        (  129): [AWB Calibration] check sum=fc562c75, OK
I/        (  129): [AWB Calibration] caBuff[0]:0x00000c1b
I/        (  129): [AWB Calibration] caBuff[1]:0x000002a7
I/        (  129): [AWB Calibration] caBuff[2]:0x00000379
I/        (  129): [AWB Calibration] caBuff[3]:0x00004114
I/        (  129): [AWB Calibration] caBuff[4]:0x000014b1
I/        (  129): [AWB Calibration] caBuff[5]:0x00000000
I/        (  129): [AWB Calibration] caBuff[6]:0x00000000
I/        (  129): [AWB Calibration] caBuff[7]:0xfc562c75
I/        (  129): [AWB Calibration] fuse_id_word1:0x00004114
I/        (  129): [AWB Calibration] fuse_id_word2:0x000014b1
I/        (  129): [AWB Calibration] fuse_id_word3:0x00000000
I/        (  129): [AWB Calibration] fuse_id_word4:0x00000000
I/        (  129): [AWB Calibration] caBuff[0]:3099
I/        (  129): [AWB Calibration] valid bit and fuseID pass, use new white points
I/        (  129): [AWB Calibration] use light version: v3
I/mm-camera-aec(  129): Touch AEC  == numRegions:256
I/mm-camera-aec(  129): Touch AEC aecCtrl->aec_state.aec_algo:1
I/QualcommCameraHardware(  129): startCamera: camsensor name ov8810, flash 1
D/QualcommCameraHardware(  129): startCamera X
D/QualcommCameraHardware(  129): initDefaultParameters E
D/QualcommCameraHardware(  129): product 6
D/QualcommCameraHardware(  129): native_access_parm: fd 21, type 1, length 32
E/QualcommCameraHardware(  129): native_access_parm: error (No such file or directory): fd 21, type 1, length 32, status 0
D/QualcommCameraHardware(  129): native_access_parm: fd 21, type 64, length 4
D/QualcommCameraHardware(  129): native_access_parm: fd 21, type 65, length 4
D/QualcommCameraHardware(  129): native_access_parm: fd 21, type 66, length 4
D/QualcommCameraHardware(  129): requested preview size 768 x 432
D/QualcommCameraHardware(  129): requested picture size 1024 x 768
D/QualcommCameraHardware(  129): value:31000, country value:310, country code:310
D/QualcommCameraHardware(  129): native_access_parm: fd 21, type 21, length 4
D/QualcommCameraHardware(  129): native_access_parm: fd 21, type 14, length 4
D/QualcommCameraHardware(  129): setFlash 0
D/QualcommCameraHardware(  129): native_access_parm: fd 21, type 49, length 4
D/mm-camera-ctrlcmd(  129): In config_proc_CAMERA_SET_PARM_LED_MODE: 0
I/QualcommCameraHardware(  129): Set zoom=0 30
D/QualcommCameraHardware(  129): native_access_parm: fd 21, type 2, length 4
I/QualcommCameraHardware(  129): Setting Contrast is 5
D/QualcommCameraHardware(  129): native_access_parm: fd 21, type 6, length 4
I/QualcommCameraHardware(  129): Setting Brightness is 3
D/QualcommCameraHardware(  129): native_access_parm: fd 21, type 7, length 4
D/QualcommCameraHardware(  129): native_access_parm: fd 21, type 12, length 4
I/mm-camera-ctrlcmd(  129): md.d.aec_mode.aec_mode:1
I/mm-camera-aec(  129): Touch AEC  == numRegions:256
I/mm-camera-aec(  129): Touch AEC aecCtrl->aec_state.aec_algo:1
D/QualcommCameraHardware(  129): not defined touch-focus yet, or AP without touch-focus function
I/QualcommCameraHardware(  129): Before Setting coordinate x:384 y:216
I/QualcommCameraHardware(  129): Setting coordinate x:2 y:2
D/QualcommCameraHardware(  129): native_access_parm: fd 21, type 60, length 28
I/mm-camera 8x vfe(  129): vfe_set_coordinate x:2 y:2
D/QualcommCameraHardware(  129): native_access_parm: fd 21, type 26, length 4
D/mm-camera-ctrlcmd(  129): md.d.aec_iso_mode = 0
D/QualcommCameraHardware(  129): native_access_parm: fd 21, type 62, length 4
D/QualcommCameraHardware(  129): native_access_parm: fd 21, type 8, length 4
D/QualcommCameraHardware(  129): virtual android::status_t android::QualcommCameraHardware::setParameters(const android::CameraParameters&), final_rc=0
D/QualcommCameraHardware(  129): initDefaultParameters X
D/QualcommCameraHardware(  129): createInstance: X created hardware=0x223d0
I/StagefrightPlayer(  129): setDataSource('/system/media/audio/ui/camera_click.ogg')
I/StagefrightPlayer(  129): setDataSource('/system/media/audio/ui/VideoRecord.ogg')
D/dalvikvm(  266): GC_EXTERNAL_ALLOC freed 13K, 42% free 3881K/6663K, external 3236K/4042K, paused 99ms
D/Camera  ( 1289): app passed NULL surface
D/QualcommCameraHardware(  129): requested preview size 640 x 480
D/QualcommCameraHardware(  129): requested picture size 3264 x 2448
D/QualcommCameraHardware(  129): value:31000, country value:310, country code:310
D/QualcommCameraHardware(  129): native_access_parm: fd 21, type 21, length 4
D/QualcommCameraHardware(  129): native_access_parm: fd 21, type 14, length 4
D/QualcommCameraHardware(  129): setFlash 0
D/QualcommCameraHardware(  129): native_access_parm: fd 21, type 49, length 4
D/mm-camera-ctrlcmd(  129): In config_proc_CAMERA_SET_PARM_LED_MODE: 0
I/QualcommCameraHardware(  129): Set zoom=0 30
D/QualcommCameraHardware(  129): native_access_parm: fd 21, type 2, length 4
I/QualcommCameraHardware(  129): Setting Contrast is 5
D/QualcommCameraHardware(  129): native_access_parm: fd 21, type 6, length 4
I/QualcommCameraHardware(  129): Setting Brightness is 3
D/QualcommCameraHardware(  129): native_access_parm: fd 21, type 7, length 4
D/QualcommCameraHardware(  129): native_access_parm: fd 21, type 12, length 4
I/mm-camera-ctrlcmd(  129): md.d.aec_mode.aec_mode:1
I/mm-camera-aec(  129): Touch AEC  == numRegions:256
I/mm-camera-aec(  129): Touch AEC aecCtrl->aec_state.aec_algo:1
D/QualcommCameraHardware(  129): not defined touch-focus yet, or AP without touch-focus function
I/QualcommCameraHardware(  129): Before Setting coordinate x:320 y:240
I/QualcommCameraHardware(  129): Setting coordinate x:2 y:2
D/QualcommCameraHardware(  129): native_access_parm: fd 21, type 60, length 28
I/mm-camera 8x vfe(  129): vfe_set_coordinate x:2 y:2
D/QualcommCameraHardware(  129): native_access_parm: fd 21, type 26, length 4
D/mm-camera-ctrlcmd(  129): md.d.aec_iso_mode = 0
D/QualcommCameraHardware(  129): native_access_parm: fd 21, type 62, length 4
D/QualcommCameraHardware(  129): native_access_parm: fd 21, type 8, length 4
D/QualcommCameraHardware(  129): virtual android::status_t android::QualcommCameraHardware::setParameters(const android::CameraParameters&), final_rc=0
D/CameraSettings( 1289): Parameters: [antibanding-values=off,50hz,60hz,auto, antibanding=auto, brightness-def=3, brightness-max=6, brightness-min=0, brightness=3, cam-mode=0, contrast-def=5, contrast-max=10, contrast-min=0, contrast=5, effect-values=none,mono,negative,solarize,sepia,posterize,aqua, effect=none, exposure-compensation-step=0.5, exposure-compensation=0, flash-mode-values=off,auto,on,torch, flash-mode=off, focal-length=4.92, focus-mode-values=auto,infinity, focus-mode=auto, front-camera-mode-values=mirror,reverse, front-camera-mode=mirror, horizontal-view-angle=49.5, iso-values=auto,deblur,100,200,400,800,1250, iso=auto, jpeg-quality=90, jpeg-thumbnail-height=576, jpeg-thumbnail-quality=75, jpeg-thumbnail-size-values=768x576,640x480,512x384,0x0, jpeg-thumbnail-width=768, max-exposure-compensation=4, max-zoom=5, meter-mode-values=meter-average,meter-center,meter-spot, meter-mode=meter-center, min-exposure-compensation=-4, picture-format-values=jpeg, picture-format=jpeg, picture-size-values=3264x2448,3264x1952,2592x1952,2592x1552,2048x1536,2048x1216,1600x1200,1280x960,1280x768,1024x768,640x480,640x384,512x384,400x400,272x272, picture-size=3264x2448, preview-format-values=yuv420sp, preview-format=yuv420sp, preview-frame-rate-values=15, preview-frame-rate=15, preview-size-values=1280x720,800x480,768x432,720x480,640x480,576x432,480x320,400x240,384x288,352x288,320x240,272x272,240x240,240x160,176x144, preview-size=640x480, saturation-def=5, saturation-max=10, saturation-min=1, saturation=5, sharpness-def=10, sharpness-max=30, sharpness-min=0, sharpness=10, smart-contrast=off, taking-picture-zoom-max=30, taking-picture-zoom-min=0, taking-picture-zoom=0, vertical-view-angle=38, whitebalance-values=auto,incandescent,fluorescent,daylight,cloudy-daylight, whitebalance=auto, zoom-ratios=100,114,131,151,174,200, zoom-supported=true, zoom=0]
D/QualcommCameraHardware(  129): requested preview size 640 x 480
D/QualcommCameraHardware(  129): requested picture size 3264 x 2448
D/QualcommCameraHardware(  129): value:31000, country value:310, country code:310
D/QualcommCameraHardware(  129): native_access_parm: fd 21, type 21, length 4
D/QualcommCameraHardware(  129): native_access_parm: fd 21, type 14, length 4
D/QualcommCameraHardware(  129): setFlash 0
D/QualcommCameraHardware(  129): native_access_parm: fd 21, type 49, length 4
D/mm-camera-ctrlcmd(  129): In config_proc_CAMERA_SET_PARM_LED_MODE: 0
I/QualcommCameraHardware(  129): Set zoom=0 30
D/QualcommCameraHardware(  129): native_access_parm: fd 21, type 2, length 4
I/QualcommCameraHardware(  129): Setting Contrast is 5
D/QualcommCameraHardware(  129): native_access_parm: fd 21, type 6, length 4
I/QualcommCameraHardware(  129): Setting Brightness is 3
D/QualcommCameraHardware(  129): native_access_parm: fd 21, type 7, length 4
D/QualcommCameraHardware(  129): native_access_parm: fd 21, type 12, length 4
I/mm-camera-ctrlcmd(  129): md.d.aec_mode.aec_mode:1
I/mm-camera-aec(  129): Touch AEC  == numRegions:256
I/mm-camera-aec(  129): Touch AEC aecCtrl->aec_state.aec_algo:1
D/QualcommCameraHardware(  129): not defined touch-focus yet, or AP without touch-focus function
I/QualcommCameraHardware(  129): Before Setting coordinate x:320 y:240
I/QualcommCameraHardware(  129): Setting coordinate x:2 y:2
D/QualcommCameraHardware(  129): native_access_parm: fd 21, type 60, length 28
I/mm-camera 8x vfe(  129): vfe_set_coordinate x:2 y:2
D/QualcommCameraHardware(  129): native_access_parm: fd 21, type 26, length 4
D/mm-camera-ctrlcmd(  129): md.d.aec_iso_mode = 0
D/QualcommCameraHardware(  129): native_access_parm: fd 21, type 62, length 4
D/QualcommCameraHardware(  129): native_access_parm: fd 21, type 8, length 4
D/QualcommCameraHardware(  129): virtual android::status_t android::QualcommCameraHardware::setParameters(const android::CameraParameters&), final_rc=0
D/QualcommCameraHardware(  129): requested preview size 640 x 480
D/QualcommCameraHardware(  129): requested picture size 3264 x 2448
D/QualcommCameraHardware(  129): value:31000, country value:310, country code:310
D/QualcommCameraHardware(  129): native_access_parm: fd 21, type 21, length 4
D/QualcommCameraHardware(  129): native_access_parm: fd 21, type 14, length 4
D/QualcommCameraHardware(  129): setFlash 0
D/QualcommCameraHardware(  129): native_access_parm: fd 21, type 49, length 4
D/mm-camera-ctrlcmd(  129): In config_proc_CAMERA_SET_PARM_LED_MODE: 0
I/QualcommCameraHardware(  129): Set zoom=0 30
D/QualcommCameraHardware(  129): native_access_parm: fd 21, type 2, length 4
I/QualcommCameraHardware(  129): Setting Contrast is 5
D/QualcommCameraHardware(  129): native_access_parm: fd 21, type 6, length 4
I/QualcommCameraHardware(  129): Setting Brightness is 3
D/QualcommCameraHardware(  129): native_access_parm: fd 21, type 7, length 4
D/QualcommCameraHardware(  129): native_access_parm: fd 21, type 12, length 4
I/mm-camera-ctrlcmd(  129): md.d.aec_mode.aec_mode:1
I/mm-camera-aec(  129): Touch AEC  == numRegions:256
I/mm-camera-aec(  129): Touch AEC aecCtrl->aec_state.aec_algo:1
D/QualcommCameraHardware(  129): not defined touch-focus yet, or AP without touch-focus function
I/QualcommCameraHardware(  129): Before Setting coordinate x:320 y:240
I/QualcommCameraHardware(  129): Setting coordinate x:2 y:2
D/QualcommCameraHardware(  129): native_access_parm: fd 21, type 60, length 28
I/mm-camera 8x vfe(  129): vfe_set_coordinate x:2 y:2
D/QualcommCameraHardware(  129): native_access_parm: fd 21, type 26, length 4
D/mm-camera-ctrlcmd(  129): md.d.aec_iso_mode = 0
D/QualcommCameraHardware(  129): native_access_parm: fd 21, type 62, length 4
D/QualcommCameraHardware(  129): native_access_parm: fd 21, type 8, length 4
D/QualcommCameraHardware(  129): virtual android::status_t android::QualcommCameraHardware::setParameters(const android::CameraParameters&), final_rc=0
V/camera  ( 1289): startPreview
D/QualcommCameraHardware(  129): startPreview E
D/QualcommCameraHardware(  129): initPreview E: preview size=640x480
D/QualcommCameraHardware(  129): initPreview E: preview size=640x480 videosize = 640 x 480
D/QualcommCameraHardware(  129): initPreview cam_mode 0
D/QualcommCameraHardware(  129): initPreview : preview size=640x480 videosize = 640 x 480
I/QualcommCameraHardware(  129): pmem pool /dev/pmem_adsp ioctl(fd = 51, PMEM_GET_SIZE) is 2097152
D/QualcommCameraHardware(  129): mBufferSize=460800, mAlignedBufferSize=524288
E/QualcommCameraHardware(  129): num_buffers = 4
I/QualcommCameraHardware(  129): register_buf: camfd = 49, reg = 0 buffer = 0x426c0000
I/QualcommCameraHardware(  129): register_buf: camfd = 49, reg = 0 buffer = 0x42740000
I/QualcommCameraHardware(  129): register_buf: camfd = 49, reg = 0 buffer = 0x427c0000
I/QualcommCameraHardware(  129): register_buf: camfd = 49, reg = 0 buffer = 0x42840000
D/QualcommCameraHardware(  129): initREcord E
I/QualcommCameraHardware(  129): pmem pool /dev/pmem_adsp ioctl(fd = 54, PMEM_GET_SIZE) is 4194304
D/QualcommCameraHardware(  129): mBufferSize=460800, mAlignedBufferSize=524288
E/QualcommCameraHardware(  129): num_buffers = 8
I/QualcommCameraHardware(  129): register_buf: camfd = 52, reg = 0 buffer = 0x4291b000
I/QualcommCameraHardware(  129): register_buf: camfd = 52, reg = 0 buffer = 0x4299b000
I/QualcommCameraHardware(  129): register_buf: camfd = 52, reg = 0 buffer = 0x42a1b000
I/QualcommCameraHardware(  129): register_buf: camfd = 52, reg = 0 buffer = 0x42a9b000
I/QualcommCameraHardware(  129): register_buf: camfd = 52, reg = 0 buffer = 0x42b1b000
I/QualcommCameraHardware(  129): register_buf: camfd = 52, reg = 0 buffer = 0x42b9b000
I/QualcommCameraHardware(  129): register_buf: camfd = 52, reg = 0 buffer = 0x42c1b000
I/QualcommCameraHardware(  129): register_buf: camfd = 52, reg = 0 buffer = 0x42c9b000
D/QualcommCameraHardware(  129): initRecord :  record heap , video buffers  buffer=1116844032 fd=54 y_off=0 cbcr_off=307200 
D/QualcommCameraHardware(  129): initRecord :  record heap , video buffers  buffer=1117368320 fd=54 y_off=0 cbcr_off=307200 
D/QualcommCameraHardware(  129): initRecord :  record heap , video buffers  buffer=1117892608 fd=54 y_off=0 cbcr_off=307200 
D/QualcommCameraHardware(  129): initRecord :  record heap , video buffers  buffer=1118416896 fd=54 y_off=0 cbcr_off=307200 
D/QualcommCameraHardware(  129): initRecord :  record heap , video buffers  buffer=1118941184 fd=54 y_off=0 cbcr_off=307200 
D/QualcommCameraHardware(  129): initRecord :  record heap , video buffers  buffer=1119465472 fd=54 y_off=0 cbcr_off=307200 
D/QualcommCameraHardware(  129): initRecord :  record heap , video buffers  buffer=1119989760 fd=54 y_off=0 cbcr_off=307200 
D/QualcommCameraHardware(  129): initRecord :  record heap , video buffers  buffer=1120514048 fd=54 y_off=0 cbcr_off=307200 
D/QualcommCameraHardware(  129): initREcord X
D/QualcommCameraHardware(  129): native_access_parm: fd 21, type 1, length 32
D/mm-camera-ov8810_u(  129): andy cam_mode_sel 0
D/QualcommCameraHardware(  129): initpreview before cam_frame thread carete , video frame  buffer=1118416896 fd=54 y_off=0 cbcr_off=307200 
D/QualcommCameraHardware(  129): initPreview X: 1
D/QualcommCameraHardware(  129): frame_thread E
D/mm-camera 8x vfe(  129): vfe_enable_vfe: ctrl->state is 0
D/mm-camera 8x vfe(  129): vfe_enable_vfe: set ctrl->state = CAMERA_STATE_VFE_ENABLED
