03-19 23:51:07.873 I/System.out(  375): WHAT THE HECK IS JSON!?!?!?!?!
03-19 23:51:07.873 I/System.out(  375): Inside of the try, beginning
03-19 23:51:07.891 I/System.out(  375): Inside of the try, the end
03-19 23:51:07.891 I/System.out(  375): At the end of the function
03-19 23:51:07.903 D/edu.umd.cs.guitar(  375): socket close
03-19 23:51:07.903 I/global  (  375): Default buffer size used in BufferedReader constructor. It would be better to be explicit if an 8k-char buffer is required.
03-19 23:51:07.923 I/global  (  375): Default buffer size used in BufferedWriter constructor. It would be better to be explicit if an 8k-char buffer is required.
03-19 23:51:08.422 D/edu.umd.cs.guitar(  375): click: Call Activity D2
03-19 23:51:10.522 I/ActivityManager(   82): Starting activity: Intent { cmp=rohan.makes.intents/.D2_Activity }
03-19 23:51:10.992 I/ActivityManager(   82): Displayed activity rohan.makes.intents/.D2_Activity: 359 ms (total 359 ms)
03-19 23:51:11.194 D/edu.umd.cs.guitar(  375): socket close
03-19 23:51:11.211 I/global  (  375): Default buffer size used in BufferedReader constructor. It would be better to be explicit if an 8k-char buffer is required.
03-19 23:51:11.211 I/global  (  375): Default buffer size used in BufferedWriter constructor. It would be better to be explicit if an 8k-char buffer is required.
03-19 23:51:11.721 D/edu.umd.cs.guitar(  375): getContainer: android.widget.FrameLayout@43ea5758
03-19 23:51:11.743 D/edu.umd.cs.guitar(  375): socket close
03-19 23:51:11.762 I/global  (  375): Default buffer size used in BufferedReader constructor. It would be better to be explicit if an 8k-char buffer is required.
03-19 23:51:11.762 I/global  (  375): Default buffer size used in BufferedWriter constructor. It would be better to be explicit if an 8k-char buffer is required.
03-19 23:51:12.291 D/edu.umd.cs.guitar(  375): getContainer: android.widget.FrameLayout@43ea5758
03-19 23:51:12.313 D/edu.umd.cs.guitar(  375): socket close
03-19 23:51:12.353 I/global  (  375): Default buffer size used in BufferedReader constructor. It would be better to be explicit if an 8k-char buffer is required.
03-19 23:51:12.353 I/global  (  375): Default buffer size used in BufferedWriter constructor. It would be better to be explicit if an 8k-char buffer is required.
03-19 23:51:12.362 D/edu.umd.cs.guitar(  375): not scrollable
03-19 23:51:12.362 D/edu.umd.cs.guitar(  375): getChildren: android.widget.FrameLayout@43ea5758
03-19 23:51:12.374 D/edu.umd.cs.guitar(  375): not scrollable
03-19 23:51:12.374 D/edu.umd.cs.guitar(  375): child: android.widget.LinearLayout@43ea35e0
03-19 23:51:12.412 D/edu.umd.cs.guitar(  375): socket close
03-19 23:51:12.412 I/global  (  375): Default buffer size used in BufferedReader constructor. It would be better to be explicit if an 8k-char buffer is required.
03-19 23:51:12.442 I/global  (  375): Default buffer size used in BufferedWriter constructor. It would be better to be explicit if an 8k-char buffer is required.
03-19 23:51:12.470 D/edu.umd.cs.guitar(  375): not scrollable
03-19 23:51:12.474 D/edu.umd.cs.guitar(  375): getChildren: android.widget.LinearLayout@43ea35e0
03-19 23:51:12.482 D/edu.umd.cs.guitar(  375): not scrollable
03-19 23:51:12.482 D/edu.umd.cs.guitar(  375): child: android.widget.TextView@43edae60
03-19 23:51:12.522 D/edu.umd.cs.guitar(  375): socket close
03-19 23:51:12.522 I/global  (  375): Default buffer size used in BufferedReader constructor. It would be better to be explicit if an 8k-char buffer is required.
03-19 23:51:12.522 I/global  (  375): Default buffer size used in BufferedWriter constructor. It would be better to be explicit if an 8k-char buffer is required.
03-19 23:51:13.052 W/KeyCharacterMap(  375): No keyboard for id 0
03-19 23:51:13.052 W/KeyCharacterMap(  375): Using default keymap: /system/usr/keychars/qwerty.kcm.bin
03-19 23:51:13.622 D/edu.umd.cs.guitar(  375): socket close
03-19 23:51:13.642 I/global  (  375): Default buffer size used in BufferedReader constructor. It would be better to be explicit if an 8k-char buffer is required.
03-19 23:51:13.752 D/dalvikvm(  375): GC_FOR_MALLOC freed 2672 objects / 478680 bytes in 116ms
03-19 23:51:13.752 I/global  (  375): Default buffer size used in BufferedWriter constructor. It would be better to be explicit if an 8k-char buffer is required.
03-19 23:51:13.773 I/System.out(  375): Reached before Activity act
03-19 23:51:14.281 I/System.out(  375): Reached before getRootWindows
03-19 23:51:14.281 D/edu.umd.cs.guitar(  375): getRootWindows: rohan.makes.intents.D_Activity@43e99478
03-19 23:51:14.291 I/System.out(  375): Reached after getRootWindows
03-19 23:51:14.312 I/System.out(  375): WHAT THE HECK IS JSON!?!?!?!?!
03-19 23:51:14.312 I/System.out(  375): Inside of the try, beginning
03-19 23:51:14.312 I/System.out(  375): Inside of the try, the end
03-19 23:51:14.312 I/System.out(  375): At the end of the function
03-19 23:51:14.312 D/edu.umd.cs.guitar(  375): socket close
03-19 23:51:14.322 I/global  (  375): Default buffer size used in BufferedReader constructor. It would be better to be explicit if an 8k-char buffer is required.
03-19 23:51:14.341 I/global  (  375): Default buffer size used in BufferedWriter constructor. It would be better to be explicit if an 8k-char buffer is required.
03-19 23:51:14.881 D/edu.umd.cs.guitar(  375): click: Call Activity D4
03-19 23:51:16.966 I/ActivityManager(   82): Starting activity: Intent { cmp=rohan.makes.intents/.D4_Activity }
03-19 23:51:17.392 I/ActivityManager(   82): Displayed activity rohan.makes.intents/.D4_Activity: 355 ms (total 355 ms)
03-19 23:51:17.633 D/edu.umd.cs.guitar(  375): socket close
03-19 23:51:17.642 I/global  (  375): Default buffer size used in BufferedReader constructor. It would be better to be explicit if an 8k-char buffer is required.
03-19 23:51:17.661 I/global  (  375): Default buffer size used in BufferedWriter constructor. It would be better to be explicit if an 8k-char buffer is required.
03-19 23:51:18.171 D/edu.umd.cs.guitar(  375): getContainer: android.widget.FrameLayout@43ebb3a8
03-19 23:51:18.192 D/edu.umd.cs.guitar(  375): socket close
03-19 23:51:18.192 I/global  (  375): Default buffer size used in BufferedReader constructor. It would be better to be explicit if an 8k-char buffer is required.
03-19 23:51:18.213 I/global  (  375): Default buffer size used in BufferedWriter constructor. It would be better to be explicit if an 8k-char buffer is required.
03-19 23:51:18.721 D/edu.umd.cs.guitar(  375): getContainer: android.widget.FrameLayout@43ebb3a8
03-19 23:51:18.743 D/edu.umd.cs.guitar(  375): socket close
03-19 23:51:18.752 I/global  (  375): Default buffer size used in BufferedReader constructor. It would be better to be explicit if an 8k-char buffer is required.
03-19 23:51:18.783 I/global  (  375): Default buffer size used in BufferedWriter constructor. It would be better to be explicit if an 8k-char buffer is required.
03-19 23:51:18.783 D/edu.umd.cs.guitar(  375): not scrollable
03-19 23:51:18.803 D/edu.umd.cs.guitar(  375): getChildren: android.widget.FrameLayout@43ebb3a8
03-19 23:51:18.803 D/edu.umd.cs.guitar(  375): not scrollable
03-19 23:51:18.803 D/edu.umd.cs.guitar(  375): child: android.widget.LinearLayout@43e8be40
03-19 23:51:18.833 D/edu.umd.cs.guitar(  375): socket close
03-19 23:51:18.843 I/global  (  375): Default buffer size used in BufferedReader constructor. It would be better to be explicit if an 8k-char buffer is required.
03-19 23:51:18.843 I/global  (  375): Default buffer size used in BufferedWriter constructor. It would be better to be explicit if an 8k-char buffer is required.
03-19 23:51:18.873 D/edu.umd.cs.guitar(  375): not scrollable
03-19 23:51:18.873 D/edu.umd.cs.guitar(  375): getChildren: android.widget.LinearLayout@43e8be40
03-19 23:51:18.873 D/edu.umd.cs.guitar(  375): not scrollable
03-19 23:51:18.873 D/edu.umd.cs.guitar(  375): child: android.widget.TextView@43e5bc68
03-19 23:51:18.911 D/edu.umd.cs.guitar(  375): socket close
03-19 23:51:18.911 I/global  (  375): Default buffer size used in BufferedReader constructor. It would be better to be explicit if an 8k-char buffer is required.
03-19 23:51:18.911 I/global  (  375): Default buffer size used in BufferedWriter constructor. It would be better to be explicit if an 8k-char buffer is required.
03-19 23:51:19.443 W/KeyCharacterMap(  375): No keyboard for id 0
03-19 23:51:19.443 W/KeyCharacterMap(  375): Using default keymap: /system/usr/keychars/qwerty.kcm.bin
03-19 23:51:20.022 D/edu.umd.cs.guitar(  375): socket close
03-19 23:51:20.022 I/global  (  375): Default buffer size used in BufferedReader constructor. It would be better to be explicit if an 8k-char buffer is required.
03-19 23:51:20.053 I/global  (  375): Default buffer size used in BufferedWriter constructor. It would be better to be explicit if an 8k-char buffer is required.
03-19 23:51:20.053 I/System.out(  375): Reached before Activity act
03-19 23:51:20.561 I/System.out(  375): Reached before getRootWindows
03-19 23:51:20.561 D/edu.umd.cs.guitar(  375): getRootWindows: rohan.makes.intents.D_Activity@43e99478
03-19 23:51:20.561 I/System.out(  375): Reached after getRootWindows
03-19 23:51:20.572 I/System.out(  375): WHAT THE HECK IS JSON!?!?!?!?!
03-19 23:51:20.572 I/System.out(  375): Inside of the try, beginning
03-19 23:51:20.572 I/System.out(  375): Inside of the try, the end
03-19 23:51:20.583 I/System.out(  375): At the end of the function
03-19 23:51:20.593 D/edu.umd.cs.guitar(  375): socket close
03-19 23:51:20.593 I/global  (  375): Default buffer size used in BufferedReader constructor. It would be better to be explicit if an 8k-char buffer is required.
03-19 23:51:20.733 D/dalvikvm(  375): GC_FOR_MALLOC freed 2761 objects / 531664 bytes in 110ms
03-19 23:51:20.733 I/global  (  375): Default buffer size used in BufferedWriter constructor. It would be better to be explicit if an 8k-char buffer is required.
03-19 23:51:21.271 D/edu.umd.cs.guitar(  375): click: Call Activity D3
03-19 23:51:23.342 I/ActivityManager(   82): Starting activity: Intent { cmp=rohan.makes.intents/.D3_Activity }
03-19 23:51:23.812 I/ActivityManager(   82): Displayed activity rohan.makes.intents/.D3_Activity: 348 ms (total 348 ms)
03-19 23:51:24.031 D/edu.umd.cs.guitar(  375): socket close
03-19 23:51:24.033 I/global  (  375): Default buffer size used in BufferedReader constructor. It would be better to be explicit if an 8k-char buffer is required.
03-19 23:51:24.033 I/global  (  375): Default buffer size used in BufferedWriter constructor. It would be better to be explicit if an 8k-char buffer is required.
03-19 23:51:24.561 D/edu.umd.cs.guitar(  375): getContainer: android.widget.FrameLayout@43ec17f0
03-19 23:51:24.582 D/edu.umd.cs.guitar(  375): socket close
03-19 23:51:24.582 I/global  (  375): Default buffer size used in BufferedReader constructor. It would be better to be explicit if an 8k-char buffer is required.
03-19 23:51:24.582 I/global  (  375): Default buffer size used in BufferedWriter constructor. It would be better to be explicit if an 8k-char buffer is required.
03-19 23:51:25.111 D/edu.umd.cs.guitar(  375): getContainer: android.widget.FrameLayout@43ec17f0
03-19 23:51:25.143 D/edu.umd.cs.guitar(  375): socket close
03-19 23:51:25.143 I/global  (  375): Default buffer size used in BufferedReader constructor. It would be better to be explicit if an 8k-char buffer is required.
03-19 23:51:25.143 I/global  (  375): Default buffer size used in BufferedWriter constructor. It would be better to be explicit if an 8k-char buffer is required.
03-19 23:51:25.163 D/edu.umd.cs.guitar(  375): not scrollable
03-19 23:51:25.183 D/edu.umd.cs.guitar(  375): getChildren: android.widget.FrameLayout@43ec17f0
03-19 23:51:25.183 D/edu.umd.cs.guitar(  375): not scrollable
03-19 23:51:25.183 D/edu.umd.cs.guitar(  375): child: android.widget.LinearLayout@43e32358
03-19 23:51:25.212 D/edu.umd.cs.guitar(  375): socket close
03-19 23:51:25.212 I/global  (  375): Default buffer size used in BufferedReader constructor. It would be better to be explicit if an 8k-char buffer is required.
03-19 23:51:25.212 I/global  (  375): Default buffer size used in BufferedWriter constructor. It would be better to be explicit if an 8k-char buffer is required.
03-19 23:51:25.232 D/edu.umd.cs.guitar(  375): not scrollable
03-19 23:51:25.232 D/edu.umd.cs.guitar(  375): getChildren: android.widget.LinearLayout@43e32358
03-19 23:51:25.232 D/edu.umd.cs.guitar(  375): not scrollable
03-19 23:51:25.252 D/edu.umd.cs.guitar(  375): child: android.widget.TextView@43e32568
03-19 23:51:25.282 D/edu.umd.cs.guitar(  375): socket close
03-19 23:51:25.296 I/global  (  375): Default buffer size used in BufferedReader constructor. It would be better to be explicit if an 8k-char buffer is required.
03-19 23:51:25.296 I/global  (  375): Default buffer size used in BufferedWriter constructor. It would be better to be explicit if an 8k-char buffer is required.
03-19 23:51:25.823 W/KeyCharacterMap(  375): No keyboard for id 0
03-19 23:51:25.832 W/KeyCharacterMap(  375): Using default keymap: /system/usr/keychars/qwerty.kcm.bin
03-19 23:51:26.412 D/edu.umd.cs.guitar(  375): socket close
03-19 23:51:26.433 I/global  (  375): Default buffer size used in BufferedReader constructor. It would be better to be explicit if an 8k-char buffer is required.
03-19 23:51:26.433 I/global  (  375): Default buffer size used in BufferedWriter constructor. It would be better to be explicit if an 8k-char buffer is required.
03-19 23:51:26.452 I/System.out(  375): Reached before Activity act
03-19 23:51:26.961 I/System.out(  375): Reached before getRootWindows
03-19 23:51:26.961 D/edu.umd.cs.guitar(  375): getRootWindows: rohan.makes.intents.D_Activity@43e99478
03-19 23:51:26.971 I/System.out(  375): Reached after getRootWindows
03-19 23:51:26.972 I/System.out(  375): WHAT THE HECK IS JSON!?!?!?!?!
03-19 23:51:26.972 I/System.out(  375): Inside of the try, beginning
03-19 23:51:26.972 I/System.out(  375): Inside of the try, the end
03-19 23:51:26.983 I/System.out(  375): At the end of the function
03-19 23:51:27.002 D/edu.umd.cs.guitar(  375): socket close
03-19 23:51:27.013 I/global  (  375): Default buffer size used in BufferedReader constructor. It would be better to be explicit if an 8k-char buffer is required.
03-19 23:51:27.013 I/global  (  375): Default buffer size used in BufferedWriter constructor. It would be better to be explicit if an 8k-char buffer is required.
03-19 23:51:27.541 D/edu.umd.cs.guitar(  375): click: Call Activity D1
03-19 23:51:29.717 D/dalvikvm(  375): GC_FOR_MALLOC freed 2914 objects / 495680 bytes in 128ms
03-19 23:51:29.763 I/ActivityManager(   82): Starting activity: Intent { cmp=rohan.makes.intents/.D1_Activity }
03-19 23:51:30.167 I/ActivityManager(   82): Displayed activity rohan.makes.intents/.D1_Activity: 339 ms (total 339 ms)
03-19 23:51:30.452 D/edu.umd.cs.guitar(  375): socket close
03-19 23:51:30.452 I/global  (  375): Default buffer size used in BufferedReader constructor. It would be better to be explicit if an 8k-char buffer is required.
03-19 23:51:30.470 I/global  (  375): Default buffer size used in BufferedWriter constructor. It would be better to be explicit if an 8k-char buffer is required.
03-19 23:51:30.980 D/edu.umd.cs.guitar(  375): getContainer: android.widget.FrameLayout@43f22c88
03-19 23:51:31.003 D/edu.umd.cs.guitar(  375): socket close
03-19 23:51:31.003 I/global  (  375): Default buffer size used in BufferedReader constructor. It would be better to be explicit if an 8k-char buffer is required.
03-19 23:51:31.003 I/global  (  375): Default buffer size used in BufferedWriter constructor. It would be better to be explicit if an 8k-char buffer is required.
03-19 23:51:31.520 D/edu.umd.cs.guitar(  375): getContainer: android.widget.FrameLayout@43f22c88
03-19 23:51:31.543 D/edu.umd.cs.guitar(  375): socket close
03-19 23:51:31.560 I/global  (  375): Default buffer size used in BufferedReader constructor. It would be better to be explicit if an 8k-char buffer is required.
03-19 23:51:31.585 I/global  (  375): Default buffer size used in BufferedWriter constructor. It would be better to be explicit if an 8k-char buffer is required.
03-19 23:51:31.585 D/edu.umd.cs.guitar(  375): not scrollable
03-19 23:51:31.592 D/edu.umd.cs.guitar(  375): getChildren: android.widget.FrameLayout@43f22c88
03-19 23:51:31.592 D/edu.umd.cs.guitar(  375): not scrollable
03-19 23:51:31.592 D/edu.umd.cs.guitar(  375): child: android.widget.LinearLayout@43f22dd8
03-19 23:51:31.640 D/edu.umd.cs.guitar(  375): socket close
03-19 23:51:31.640 I/global  (  375): Default buffer size used in BufferedReader constructor. It would be better to be explicit if an 8k-char buffer is required.
03-19 23:51:31.644 I/global  (  375): Default buffer size used in BufferedWriter constructor. It would be better to be explicit if an 8k-char buffer is required.
03-19 23:51:31.662 D/edu.umd.cs.guitar(  375): not scrollable
03-19 23:51:31.662 D/edu.umd.cs.guitar(  375): getChildren: android.widget.LinearLayout@43f22dd8
03-19 23:51:31.662 D/edu.umd.cs.guitar(  375): not scrollable
03-19 23:51:31.662 D/edu.umd.cs.guitar(  375): child: android.widget.TextView@43e9acd8
03-19 23:51:31.693 D/edu.umd.cs.guitar(  375): socket close
03-19 23:51:31.693 I/global  (  375): Default buffer size used in BufferedReader constructor. It would be better to be explicit if an 8k-char buffer is required.
03-19 23:51:31.693 I/global  (  375): Default buffer size used in BufferedWriter constructor. It would be better to be explicit if an 8k-char buffer is required.
03-19 23:51:32.232 W/KeyCharacterMap(  375): No keyboard for id 0
03-19 23:51:32.232 W/KeyCharacterMap(  375): Using default keymap: /system/usr/keychars/qwerty.kcm.bin
03-19 23:51:32.822 D/edu.umd.cs.guitar(  375): socket close
03-19 23:51:32.836 I/global  (  375): Default buffer size used in BufferedReader constructor. It would be better to be explicit if an 8k-char buffer is required.
03-19 23:51:32.842 I/global  (  375): Default buffer size used in BufferedWriter constructor. It would be better to be explicit if an 8k-char buffer is required.
03-19 23:51:33.932 D/edu.umd.cs.guitar(  375): socket close
03-19 23:51:33.942 I/global  (  375): Default buffer size used in BufferedReader constructor. It would be better to be explicit if an 8k-char buffer is required.
03-19 23:51:33.956 I/global  (  375): Default buffer size used in BufferedWriter constructor. It would be better to be explicit if an 8k-char buffer is required.
03-19 23:51:34.002 I/System.out(  375): EMMA: runtime coverage data written to [/data/data/rohan.makes.intents/files/coverage.ec] {in 27 ms}
03-19 23:51:34.013 I/ActivityManager(   82): Force stopping package rohan.makes.intents uid=10036
03-19 23:51:34.013 I/Process (   82): Sending signal. PID: 375 SIG: 9
03-19 23:51:34.123 I/WindowManager(   82): WIN DEATH: Window{43e8e6b8 rohan.makes.intents/rohan.makes.intents.LotsoIntents16ActivitiesActivity paused=false}
03-19 23:51:34.142 I/UsageStats(   82): Unexpected resume of com.android.launcher while already resumed in rohan.makes.intents
03-19 23:51:34.175 W/InputManagerService(   82): Got RemoteException sending setActive(false) notification to pid 375 uid 10036
03-19 23:51:49.384 D/AndroidRuntime(  392): 
03-19 23:51:49.384 D/AndroidRuntime(  392): >>>>>>>>>>>>>> AndroidRuntime START <<<<<<<<<<<<<<
03-19 23:51:49.384 D/AndroidRuntime(  392): CheckJNI is ON
03-19 23:51:49.522 D/AndroidRuntime(  392): --- registering native functions ---
03-19 23:51:50.083 D/AndroidRuntime(  392): Shutting down VM
03-19 23:51:50.083 D/jdwp    (  392): adbd disconnected
03-19 23:51:50.142 I/ActivityManager(   82): Force stopping package rohan.makes.intents uid=10036
03-19 23:51:50.173 I/ActivityManager(   82): Start proc rohan.makes.intents for added application rohan.makes.intents: pid=400 uid=10036 gids={3003}
03-19 23:51:50.184 I/dalvikvm(  392): JNI: AttachCurrentThread (from ???.???)
03-19 23:51:50.184 I/AndroidRuntime(  392): NOTE: attach of thread 'Binder Thread #3' failed
03-19 23:51:50.673 I/System.out(  400): EMMA: collecting runtime coverage data ...
03-19 23:51:50.743 D/dalvikvm(  400): GC_FOR_MALLOC freed 4399 objects / 344880 bytes in 65ms
03-19 23:51:50.743 I/System.out(  400): AUTInstrument => in onStart(), before 'Activity act = startActivitySync(aut);'
03-19 23:51:50.752 I/ActivityManager(   82): Starting activity: Intent { flg=0x10000000 cmp=rohan.makes.intents/.LotsoIntents16ActivitiesActivity }
03-19 23:51:51.224 I/ActivityManager(   82): Displayed activity rohan.makes.intents/.LotsoIntents16ActivitiesActivity: 459 ms (total 459 ms)
03-19 23:51:51.282 I/System.out(  400): AUTInstrument => in onStart(), after 'Activity act = startActivitySync(aut);'
03-19 23:51:51.302 I/edu.umd.cs.guitar(  400): rohan.makes.intents.LotsoIntents16ActivitiesActivity
03-19 23:51:53.208 I/global  (  400): Default buffer size used in BufferedReader constructor. It would be better to be explicit if an 8k-char buffer is required.
03-19 23:51:53.212 I/global  (  400): Default buffer size used in BufferedWriter constructor. It would be better to be explicit if an 8k-char buffer is required.
03-19 23:51:53.212 D/edu.umd.cs.guitar(  400): socket close
03-19 23:51:56.364 D/dalvikvm(  207): GC_EXPLICIT freed 4528 objects / 195792 bytes in 84ms
03-19 23:52:00.123 D/dalvikvm(   82): GC_FOR_MALLOC freed 13022 objects / 622296 bytes in 105ms
03-19 23:52:00.755 D/AndroidRuntime(  416): 
03-19 23:52:00.755 D/AndroidRuntime(  416): >>>>>>>>>>>>>> AndroidRuntime START <<<<<<<<<<<<<<
03-19 23:52:00.763 D/AndroidRuntime(  416): CheckJNI is ON
03-19 23:52:00.993 D/AndroidRuntime(  416): --- registering native functions ---
03-19 23:52:01.582 D/AndroidRuntime(  416): Shutting down VM
03-19 23:52:01.593 D/jdwp    (  416): adbd disconnected
03-19 23:52:01.612 I/AndroidRuntime(  416): NOTE: attach of thread 'Binder Thread #3' failed
03-19 23:52:01.632 I/ActivityManager(   82): Force stopping package rohan.makes.intents uid=10036
03-19 23:52:01.643 W/ActivityManager(   82): Crash of app rohan.makes.intents running instrumentation ComponentInfo{edu.umd.cs.guitar/edu.umd.cs.guitar.AUTInstrument}
03-19 23:52:01.643 I/ActivityManager(   82): Force stopping package rohan.makes.intents uid=10036
03-19 23:52:01.672 I/UsageStats(   82): Unexpected resume of com.android.launcher while already resumed in rohan.makes.intents
03-19 23:52:01.672 I/Process (   82): Sending signal. PID: 400 SIG: 9
03-19 23:52:01.693 I/WindowManager(   82): WIN DEATH: Window{43fbd678 rohan.makes.intents/rohan.makes.intents.LotsoIntents16ActivitiesActivity paused=false}
03-19 23:52:01.722 I/ActivityManager(   82): Start proc rohan.makes.intents for added application rohan.makes.intents: pid=424 uid=10036 gids={3003}
03-19 23:52:01.852 W/InputManagerService(   82): Got RemoteException sending setActive(false) notification to pid 400 uid 10036
03-19 23:52:02.352 I/System.out(  424): EMMA: collecting runtime coverage data ...
03-19 23:52:02.423 D/dalvikvm(  424): GC_FOR_MALLOC freed 4426 objects / 345920 bytes in 69ms
03-19 23:52:02.423 I/System.out(  424): AUTInstrument => in onStart(), before 'Activity act = startActivitySync(aut);'
03-19 23:52:02.442 I/ActivityManager(   82): Starting activity: Intent { flg=0x10000000 cmp=rohan.makes.intents/.LotsoIntents16ActivitiesActivity }
03-19 23:52:02.933 I/ActivityManager(   82): Displayed activity rohan.makes.intents/.LotsoIntents16ActivitiesActivity: 481 ms (total 481 ms)
03-19 23:52:03.022 I/System.out(  424): AUTInstrument => in onStart(), after 'Activity act = startActivitySync(aut);'
03-19 23:52:03.045 I/edu.umd.cs.guitar(  424): rohan.makes.intents.LotsoIntents16ActivitiesActivity
03-19 23:52:04.772 I/global  (  424): Default buffer size used in BufferedReader constructor. It would be better to be explicit if an 8k-char buffer is required.
03-19 23:52:04.772 I/global  (  424): Default buffer size used in BufferedWriter constructor. It would be better to be explicit if an 8k-char buffer is required.
03-19 23:52:04.783 D/edu.umd.cs.guitar(  424): socket close
03-19 23:52:08.083 D/dalvikvm(  367): GC_EXPLICIT freed 796 objects / 56504 bytes in 67ms

